#
# There is insufficient memory for the Java Runtime Environment to continue.
# Native memory allocation (malloc) failed to allocate 1063056 bytes for Chunk::new
# Possible reasons:
#   The system is out of physical RAM or swap space
#   The process is running with CompressedOops enabled, and the Java Heap may be blocking the growth of the native heap
# Possible solutions:
#   Reduce memory load on the system
#   Increase physical memory or swap space
#   Check if swap backing store is full
#   Decrease Java heap size (-Xmx/-Xms)
#   Decrease number of Java threads
#   Decrease Java thread stack sizes (-Xss)
#   Set larger code cache with -XX:ReservedCodeCacheSize=
#   JVM is running with Zero Based Compressed Oops mode in which the Java heap is
#     placed in the first 32GB address space. The Java Heap base address is the
#     maximum limit for the native heap growth. Please use -XX:HeapBaseMinAddress
#     to set the Java Heap base and to place the Java Heap above 32GB virtual address.
# This output file may be truncated or incomplete.
#
#  Out of Memory Error (arena.cpp:189), pid=35188, tid=26496
#
# JRE version: Java(TM) SE Runtime Environment (17.0.11+7) (build 17.0.11+7-LTS-207)
# Java VM: Java HotSpot(TM) 64-Bit Server VM (17.0.11+7-LTS-207, mixed mode, sharing, tiered, compressed oops, compressed class ptrs, g1 gc, windows-amd64)
# No core dump will be written. Minidumps are not enabled by default on client versions of Windows
#

---------------  S U M M A R Y ------------

Command Line: -javaagent:C:\IntelliJ IDEA 2026.1.1\lib\idea_rt.jar=49485 -Dfile.encoding=UTF-8 com.runner.TestRunner

Host: 13th Gen Intel(R) Core(TM) i5-13420H, 12 cores, 15G,  Windows 11 , 64 bit Build 26100 (10.0.26100.8246)
Time: Fri May  8 20:13:56 2026 India Standard Time elapsed time: 7.250181 seconds (0d 0h 0m 7s)

---------------  T H R E A D  ---------------

Current thread (0x000001a15766bb10):  JavaThread "C2 CompilerThread0" daemon [_thread_in_native, id=26496, stack(0x0000005f3dc00000,0x0000005f3dd00000)]


Current CompileTask:
C2:   7250 1723       4       java.lang.invoke.MethodType::makeImpl (109 bytes)

Stack: [0x0000005f3dc00000,0x0000005f3dd00000]
Native frames: (J=compiled Java code, j=interpreted, Vv=VM code, C=native code)
V  [jvm.dll+0x679cca]
V  [jvm.dll+0x7da13d]
V  [jvm.dll+0x7dba83]
V  [jvm.dll+0x7dc0f3]
V  [jvm.dll+0x2449af]
V  [jvm.dll+0xab83b]
V  [jvm.dll+0xabe1c]
V  [jvm.dll+0x3615ae]
V  [jvm.dll+0x1b9dda]
V  [jvm.dll+0x216337]
V  [jvm.dll+0x21560f]
V  [jvm.dll+0x1a2040]
V  [jvm.dll+0x225a2b]
V  [jvm.dll+0x223bcb]
V  [jvm.dll+0x7903ec]
V  [jvm.dll+0x78a85a]
V  [jvm.dll+0x678bb5]
C  [ucrtbase.dll+0x37b0]
C  [KERNEL32.DLL+0x2e8d7]
C  [ntdll.dll+0x8c3fc]


---------------  P R O C E S S  ---------------

Threads class SMR info:
_java_thread_list=0x000001a19ea85eb0, length=29, elements={
0x000001a134e34250, 0x000001a157643c60, 0x000001a157646830, 0x000001a157660440,
0x000001a157662e10, 0x000001a157664340, 0x000001a157665870, 0x000001a15766bb10,
0x000001a1576756a0, 0x000001a1576815b0, 0x000001a1576308a0, 0x000001a19e0fc5a0,
0x000001a19e0d2060, 0x000001a19e3d9d60, 0x000001a19e35b0a0, 0x000001a19e62df60,
0x000001a19e664e30, 0x000001a19e7995c0, 0x000001a19e798690, 0x000001a19ea5ccd0,
0x000001a19ea5d1e0, 0x000001a19ea5d6f0, 0x000001a19ea5e620, 0x000001a19ea5eb30,
0x000001a19ea5b380, 0x000001a19ea5dc00, 0x000001a19ea5f040, 0x000001a19ea5b890,
0x000001a19f13b830
}
_to_delete_list=0x000001a1993cd800
Skipping _to_delete_list fields and contents for safety.

Java Threads: ( => current thread )
  0x000001a134e34250 JavaThread "Forwarding newSession on session null to remote" [_thread_in_Java, id=37020, stack(0x0000005f3ce00000,0x0000005f3cf00000)]
  0x000001a157643c60 JavaThread "Reference Handler" daemon [_thread_blocked, id=12048, stack(0x0000005f3d600000,0x0000005f3d700000)]
  0x000001a157646830 JavaThread "Finalizer" daemon [_thread_blocked, id=1532, stack(0x0000005f3d700000,0x0000005f3d800000)]
  0x000001a157660440 JavaThread "Signal Dispatcher" daemon [_thread_blocked, id=3492, stack(0x0000005f3d800000,0x0000005f3d900000)]
  0x000001a157662e10 JavaThread "Attach Listener" daemon [_thread_blocked, id=35232, stack(0x0000005f3d900000,0x0000005f3da00000)]
  0x000001a157664340 JavaThread "Service Thread" daemon [_thread_blocked, id=4752, stack(0x0000005f3da00000,0x0000005f3db00000)]
  0x000001a157665870 JavaThread "Monitor Deflation Thread" daemon [_thread_blocked, id=4056, stack(0x0000005f3db00000,0x0000005f3dc00000)]
=>0x000001a15766bb10 JavaThread "C2 CompilerThread0" daemon [_thread_in_native, id=26496, stack(0x0000005f3dc00000,0x0000005f3dd00000)]
  0x000001a1576756a0 JavaThread "C1 CompilerThread0" daemon [_thread_blocked, id=21660, stack(0x0000005f3dd00000,0x0000005f3de00000)]
  0x000001a1576815b0 JavaThread "Sweeper thread" daemon [_thread_blocked, id=38332, stack(0x0000005f3de00000,0x0000005f3df00000)]
  0x000001a1576308a0 JavaThread "Common-Cleaner" daemon [_thread_blocked, id=19796, stack(0x0000005f3df00000,0x0000005f3e000000)]
  0x000001a19e0fc5a0 JavaThread "Monitor Ctrl-Break" daemon [_thread_in_native, id=14680, stack(0x0000005f3e100000,0x0000005f3e200000)]
  0x000001a19e0d2060 JavaThread "Notification Thread" daemon [_thread_blocked, id=27132, stack(0x0000005f3e200000,0x0000005f3e300000)]
  0x000001a19e3d9d60 JavaThread "RMI TCP Accept-0" daemon [_thread_in_native, id=17660, stack(0x0000005f3e000000,0x0000005f3e100000)]
  0x000001a19e35b0a0 JavaThread "RMI TCP Connection(1)-192.168.29.81" daemon [_thread_in_native, id=6060, stack(0x0000005f3e500000,0x0000005f3e600000)]
  0x000001a19e62df60 JavaThread "RMI Scheduler(0)" daemon [_thread_blocked, id=21412, stack(0x0000005f3e600000,0x0000005f3e700000)]
  0x000001a19e664e30 JavaThread "JMX server connection timeout 22" daemon [_thread_blocked, id=5208, stack(0x0000005f3e700000,0x0000005f3e800000)]
  0x000001a19e7995c0 JavaThread "ForkJoinPool.commonPool-worker-1" daemon [_thread_blocked, id=25168, stack(0x0000005f3e400000,0x0000005f3e500000)]
  0x000001a19e798690 JavaThread "HttpClient-1-SelectorManager" daemon [_thread_in_native, id=3200, stack(0x0000005f3e800000,0x0000005f3e900000)]
  0x000001a19ea5ccd0 JavaThread "External Process Output Forwarder - C:\Users\EG\.cache\selenium\chromedriver\win64\147.0.7727.117\chromedriver.exe" daemon [_thread_in_native, id=28916, stack(0x0000005f3f300000,0x0000005f3f400000)]
  0x000001a19ea5d1e0 JavaThread "Driver Service Executor" daemon [_thread_blocked, id=22196, stack(0x0000005f3f400000,0x0000005f3f500000)]
  0x000001a19ea5d6f0 JavaThread "Driver Service Executor" daemon [_thread_in_native, id=28608, stack(0x0000005f3f500000,0x0000005f3f600000)]
  0x000001a19ea5e620 JavaThread "UrlChecker-2" daemon [_thread_blocked, id=13848, stack(0x0000005f3f600000,0x0000005f3f700000)]
  0x000001a19ea5eb30 JavaThread "JdkHttpClient-0-0" daemon [_thread_blocked, id=26316, stack(0x0000005f3f900000,0x0000005f3fa00000)]
  0x000001a19ea5b380 JavaThread "CompletableFutureDelayScheduler" daemon [_thread_blocked, id=23496, stack(0x0000005f3fa00000,0x0000005f3fb00000)]
  0x000001a19ea5dc00 JavaThread "JdkHttpClient-0-1" daemon [_thread_blocked, id=22056, stack(0x0000005f3fb00000,0x0000005f3fc00000)]
  0x000001a19ea5f040 JavaThread "JdkHttpClient-0-2" daemon [_thread_blocked, id=380, stack(0x0000005f3fc00000,0x0000005f3fd00000)]
  0x000001a19ea5b890 JavaThread "JdkHttpClient-0-3" daemon [_thread_blocked, id=37116, stack(0x0000005f3fd00000,0x0000005f3fe00000)]
  0x000001a19f13b830 JavaThread "C2 CompilerThread1" daemon [_thread_in_native, id=27776, stack(0x0000005f3fe00000,0x0000005f3ff00000)]

Other Threads:
  0x000001a15763e640 VMThread "VM Thread" [stack: 0x0000005f3d500000,0x0000005f3d600000] [id=9336]
  0x000001a134eb6920 WatcherThread [stack: 0x0000005f3e300000,0x0000005f3e400000] [id=8456]
  0x000001a134e9cd40 GCTaskThread "GC Thread#0" [stack: 0x0000005f3d000000,0x0000005f3d100000] [id=33660]
  0x000001a19ecb9020 GCTaskThread "GC Thread#1" [stack: 0x0000005f3e900000,0x0000005f3ea00000] [id=3364]
  0x000001a19ecb92e0 GCTaskThread "GC Thread#2" [stack: 0x0000005f3ea00000,0x0000005f3eb00000] [id=25084]
  0x000001a19ecb95a0 GCTaskThread "GC Thread#3" [stack: 0x0000005f3eb00000,0x0000005f3ec00000] [id=11208]
  0x000001a19ecb9860 GCTaskThread "GC Thread#4" [stack: 0x0000005f3ec00000,0x0000005f3ed00000] [id=29188]
  0x000001a19e9ad070 GCTaskThread "GC Thread#5" [stack: 0x0000005f3ed00000,0x0000005f3ee00000] [id=17036]
  0x000001a19ea2a760 GCTaskThread "GC Thread#6" [stack: 0x0000005f3ee00000,0x0000005f3ef00000] [id=14872]
  0x000001a19ea2aa20 GCTaskThread "GC Thread#7" [stack: 0x0000005f3ef00000,0x0000005f3f000000] [id=29592]
  0x000001a19ea2ace0 GCTaskThread "GC Thread#8" [stack: 0x0000005f3f000000,0x0000005f3f100000] [id=17156]
  0x000001a19ea2afa0 GCTaskThread "GC Thread#9" [stack: 0x0000005f3f100000,0x0000005f3f200000] [id=33260]
  0x000001a134ead7e0 ConcurrentGCThread "G1 Main Marker" [stack: 0x0000005f3d100000,0x0000005f3d200000] [id=32468]
  0x000001a134eaf0a0 ConcurrentGCThread "G1 Conc#0" [stack: 0x0000005f3d200000,0x0000005f3d300000] [id=37080]
  0x000001a134ebec60 ConcurrentGCThread "G1 Refine#0" [stack: 0x0000005f3d300000,0x0000005f3d400000] [id=21820]
  0x000001a19e9adb50 ConcurrentGCThread "G1 Refine#1" [stack: 0x0000005f3f200000,0x0000005f3f300000] [id=36480]
  0x000001a1575753a0 ConcurrentGCThread "G1 Service" [stack: 0x0000005f3d400000,0x0000005f3d500000] [id=37868]

Threads with active compile tasks:
C2 CompilerThread0     9306 1723       4       java.lang.invoke.MethodType::makeImpl (109 bytes)
C2 CompilerThread1     9306 1757   !   4       java.util.concurrent.ConcurrentHashMap::transfer (849 bytes)

VM state: not at safepoint (normal execution)

VM Mutex/Monitor currently owned by a thread:  ([mutex/lock_event])
[0x000001a134e2f480] Threads_lock - owner thread: 0x000001a19ea5e110

Heap address: 0x0000000704a00000, size: 4022 MB, Compressed Oops mode: Zero based, Oop shift amount: 3

CDS archive(s) mapped at: [0x000001a158000000-0x000001a158bd0000-0x000001a158bd0000), size 12386304, SharedBaseAddress: 0x000001a158000000, ArchiveRelocationMode: 1.
Compressed class space mapped at: 0x000001a159000000-0x000001a199000000, reserved size: 1073741824
Narrow klass base: 0x000001a158000000, Narrow klass shift: 0, Narrow klass range: 0x100000000

GC Precious Log:
 CPUs: 12 total, 12 available
 Memory: 16087M
 Large Page Support: Disabled
 NUMA Support: Disabled
 Compressed Oops: Enabled (Zero based)
 Heap Region Size: 2M
 Heap Min Capacity: 8M
 Heap Initial Capacity: 252M
 Heap Max Capacity: 4022M
 Pre-touch: Disabled
 Parallel Workers: 10
 Concurrent Workers: 3
 Concurrent Refinement Workers: 10
 Periodic GC: Disabled

Heap:
 garbage-first heap   total 258048K, used 22403K [0x0000000704a00000, 0x0000000800000000)
  region size 2048K, 10 young (20480K), 2 survivors (4096K)
 Metaspace       used 14645K, committed 14976K, reserved 1114112K
  class space    used 1763K, committed 1920K, reserved 1048576K

Heap Regions: E=young(eden), S=young(survivor), O=old, HS=humongous(starts), HC=humongous(continues), CS=collection set, F=free, OA=open archive, CA=closed archive, TAMS=top-at-mark-start (previous, next)
|   0|0x0000000704a00000, 0x0000000704c00000, 0x0000000704c00000|100%| O|  |TAMS 0x0000000704a00000, 0x0000000704a00000| Untracked 
|   1|0x0000000704c00000, 0x0000000704de0e00, 0x0000000704e00000| 93%| O|  |TAMS 0x0000000704c00000, 0x0000000704c00000| Untracked 
|   2|0x0000000704e00000, 0x0000000704e00000, 0x0000000705000000|  0%| F|  |TAMS 0x0000000704e00000, 0x0000000704e00000| Untracked 
|   3|0x0000000705000000, 0x0000000705000000, 0x0000000705200000|  0%| F|  |TAMS 0x0000000705000000, 0x0000000705000000| Untracked 
|   4|0x0000000705200000, 0x0000000705200000, 0x0000000705400000|  0%| F|  |TAMS 0x0000000705200000, 0x0000000705200000| Untracked 
|   5|0x0000000705400000, 0x0000000705400000, 0x0000000705600000|  0%| F|  |TAMS 0x0000000705400000, 0x0000000705400000| Untracked 
|   6|0x0000000705600000, 0x0000000705600000, 0x0000000705800000|  0%| F|  |TAMS 0x0000000705600000, 0x0000000705600000| Untracked 
|   7|0x0000000705800000, 0x0000000705800000, 0x0000000705a00000|  0%| F|  |TAMS 0x0000000705800000, 0x0000000705800000| Untracked 
|   8|0x0000000705a00000, 0x0000000705a00000, 0x0000000705c00000|  0%| F|  |TAMS 0x0000000705a00000, 0x0000000705a00000| Untracked 
|   9|0x0000000705c00000, 0x0000000705c00000, 0x0000000705e00000|  0%| F|  |TAMS 0x0000000705c00000, 0x0000000705c00000| Untracked 
|  10|0x0000000705e00000, 0x0000000705e00000, 0x0000000706000000|  0%| F|  |TAMS 0x0000000705e00000, 0x0000000705e00000| Untracked 
|  11|0x0000000706000000, 0x0000000706000000, 0x0000000706200000|  0%| F|  |TAMS 0x0000000706000000, 0x0000000706000000| Untracked 
|  12|0x0000000706200000, 0x0000000706200000, 0x0000000706400000|  0%| F|  |TAMS 0x0000000706200000, 0x0000000706200000| Untracked 
|  13|0x0000000706400000, 0x0000000706400000, 0x0000000706600000|  0%| F|  |TAMS 0x0000000706400000, 0x0000000706400000| Untracked 
|  14|0x0000000706600000, 0x0000000706600000, 0x0000000706800000|  0%| F|  |TAMS 0x0000000706600000, 0x0000000706600000| Untracked 
|  15|0x0000000706800000, 0x0000000706800000, 0x0000000706a00000|  0%| F|  |TAMS 0x0000000706800000, 0x0000000706800000| Untracked 
|  16|0x0000000706a00000, 0x0000000706a00000, 0x0000000706c00000|  0%| F|  |TAMS 0x0000000706a00000, 0x0000000706a00000| Untracked 
|  17|0x0000000706c00000, 0x0000000706c00000, 0x0000000706e00000|  0%| F|  |TAMS 0x0000000706c00000, 0x0000000706c00000| Untracked 
|  18|0x0000000706e00000, 0x0000000706e00000, 0x0000000707000000|  0%| F|  |TAMS 0x0000000706e00000, 0x0000000706e00000| Untracked 
|  19|0x0000000707000000, 0x0000000707000000, 0x0000000707200000|  0%| F|  |TAMS 0x0000000707000000, 0x0000000707000000| Untracked 
|  20|0x0000000707200000, 0x0000000707200000, 0x0000000707400000|  0%| F|  |TAMS 0x0000000707200000, 0x0000000707200000| Untracked 
|  21|0x0000000707400000, 0x0000000707400000, 0x0000000707600000|  0%| F|  |TAMS 0x0000000707400000, 0x0000000707400000| Untracked 
|  22|0x0000000707600000, 0x0000000707600000, 0x0000000707800000|  0%| F|  |TAMS 0x0000000707600000, 0x0000000707600000| Untracked 
|  23|0x0000000707800000, 0x0000000707800000, 0x0000000707a00000|  0%| F|  |TAMS 0x0000000707800000, 0x0000000707800000| Untracked 
|  24|0x0000000707a00000, 0x0000000707a00000, 0x0000000707c00000|  0%| F|  |TAMS 0x0000000707a00000, 0x0000000707a00000| Untracked 
|  25|0x0000000707c00000, 0x0000000707c00000, 0x0000000707e00000|  0%| F|  |TAMS 0x0000000707c00000, 0x0000000707c00000| Untracked 
|  26|0x0000000707e00000, 0x0000000707e00000, 0x0000000708000000|  0%| F|  |TAMS 0x0000000707e00000, 0x0000000707e00000| Untracked 
|  27|0x0000000708000000, 0x0000000708000000, 0x0000000708200000|  0%| F|  |TAMS 0x0000000708000000, 0x0000000708000000| Untracked 
|  28|0x0000000708200000, 0x0000000708200000, 0x0000000708400000|  0%| F|  |TAMS 0x0000000708200000, 0x0000000708200000| Untracked 
|  29|0x0000000708400000, 0x0000000708400000, 0x0000000708600000|  0%| F|  |TAMS 0x0000000708400000, 0x0000000708400000| Untracked 
|  30|0x0000000708600000, 0x0000000708600000, 0x0000000708800000|  0%| F|  |TAMS 0x0000000708600000, 0x0000000708600000| Untracked 
|  31|0x0000000708800000, 0x0000000708800000, 0x0000000708a00000|  0%| F|  |TAMS 0x0000000708800000, 0x0000000708800000| Untracked 
|  32|0x0000000708a00000, 0x0000000708a00000, 0x0000000708c00000|  0%| F|  |TAMS 0x0000000708a00000, 0x0000000708a00000| Untracked 
|  33|0x0000000708c00000, 0x0000000708c00000, 0x0000000708e00000|  0%| F|  |TAMS 0x0000000708c00000, 0x0000000708c00000| Untracked 
|  34|0x0000000708e00000, 0x0000000708e00000, 0x0000000709000000|  0%| F|  |TAMS 0x0000000708e00000, 0x0000000708e00000| Untracked 
|  35|0x0000000709000000, 0x0000000709000000, 0x0000000709200000|  0%| F|  |TAMS 0x0000000709000000, 0x0000000709000000| Untracked 
|  36|0x0000000709200000, 0x0000000709200000, 0x0000000709400000|  0%| F|  |TAMS 0x0000000709200000, 0x0000000709200000| Untracked 
|  37|0x0000000709400000, 0x0000000709400000, 0x0000000709600000|  0%| F|  |TAMS 0x0000000709400000, 0x0000000709400000| Untracked 
|  38|0x0000000709600000, 0x0000000709600000, 0x0000000709800000|  0%| F|  |TAMS 0x0000000709600000, 0x0000000709600000| Untracked 
|  39|0x0000000709800000, 0x0000000709800000, 0x0000000709a00000|  0%| F|  |TAMS 0x0000000709800000, 0x0000000709800000| Untracked 
|  40|0x0000000709a00000, 0x0000000709a00000, 0x0000000709c00000|  0%| F|  |TAMS 0x0000000709a00000, 0x0000000709a00000| Untracked 
|  41|0x0000000709c00000, 0x0000000709c00000, 0x0000000709e00000|  0%| F|  |TAMS 0x0000000709c00000, 0x0000000709c00000| Untracked 
|  42|0x0000000709e00000, 0x0000000709e00000, 0x000000070a000000|  0%| F|  |TAMS 0x0000000709e00000, 0x0000000709e00000| Untracked 
|  43|0x000000070a000000, 0x000000070a000000, 0x000000070a200000|  0%| F|  |TAMS 0x000000070a000000, 0x000000070a000000| Untracked 
|  44|0x000000070a200000, 0x000000070a200000, 0x000000070a400000|  0%| F|  |TAMS 0x000000070a200000, 0x000000070a200000| Untracked 
|  45|0x000000070a400000, 0x000000070a400000, 0x000000070a600000|  0%| F|  |TAMS 0x000000070a400000, 0x000000070a400000| Untracked 
|  46|0x000000070a600000, 0x000000070a600000, 0x000000070a800000|  0%| F|  |TAMS 0x000000070a600000, 0x000000070a600000| Untracked 
|  47|0x000000070a800000, 0x000000070a800000, 0x000000070aa00000|  0%| F|  |TAMS 0x000000070a800000, 0x000000070a800000| Untracked 
|  48|0x000000070aa00000, 0x000000070aa00000, 0x000000070ac00000|  0%| F|  |TAMS 0x000000070aa00000, 0x000000070aa00000| Untracked 
|  49|0x000000070ac00000, 0x000000070ac00000, 0x000000070ae00000|  0%| F|  |TAMS 0x000000070ac00000, 0x000000070ac00000| Untracked 
|  50|0x000000070ae00000, 0x000000070ae00000, 0x000000070b000000|  0%| F|  |TAMS 0x000000070ae00000, 0x000000070ae00000| Untracked 
|  51|0x000000070b000000, 0x000000070b000000, 0x000000070b200000|  0%| F|  |TAMS 0x000000070b000000, 0x000000070b000000| Untracked 
|  52|0x000000070b200000, 0x000000070b200000, 0x000000070b400000|  0%| F|  |TAMS 0x000000070b200000, 0x000000070b200000| Untracked 
|  53|0x000000070b400000, 0x000000070b400000, 0x000000070b600000|  0%| F|  |TAMS 0x000000070b400000, 0x000000070b400000| Untracked 
|  54|0x000000070b600000, 0x000000070b600000, 0x000000070b800000|  0%| F|  |TAMS 0x000000070b600000, 0x000000070b600000| Untracked 
|  55|0x000000070b800000, 0x000000070b800000, 0x000000070ba00000|  0%| F|  |TAMS 0x000000070b800000, 0x000000070b800000| Untracked 
|  56|0x000000070ba00000, 0x000000070ba00000, 0x000000070bc00000|  0%| F|  |TAMS 0x000000070ba00000, 0x000000070ba00000| Untracked 
|  57|0x000000070bc00000, 0x000000070bc00000, 0x000000070be00000|  0%| F|  |TAMS 0x000000070bc00000, 0x000000070bc00000| Untracked 
|  58|0x000000070be00000, 0x000000070be00000, 0x000000070c000000|  0%| F|  |TAMS 0x000000070be00000, 0x000000070be00000| Untracked 
|  59|0x000000070c000000, 0x000000070c000000, 0x000000070c200000|  0%| F|  |TAMS 0x000000070c000000, 0x000000070c000000| Untracked 
|  60|0x000000070c200000, 0x000000070c200000, 0x000000070c400000|  0%| F|  |TAMS 0x000000070c200000, 0x000000070c200000| Untracked 
|  61|0x000000070c400000, 0x000000070c400000, 0x000000070c600000|  0%| F|  |TAMS 0x000000070c400000, 0x000000070c400000| Untracked 
|  62|0x000000070c600000, 0x000000070c600000, 0x000000070c800000|  0%| F|  |TAMS 0x000000070c600000, 0x000000070c600000| Untracked 
|  63|0x000000070c800000, 0x000000070c800000, 0x000000070ca00000|  0%| F|  |TAMS 0x000000070c800000, 0x000000070c800000| Untracked 
|  64|0x000000070ca00000, 0x000000070ca00000, 0x000000070cc00000|  0%| F|  |TAMS 0x000000070ca00000, 0x000000070ca00000| Untracked 
|  65|0x000000070cc00000, 0x000000070cc00000, 0x000000070ce00000|  0%| F|  |TAMS 0x000000070cc00000, 0x000000070cc00000| Untracked 
|  66|0x000000070ce00000, 0x000000070ce00000, 0x000000070d000000|  0%| F|  |TAMS 0x000000070ce00000, 0x000000070ce00000| Untracked 
|  67|0x000000070d000000, 0x000000070d000000, 0x000000070d200000|  0%| F|  |TAMS 0x000000070d000000, 0x000000070d000000| Untracked 
|  68|0x000000070d200000, 0x000000070d200000, 0x000000070d400000|  0%| F|  |TAMS 0x000000070d200000, 0x000000070d200000| Untracked 
|  69|0x000000070d400000, 0x000000070d400000, 0x000000070d600000|  0%| F|  |TAMS 0x000000070d400000, 0x000000070d400000| Untracked 
|  70|0x000000070d600000, 0x000000070d600000, 0x000000070d800000|  0%| F|  |TAMS 0x000000070d600000, 0x000000070d600000| Untracked 
|  71|0x000000070d800000, 0x000000070d800000, 0x000000070da00000|  0%| F|  |TAMS 0x000000070d800000, 0x000000070d800000| Untracked 
|  72|0x000000070da00000, 0x000000070da00000, 0x000000070dc00000|  0%| F|  |TAMS 0x000000070da00000, 0x000000070da00000| Untracked 
|  73|0x000000070dc00000, 0x000000070dc00000, 0x000000070de00000|  0%| F|  |TAMS 0x000000070dc00000, 0x000000070dc00000| Untracked 
|  74|0x000000070de00000, 0x000000070de00000, 0x000000070e000000|  0%| F|  |TAMS 0x000000070de00000, 0x000000070de00000| Untracked 
|  75|0x000000070e000000, 0x000000070e000000, 0x000000070e200000|  0%| F|  |TAMS 0x000000070e000000, 0x000000070e000000| Untracked 
|  76|0x000000070e200000, 0x000000070e200000, 0x000000070e400000|  0%| F|  |TAMS 0x000000070e200000, 0x000000070e200000| Untracked 
|  77|0x000000070e400000, 0x000000070e400000, 0x000000070e600000|  0%| F|  |TAMS 0x000000070e400000, 0x000000070e400000| Untracked 
|  78|0x000000070e600000, 0x000000070e600000, 0x000000070e800000|  0%| F|  |TAMS 0x000000070e600000, 0x000000070e600000| Untracked 
|  79|0x000000070e800000, 0x000000070e800000, 0x000000070ea00000|  0%| F|  |TAMS 0x000000070e800000, 0x000000070e800000| Untracked 
|  80|0x000000070ea00000, 0x000000070ea00000, 0x000000070ec00000|  0%| F|  |TAMS 0x000000070ea00000, 0x000000070ea00000| Untracked 
|  81|0x000000070ec00000, 0x000000070ec00000, 0x000000070ee00000|  0%| F|  |TAMS 0x000000070ec00000, 0x000000070ec00000| Untracked 
|  82|0x000000070ee00000, 0x000000070ee00000, 0x000000070f000000|  0%| F|  |TAMS 0x000000070ee00000, 0x000000070ee00000| Untracked 
|  83|0x000000070f000000, 0x000000070f000000, 0x000000070f200000|  0%| F|  |TAMS 0x000000070f000000, 0x000000070f000000| Untracked 
|  84|0x000000070f200000, 0x000000070f200000, 0x000000070f400000|  0%| F|  |TAMS 0x000000070f200000, 0x000000070f200000| Untracked 
|  85|0x000000070f400000, 0x000000070f400000, 0x000000070f600000|  0%| F|  |TAMS 0x000000070f400000, 0x000000070f400000| Untracked 
|  86|0x000000070f600000, 0x000000070f600000, 0x000000070f800000|  0%| F|  |TAMS 0x000000070f600000, 0x000000070f600000| Untracked 
|  87|0x000000070f800000, 0x000000070f800000, 0x000000070fa00000|  0%| F|  |TAMS 0x000000070f800000, 0x000000070f800000| Untracked 
|  88|0x000000070fa00000, 0x000000070fa00000, 0x000000070fc00000|  0%| F|  |TAMS 0x000000070fa00000, 0x000000070fa00000| Untracked 
|  89|0x000000070fc00000, 0x000000070fc00000, 0x000000070fe00000|  0%| F|  |TAMS 0x000000070fc00000, 0x000000070fc00000| Untracked 
|  90|0x000000070fe00000, 0x000000070fe00000, 0x0000000710000000|  0%| F|  |TAMS 0x000000070fe00000, 0x000000070fe00000| Untracked 
|  91|0x0000000710000000, 0x0000000710000000, 0x0000000710200000|  0%| F|  |TAMS 0x0000000710000000, 0x0000000710000000| Untracked 
|  92|0x0000000710200000, 0x0000000710200000, 0x0000000710400000|  0%| F|  |TAMS 0x0000000710200000, 0x0000000710200000| Untracked 
|  93|0x0000000710400000, 0x0000000710400000, 0x0000000710600000|  0%| F|  |TAMS 0x0000000710400000, 0x0000000710400000| Untracked 
|  94|0x0000000710600000, 0x0000000710600000, 0x0000000710800000|  0%| F|  |TAMS 0x0000000710600000, 0x0000000710600000| Untracked 
|  95|0x0000000710800000, 0x0000000710800000, 0x0000000710a00000|  0%| F|  |TAMS 0x0000000710800000, 0x0000000710800000| Untracked 
|  96|0x0000000710a00000, 0x0000000710a00000, 0x0000000710c00000|  0%| F|  |TAMS 0x0000000710a00000, 0x0000000710a00000| Untracked 
|  97|0x0000000710c00000, 0x0000000710c00000, 0x0000000710e00000|  0%| F|  |TAMS 0x0000000710c00000, 0x0000000710c00000| Untracked 
|  98|0x0000000710e00000, 0x0000000710e00000, 0x0000000711000000|  0%| F|  |TAMS 0x0000000710e00000, 0x0000000710e00000| Untracked 
|  99|0x0000000711000000, 0x0000000711000000, 0x0000000711200000|  0%| F|  |TAMS 0x0000000711000000, 0x0000000711000000| Untracked 
| 100|0x0000000711200000, 0x0000000711200000, 0x0000000711400000|  0%| F|  |TAMS 0x0000000711200000, 0x0000000711200000| Untracked 
| 101|0x0000000711400000, 0x0000000711400000, 0x0000000711600000|  0%| F|  |TAMS 0x0000000711400000, 0x0000000711400000| Untracked 
| 102|0x0000000711600000, 0x0000000711600000, 0x0000000711800000|  0%| F|  |TAMS 0x0000000711600000, 0x0000000711600000| Untracked 
| 103|0x0000000711800000, 0x0000000711800000, 0x0000000711a00000|  0%| F|  |TAMS 0x0000000711800000, 0x0000000711800000| Untracked 
| 104|0x0000000711a00000, 0x0000000711a00000, 0x0000000711c00000|  0%| F|  |TAMS 0x0000000711a00000, 0x0000000711a00000| Untracked 
| 105|0x0000000711c00000, 0x0000000711c00000, 0x0000000711e00000|  0%| F|  |TAMS 0x0000000711c00000, 0x0000000711c00000| Untracked 
| 106|0x0000000711e00000, 0x0000000711e00000, 0x0000000712000000|  0%| F|  |TAMS 0x0000000711e00000, 0x0000000711e00000| Untracked 
| 107|0x0000000712000000, 0x0000000712000000, 0x0000000712200000|  0%| F|  |TAMS 0x0000000712000000, 0x0000000712000000| Untracked 
| 108|0x0000000712200000, 0x0000000712200000, 0x0000000712400000|  0%| F|  |TAMS 0x0000000712200000, 0x0000000712200000| Untracked 
| 109|0x0000000712400000, 0x0000000712400000, 0x0000000712600000|  0%| F|  |TAMS 0x0000000712400000, 0x0000000712400000| Untracked 
| 110|0x0000000712600000, 0x0000000712600000, 0x0000000712800000|  0%| F|  |TAMS 0x0000000712600000, 0x0000000712600000| Untracked 
| 111|0x0000000712800000, 0x0000000712800000, 0x0000000712a00000|  0%| F|  |TAMS 0x0000000712800000, 0x0000000712800000| Untracked 
| 112|0x0000000712a00000, 0x0000000712a00000, 0x0000000712c00000|  0%| F|  |TAMS 0x0000000712a00000, 0x0000000712a00000| Untracked 
| 113|0x0000000712c00000, 0x0000000712e00000, 0x0000000712e00000|100%| S|CS|TAMS 0x0000000712c00000, 0x0000000712c00000| Complete 
| 114|0x0000000712e00000, 0x0000000713000000, 0x0000000713000000|100%| S|CS|TAMS 0x0000000712e00000, 0x0000000712e00000| Complete 
| 115|0x0000000713000000, 0x0000000713000000, 0x0000000713200000|  0%| F|  |TAMS 0x0000000713000000, 0x0000000713000000| Untracked 
| 116|0x0000000713200000, 0x0000000713200000, 0x0000000713400000|  0%| F|  |TAMS 0x0000000713200000, 0x0000000713200000| Untracked 
| 117|0x0000000713400000, 0x0000000713400000, 0x0000000713600000|  0%| F|  |TAMS 0x0000000713400000, 0x0000000713400000| Untracked 
| 118|0x0000000713600000, 0x0000000713620f18, 0x0000000713800000|  6%| E|  |TAMS 0x0000000713600000, 0x0000000713600000| Complete 
| 119|0x0000000713800000, 0x0000000713a00000, 0x0000000713a00000|100%| E|CS|TAMS 0x0000000713800000, 0x0000000713800000| Complete 
| 120|0x0000000713a00000, 0x0000000713c00000, 0x0000000713c00000|100%| E|CS|TAMS 0x0000000713a00000, 0x0000000713a00000| Complete 
| 121|0x0000000713c00000, 0x0000000713e00000, 0x0000000713e00000|100%| E|CS|TAMS 0x0000000713c00000, 0x0000000713c00000| Complete 
| 122|0x0000000713e00000, 0x0000000714000000, 0x0000000714000000|100%| E|CS|TAMS 0x0000000713e00000, 0x0000000713e00000| Complete 
| 123|0x0000000714000000, 0x0000000714200000, 0x0000000714200000|100%| E|CS|TAMS 0x0000000714000000, 0x0000000714000000| Complete 
| 124|0x0000000714200000, 0x0000000714400000, 0x0000000714400000|100%| E|CS|TAMS 0x0000000714200000, 0x0000000714200000| Complete 
| 125|0x0000000714400000, 0x0000000714600000, 0x0000000714600000|100%| E|CS|TAMS 0x0000000714400000, 0x0000000714400000| Complete 

Card table byte_map: [0x000001a14c3f0000,0x000001a14cbd0000] _byte_map_base: 0x000001a148bcb000

Marking Bits (Prev, Next): (CMBitMap*) 0x000001a134e9d360, (CMBitMap*) 0x000001a134e9d3a0
 Prev Bits: [0x000001a14d3b0000, 0x000001a151288000)
 Next Bits: [0x000001a151290000, 0x000001a155168000)

Polling page: 0x000001a132fa0000

Metaspace:

Usage:
  Non-class:     12.58 MB used.
      Class:      1.72 MB used.
       Both:     14.30 MB used.

Virtual space:
  Non-class space:       64.00 MB reserved,      12.75 MB ( 20%) committed,  1 nodes.
      Class space:        1.00 GB reserved,       1.88 MB ( <1%) committed,  1 nodes.
             Both:        1.06 GB reserved,      14.62 MB (  1%) committed. 

Chunk freelists:
   Non-Class:  2.92 MB
       Class:  14.17 MB
        Both:  17.09 MB

MaxMetaspaceSize: unlimited
CompressedClassSpaceSize: 1.00 GB
Initial GC threshold: 21.00 MB
Current GC threshold: 21.00 MB
CDS: on
MetaspaceReclaimPolicy: balanced
 - commit_granule_bytes: 65536.
 - commit_granule_words: 8192.
 - virtual_space_node_default_size: 8388608.
 - enlarge_chunks_in_place: 1.
 - new_chunks_are_fully_committed: 0.
 - uncommit_free_chunks: 1.
 - use_allocation_guard: 0.
 - handle_deallocations: 1.


Internal statistics:

num_allocs_failed_limit: 0.
num_arena_births: 302.
num_arena_deaths: 0.
num_vsnodes_births: 2.
num_vsnodes_deaths: 0.
num_space_committed: 234.
num_space_uncommitted: 0.
num_chunks_returned_to_freelist: 0.
num_chunks_taken_from_freelist: 623.
num_chunk_merges: 0.
num_chunk_splits: 347.
num_chunks_enlarged: 186.
num_inconsistent_stats: 0.

CodeHeap 'non-profiled nmethods': size=120000Kb used=568Kb max_used=568Kb free=119431Kb
 bounds [0x000001a144180000, 0x000001a1443f0000, 0x000001a14b6b0000]
CodeHeap 'profiled nmethods': size=120000Kb used=3422Kb max_used=3422Kb free=116577Kb
 bounds [0x000001a13c6b0000, 0x000001a13ca10000, 0x000001a143be0000]
CodeHeap 'non-nmethods': size=5760Kb used=1232Kb max_used=1246Kb free=4527Kb
 bounds [0x000001a143be0000, 0x000001a143e50000, 0x000001a144180000]
 total_blobs=2350 nmethods=1816 adapters=446
 compilation: enabled
              stopped_count=0, restarted_count=0
 full_count=0

Compilation events (20 events):
Event: 6.222 Thread 0x000001a1576756a0 nmethod 1801 0x000001a13c9fad10 code [0x000001a13c9faf80, 0x000001a13c9fbad8]
Event: 6.223 Thread 0x000001a1576756a0 1802       3       java.lang.invoke.MethodType::dropParameterTypes (162 bytes)
Event: 6.228 Thread 0x000001a1576756a0 nmethod 1802 0x000001a13c9fbe90 code [0x000001a13c9fc180, 0x000001a13c9fd128]
Event: 6.229 Thread 0x000001a1576756a0 1800       3       java.util.stream.ReferencePipeline::<init> (8 bytes)
Event: 6.229 Thread 0x000001a1576756a0 nmethod 1800 0x000001a13c9fd610 code [0x000001a13c9fd7a0, 0x000001a13c9fd8e8]
Event: 6.229 Thread 0x000001a1576756a0 1803       1       java.util.Collections$EmptySet::contains (2 bytes)
Event: 6.230 Thread 0x000001a1576756a0 nmethod 1803 0x000001a14420c590 code [0x000001a14420c720, 0x000001a14420c7f8]
Event: 6.230 Thread 0x000001a1576756a0 1808       1       java.lang.invoke.MethodHandleImpl$AsVarargsCollector::getTarget (5 bytes)
Event: 6.230 Thread 0x000001a1576756a0 nmethod 1808 0x000001a14420c890 code [0x000001a14420ca20, 0x000001a14420caf8]
Event: 6.230 Thread 0x000001a1576756a0 1804       1       java.util.stream.Collectors$CollectorImpl::supplier (5 bytes)
Event: 6.230 Thread 0x000001a1576756a0 nmethod 1804 0x000001a14420cb90 code [0x000001a14420cd20, 0x000001a14420cdf8]
Event: 6.230 Thread 0x000001a1576756a0 1805       1       java.util.stream.Collectors$CollectorImpl::accumulator (5 bytes)
Event: 6.230 Thread 0x000001a1576756a0 nmethod 1805 0x000001a14420ce90 code [0x000001a14420d020, 0x000001a14420d0f8]
Event: 6.230 Thread 0x000001a1576756a0 1806       1       java.util.stream.Collectors$CollectorImpl::combiner (5 bytes)
Event: 6.230 Thread 0x000001a1576756a0 nmethod 1806 0x000001a14420d190 code [0x000001a14420d320, 0x000001a14420d3f8]
Event: 6.230 Thread 0x000001a1576756a0 1807       1       java.util.stream.ReduceOps$Box::get (5 bytes)
Event: 6.230 Thread 0x000001a1576756a0 nmethod 1807 0x000001a14420d490 code [0x000001a14420d620, 0x000001a14420d6f8]
Event: 6.230 Thread 0x000001a1576756a0 1810       1       java.util.stream.Collectors$CollectorImpl::finisher (5 bytes)
Event: 6.230 Thread 0x000001a19f13b830 1743       4       java.io.WinNTFileSystem::normalize (143 bytes)
Event: 6.230 Thread 0x000001a1576756a0 nmethod 1810 0x000001a14420d790 code [0x000001a14420d920, 0x000001a14420d9f8]

GC Heap History (2 events):
Event: 2.910 GC heap before
{Heap before GC invocations=0 (full 0):
 garbage-first heap   total 258048K, used 20480K [0x0000000704a00000, 0x0000000800000000)
  region size 2048K, 11 young (22528K), 0 survivors (0K)
 Metaspace       used 9548K, committed 9856K, reserved 1114112K
  class space    used 1113K, committed 1280K, reserved 1048576K
}
Event: 2.922 GC heap after
{Heap after GC invocations=1 (full 0):
 garbage-first heap   total 258048K, used 8067K [0x0000000704a00000, 0x0000000800000000)
  region size 2048K, 2 young (4096K), 2 survivors (4096K)
 Metaspace       used 9548K, committed 9856K, reserved 1114112K
  class space    used 1113K, committed 1280K, reserved 1048576K
}

Deoptimization events (20 events):
Event: 2.971 Thread 0x000001a134e34250 DEOPT PACKING pc=0x000001a13c8e853e sp=0x0000005f3cefccd0
Event: 2.971 Thread 0x000001a134e34250 DEOPT UNPACKING pc=0x000001a143c32b43 sp=0x0000005f3cefc150 mode 0
Event: 2.973 Thread 0x000001a134e34250 DEOPT PACKING pc=0x000001a13c8e853e sp=0x0000005f3cefccd0
Event: 2.973 Thread 0x000001a134e34250 DEOPT UNPACKING pc=0x000001a143c32b43 sp=0x0000005f3cefc150 mode 0
Event: 2.975 Thread 0x000001a134e34250 DEOPT PACKING pc=0x000001a13c8e853e sp=0x0000005f3cefcd10
Event: 2.975 Thread 0x000001a134e34250 DEOPT UNPACKING pc=0x000001a143c32b43 sp=0x0000005f3cefc190 mode 0
Event: 2.991 Thread 0x000001a134e34250 Uncommon trap: trap_request=0xffffff45 fr.pc=0x000001a1441e0fb4 relative=0x0000000000000174
Event: 2.991 Thread 0x000001a134e34250 Uncommon trap: reason=unstable_if action=reinterpret pc=0x000001a1441e0fb4 method=java.util.concurrent.ConcurrentHashMap.addCount(JI)V @ 121 c2
Event: 2.991 Thread 0x000001a134e34250 DEOPT PACKING pc=0x000001a1441e0fb4 sp=0x0000005f3cefdf10
Event: 2.991 Thread 0x000001a134e34250 DEOPT UNPACKING pc=0x000001a143c323a3 sp=0x0000005f3cefde70 mode 2
Event: 3.028 Thread 0x000001a134e34250 Uncommon trap: trap_request=0xffffff45 fr.pc=0x000001a1441e4d0c relative=0x000000000000024c
Event: 3.028 Thread 0x000001a134e34250 Uncommon trap: reason=unstable_if action=reinterpret pc=0x000001a1441e4d0c method=java.util.HashMap.putVal(ILjava/lang/Object;Ljava/lang/Object;ZZ)Ljava/lang/Object; @ 162 c2
Event: 3.028 Thread 0x000001a134e34250 DEOPT PACKING pc=0x000001a1441e4d0c sp=0x0000005f3cefb920
Event: 3.028 Thread 0x000001a134e34250 DEOPT UNPACKING pc=0x000001a143c323a3 sp=0x0000005f3cefb868 mode 2
Event: 4.113 Thread 0x000001a19ea5eb30 Uncommon trap: trap_request=0xffffff76 fr.pc=0x000001a1441c21b8 relative=0x0000000000001198
Event: 4.113 Thread 0x000001a19ea5eb30 Uncommon trap: reason=predicate action=maybe_recompile pc=0x000001a1441c21b8 method=java.util.TreeMap.put(Ljava/lang/Object;Ljava/lang/Object;Z)Ljava/lang/Object; @ 123 c2
Event: 4.114 Thread 0x000001a19ea5eb30 DEOPT PACKING pc=0x000001a1441c21b8 sp=0x0000005f3f9fe0e0
Event: 4.114 Thread 0x000001a19ea5eb30 DEOPT UNPACKING pc=0x000001a143c323a3 sp=0x0000005f3f9fe030 mode 2
Event: 5.951 Thread 0x000001a19ea5eb30 DEOPT PACKING pc=0x000001a13c91751e sp=0x0000005f3f9fcc50
Event: 5.951 Thread 0x000001a19ea5eb30 DEOPT UNPACKING pc=0x000001a143c32b43 sp=0x0000005f3f9fc160 mode 0

Classes unloaded (0 events):
No events

Classes redefined (0 events):
No events

Internal exceptions (20 events):
Event: 3.188 Thread 0x000001a134e34250 Exception <a 'java/lang/IncompatibleClassChangeError'{0x00000007140fa3b0}: Found class java.lang.Object, but interface was expected> (0x00000007140fa3b0) 
thrown [s\open\src\hotspot\share\interpreter\linkResolver.cpp, line 826]
Event: 3.190 Thread 0x000001a134e34250 Exception <a 'java/lang/NoSuchMethodError'{0x0000000714102988}: 'int java.lang.invoke.DirectMethodHandle$Holder.invokeSpecialIFC(java.lang.Object, java.lang.Object, java.lang.Object, java.lang.Object)'> (0x0000000714102988) 
thrown [s\open\src\hotspot\share\interpreter\linkResolver.cpp, line 759]
Event: 3.201 Thread 0x000001a134e34250 Exception <a 'java/lang/NoSuchMethodError'{0x0000000714127fe8}: 'java.lang.Object java.lang.invoke.DirectMethodHandle$Holder.invokeVirtual(java.lang.Object, java.lang.Object, java.lang.Object, java.lang.Object)'> (0x0000000714127fe8) 
thrown [s\open\src\hotspot\share\interpreter\linkResolver.cpp, line 759]
Event: 3.813 Thread 0x000001a19ea5e620 Exception <a 'java/net/ConnectException'{0x0000000714184f30}: Connection refused: no further information> (0x0000000714184f30) 
thrown [s\open\src\hotspot\share\prims\jni.cpp, line 535]
Event: 3.813 Thread 0x000001a19ea5e620 Exception <a 'java/net/SocketException'{0x0000000714185268}: Socket is not connected: shutdown> (0x0000000714185268) 
thrown [s\open\src\hotspot\share\prims\jni.cpp, line 535]
Event: 3.833 Thread 0x000001a19ea5e620 Exception <a 'java/net/ConnectException'{0x0000000714186260}: Connection refused: no further information> (0x0000000714186260) 
thrown [s\open\src\hotspot\share\prims\jni.cpp, line 535]
Event: 3.833 Thread 0x000001a19ea5e620 Exception <a 'java/net/SocketException'{0x0000000714186598}: Socket is not connected: shutdown> (0x0000000714186598) 
thrown [s\open\src\hotspot\share\prims\jni.cpp, line 535]
Event: 3.854 Thread 0x000001a19ea5e620 Exception <a 'java/net/ConnectException'{0x00000007141874c0}: Connection refused: no further information> (0x00000007141874c0) 
thrown [s\open\src\hotspot\share\prims\jni.cpp, line 535]
Event: 3.854 Thread 0x000001a19ea5e620 Exception <a 'java/net/SocketException'{0x00000007141877f8}: Socket is not connected: shutdown> (0x00000007141877f8) 
thrown [s\open\src\hotspot\share\prims\jni.cpp, line 535]
Event: 3.896 Thread 0x000001a19ea5e620 Exception <a 'java/net/ConnectException'{0x0000000714188720}: Connection refused: no further information> (0x0000000714188720) 
thrown [s\open\src\hotspot\share\prims\jni.cpp, line 535]
Event: 3.896 Thread 0x000001a19ea5e620 Exception <a 'java/net/SocketException'{0x0000000714188a58}: Socket is not connected: shutdown> (0x0000000714188a58) 
thrown [s\open\src\hotspot\share\prims\jni.cpp, line 535]
Event: 4.017 Thread 0x000001a134e34250 Exception <a 'java/lang/NoSuchMethodError'{0x0000000713e6bea8}: 'java.lang.Object java.lang.invoke.DirectMethodHandle$Holder.newInvokeSpecial(java.lang.Object, java.lang.Object, int, int)'> (0x0000000713e6bea8) 
thrown [s\open\src\hotspot\share\interpreter\linkResolver.cpp, line 759]
Event: 4.018 Thread 0x000001a134e34250 Exception <a 'java/lang/NoSuchMethodError'{0x0000000713e76990}: 'void java.lang.invoke.DirectMethodHandle$Holder.invokeStatic(java.lang.Object, java.lang.Object, int)'> (0x0000000713e76990) 
thrown [s\open\src\hotspot\share\interpreter\linkResolver.cpp, line 759]
Event: 4.056 Thread 0x000001a19ea5eb30 Exception <a 'java/lang/NoSuchMethodError'{0x0000000713f982c0}: 'java.lang.Object java.lang.invoke.DirectMethodHandle$Holder.newInvokeSpecial(java.lang.Object, java.lang.Object, java.lang.Object, java.lang.Object, java.lang.Object)'> (0x0000000713f982c0) 
thrown [s\open\src\hotspot\share\interpreter\linkResolver.cpp, line 759]
Event: 4.083 Thread 0x000001a19ea5eb30 Exception <a 'java/lang/NoSuchMethodError'{0x0000000713c02a68}: 'java.lang.Object java.lang.invoke.DirectMethodHandle$Holder.invokeSpecial(java.lang.Object, java.lang.Object, java.lang.Object, java.lang.Object, int)'> (0x0000000713c02a68) 
thrown [s\open\src\hotspot\share\interpreter\linkResolver.cpp, line 759]
Event: 4.083 Thread 0x000001a19ea5eb30 Exception <a 'java/lang/NoSuchMethodError'{0x0000000713c06630}: 'java.lang.Object java.lang.invoke.Invokers$Holder.linkToTargetMethod(java.lang.Object, java.lang.Object, int, java.lang.Object)'> (0x0000000713c06630) 
thrown [s\open\src\hotspot\share\interpreter\linkResolver.cpp, line 759]
Event: 4.093 Thread 0x000001a19ea5eb30 Exception <a 'java/lang/NoSuchMethodError'{0x0000000713c29de0}: 'void java.lang.invoke.DirectMethodHandle$Holder.invokeSpecial(java.lang.Object, java.lang.Object, java.lang.Object)'> (0x0000000713c29de0) 
thrown [s\open\src\hotspot\share\interpreter\linkResolver.cpp, line 759]
Event: 4.104 Thread 0x000001a19ea5eb30 Exception <a 'java/lang/NoSuchMethodError'{0x0000000713c5cdf8}: 'void java.lang.invoke.DirectMethodHandle$Holder.invokeSpecial(java.lang.Object, java.lang.Object, java.lang.Object, java.lang.Object, java.lang.Object)'> (0x0000000713c5cdf8) 
thrown [s\open\src\hotspot\share\interpreter\linkResolver.cpp, line 759]
Event: 5.619 Thread 0x000001a19ea5dc00 Exception <a 'java/lang/NoSuchMethodError'{0x0000000713d5a970}: 'void java.lang.invoke.DirectMethodHandle$Holder.invokeSpecial(java.lang.Object, java.lang.Object, java.lang.Object, java.lang.Object, java.lang.Object, java.lang.Object, java.lang.Object)'> (0x0000000713d5a970) 
thrown [s\open\src\hotspot\share\interpreter\linkResolver.cpp, line 759]
Event: 6.167 Thread 0x000001a134e34250 Exception <a 'java/lang/NoSuchMethodError'{0x0000000713f36108}: 'java.lang.Object java.lang.invoke.DirectMethodHandle$Holder.invokeSpecialIFC(java.lang.Object, java.lang.Object, java.lang.Object)'> (0x0000000713f36108) 
thrown [s\open\src\hotspot\share\interpreter\linkResolver.cpp, line 759]

VM Operations (20 events):
Event: 2.718 Executing VM operation: HandshakeAllThreads
Event: 2.718 Executing VM operation: HandshakeAllThreads done
Event: 2.767 Executing VM operation: HandshakeAllThreads
Event: 2.767 Executing VM operation: HandshakeAllThreads done
Event: 2.910 Executing VM operation: G1CollectForAllocation
Event: 2.922 Executing VM operation: G1CollectForAllocation done
Event: 3.000 Executing VM operation: HandshakeAllThreads
Event: 3.000 Executing VM operation: HandshakeAllThreads done
Event: 3.983 Executing VM operation: HandshakeAllThreads
Event: 3.983 Executing VM operation: HandshakeAllThreads done
Event: 3.983 Executing VM operation: Cleanup
Event: 3.983 Executing VM operation: Cleanup done
Event: 3.985 Executing VM operation: HandshakeAllThreads
Event: 3.985 Executing VM operation: HandshakeAllThreads done
Event: 4.984 Executing VM operation: Cleanup
Event: 4.985 Executing VM operation: Cleanup done
Event: 5.998 Executing VM operation: Cleanup
Event: 5.999 Executing VM operation: Cleanup done
Event: 7.012 Executing VM operation: Cleanup
Event: 7.012 Executing VM operation: Cleanup done

Events (20 events):
Event: 5.579 loading class java/util/stream/Sink$OfLong
Event: 5.579 loading class java/util/stream/Sink$OfLong done
Event: 5.579 loading class java/util/stream/FindOps$FindSink$OfLong done
Event: 5.580 loading class java/util/OptionalLong
Event: 5.580 loading class java/util/OptionalLong done
Event: 5.584 loading class java/util/stream/ReferencePipeline$5$1
Event: 5.584 loading class java/util/stream/ReferencePipeline$5$1 done
Event: 5.627 loading class java/util/concurrent/CompletableFuture$MinimalStage
Event: 5.628 loading class java/util/concurrent/CompletableFuture$MinimalStage done
Event: 5.909 loading class java/util/DualPivotQuicksort
Event: 5.909 loading class java/util/DualPivotQuicksort done
Event: 6.100 loading class java/lang/StrictMath
Event: 6.102 loading class java/lang/StrictMath done
Event: 6.213 loading class java/util/ImmutableCollections$Access
Event: 6.214 loading class java/util/ImmutableCollections$Access done
Event: 6.214 loading class java/util/ImmutableCollections$Access$1
Event: 6.214 loading class jdk/internal/access/JavaUtilCollectionAccess
Event: 6.214 loading class jdk/internal/access/JavaUtilCollectionAccess done
Event: 6.214 loading class java/util/ImmutableCollections$Access$1 done
Event: 6.229 Thread 0x000001a19f13b830 Thread added: 0x000001a19f13b830


Dynamic libraries:
0x00007ff6a9230000 - 0x00007ff6a9240000 	C:\Program Files\Java\jdk-17\bin\java.exe
0x00007ffa49c00000 - 0x00007ffa49e67000 	C:\WINDOWS\SYSTEM32\ntdll.dll
0x00007ffa49040000 - 0x00007ffa49109000 	C:\WINDOWS\System32\KERNEL32.DLL
0x00007ffa46d40000 - 0x00007ffa47134000 	C:\WINDOWS\System32\KERNELBASE.dll
0x00007ffa47840000 - 0x00007ffa4798b000 	C:\WINDOWS\System32\ucrtbase.dll
0x00007ffa35bb0000 - 0x00007ffa35bc9000 	C:\Program Files\Java\jdk-17\bin\jli.dll
0x00007ffa47990000 - 0x00007ffa47a46000 	C:\WINDOWS\System32\ADVAPI32.dll
0x00007ffa48e90000 - 0x00007ffa48f39000 	C:\WINDOWS\System32\msvcrt.dll
0x00007ffa48d50000 - 0x00007ffa48df7000 	C:\WINDOWS\System32\sechost.dll
0x00007ffa49500000 - 0x00007ffa49618000 	C:\WINDOWS\System32\RPCRT4.dll
0x00007ffa47fa0000 - 0x00007ffa48165000 	C:\WINDOWS\System32\USER32.dll
0x00007ffa47280000 - 0x00007ffa472a7000 	C:\WINDOWS\System32\win32u.dll
0x00007ffa47ae0000 - 0x00007ffa47b0b000 	C:\WINDOWS\System32\GDI32.dll
0x00007ffa472b0000 - 0x00007ffa473db000 	C:\WINDOWS\System32\gdi32full.dll
0x00007ffa47790000 - 0x00007ffa47833000 	C:\WINDOWS\System32\msvcp_win.dll
0x00007ffa31ef0000 - 0x00007ffa31f0b000 	C:\Program Files\Java\jdk-17\bin\VCRUNTIME140.dll
0x00007ffa30880000 - 0x00007ffa30b13000 	C:\WINDOWS\WinSxS\amd64_microsoft.windows.common-controls_6595b64144ccf1df_6.0.26100.8115_none_3e075c82e3354f9c\COMCTL32.dll
0x00007ffa3f510000 - 0x00007ffa3f51b000 	C:\WINDOWS\SYSTEM32\VERSION.dll
0x00007ffa49b80000 - 0x00007ffa49bb2000 	C:\WINDOWS\System32\IMM32.DLL
0x00007ffa2a130000 - 0x00007ffa2a28c000 	C:\Program Files (x86)\Citrix\ICA Client\ctxapclient64.dll
0x00007ffa496a0000 - 0x00007ffa49a22000 	C:\WINDOWS\System32\combase.dll
0x00007ffa463c0000 - 0x00007ffa463ea000 	C:\WINDOWS\SYSTEM32\bcrypt.dll
0x00007ffa454a0000 - 0x00007ffa454d6000 	C:\WINDOWS\SYSTEM32\ntmarta.dll
0x000001a134510000 - 0x000001a1345b5000 	C:\WINDOWS\System32\bcryptprimitives.dll
0x00007ffa40830000 - 0x00007ffa4083c000 	C:\Program Files\Java\jdk-17\bin\vcruntime140_1.dll
0x00007ffa31d20000 - 0x00007ffa31dae000 	C:\Program Files\Java\jdk-17\bin\msvcp140.dll
0x00007ff9da250000 - 0x00007ff9dae30000 	C:\Program Files\Java\jdk-17\bin\server\jvm.dll
0x00007ffa48b60000 - 0x00007ffa48b68000 	C:\WINDOWS\System32\PSAPI.DLL
0x00007ffa42090000 - 0x00007ffa4209a000 	C:\WINDOWS\SYSTEM32\WSOCK32.dll
0x00007ffa48a10000 - 0x00007ffa48a90000 	C:\WINDOWS\System32\WS2_32.dll
0x00007ffa388d0000 - 0x00007ffa38906000 	C:\WINDOWS\SYSTEM32\WINMM.dll
0x00007ffa45360000 - 0x00007ffa4537b000 	C:\WINDOWS\SYSTEM32\kernel.appcore.dll
0x00007ffa35c10000 - 0x00007ffa35c1a000 	C:\Program Files\Java\jdk-17\bin\jimage.dll
0x00007ffa44360000 - 0x00007ffa445a2000 	C:\WINDOWS\SYSTEM32\DBGHELP.DLL
0x00007ffa492b0000 - 0x00007ffa49388000 	C:\WINDOWS\System32\OLEAUT32.dll
0x00007ffa07630000 - 0x00007ffa0766b000 	C:\WINDOWS\SYSTEM32\dbgcore.DLL
0x00007ffa35ba0000 - 0x00007ffa35bae000 	C:\Program Files\Java\jdk-17\bin\instrument.dll
0x00007ffa31cf0000 - 0x00007ffa31d15000 	C:\Program Files\Java\jdk-17\bin\java.dll
0x00007ffa31c10000 - 0x00007ffa31ce7000 	C:\Program Files\Java\jdk-17\bin\jsvml.dll
0x000001a199400000 - 0x000001a199b67000 	C:\WINDOWS\System32\SHELL32.dll
0x000001a157e10000 - 0x000001a157f7a000 	C:\WINDOWS\System32\wintypes.dll
0x00007ffa464d0000 - 0x00007ffa46d38000 	C:\WINDOWS\System32\windows.storage.dll
0x000001a199b70000 - 0x000001a199c68000 	C:\WINDOWS\System32\SHCORE.dll
0x00007ffa49b10000 - 0x00007ffa49b76000 	C:\WINDOWS\System32\shlwapi.dll
0x00007ffa463f0000 - 0x00007ffa46419000 	C:\WINDOWS\SYSTEM32\profapi.dll
0x00007ffa31bf0000 - 0x00007ffa31c08000 	C:\Program Files\Java\jdk-17\bin\zip.dll
0x00007ffa31bd0000 - 0x00007ffa31be9000 	C:\Program Files\Java\jdk-17\bin\net.dll
0x00007ffa3f190000 - 0x00007ffa3f2bd000 	C:\WINDOWS\SYSTEM32\WINHTTP.dll
0x00007ffa458f0000 - 0x00007ffa4595c000 	C:\WINDOWS\system32\mswsock.dll
0x00007ffa31bb0000 - 0x00007ffa31bc6000 	C:\Program Files\Java\jdk-17\bin\nio.dll
0x00007ffa44d00000 - 0x00007ffa44e32000 	C:\WINDOWS\SYSTEM32\DNSAPI.dll
0x00007ffa44c10000 - 0x00007ffa44c42000 	C:\WINDOWS\SYSTEM32\IPHLPAPI.DLL
0x00007ffa494f0000 - 0x00007ffa494fa000 	C:\WINDOWS\System32\NSI.dll
0x00007ffa3f500000 - 0x00007ffa3f50b000 	C:\Windows\System32\rasadhlp.dll
0x00007ffa3bbc0000 - 0x00007ffa3bc46000 	C:\WINDOWS\System32\fwpuclnt.dll
0x00007ffa31ba0000 - 0x00007ffa31baa000 	C:\Program Files\Java\jdk-17\bin\management.dll
0x00007ffa31b90000 - 0x00007ffa31b9b000 	C:\Program Files\Java\jdk-17\bin\management_ext.dll
0x00007ffa45bd0000 - 0x00007ffa45beb000 	C:\WINDOWS\SYSTEM32\CRYPTSP.dll
0x00007ffa452b0000 - 0x00007ffa452e9000 	C:\WINDOWS\system32\rsaenh.dll
0x00007ffa459a0000 - 0x00007ffa459d3000 	C:\WINDOWS\SYSTEM32\USERENV.dll
0x00007ffa45bf0000 - 0x00007ffa45bfc000 	C:\WINDOWS\SYSTEM32\CRYPTBASE.dll
0x00007ffa3f520000 - 0x00007ffa3f53d000 	C:\WINDOWS\SYSTEM32\dhcpcsvc6.DLL
0x00007ffa3cbc0000 - 0x00007ffa3cbe5000 	C:\WINDOWS\SYSTEM32\dhcpcsvc.DLL
0x00007ffa41b00000 - 0x00007ffa41b18000 	C:\WINDOWS\system32\napinsp.dll
0x00007ffa072d0000 - 0x00007ffa072e3000 	C:\WINDOWS\System32\winrnr.dll
0x00007ffa056c0000 - 0x00007ffa056e2000 	C:\WINDOWS\system32\nlansp_c.dll
0x00007ff9fd6f0000 - 0x00007ff9fd706000 	C:\WINDOWS\system32\wshbth.dll
0x00007ffa2c450000 - 0x00007ffa2c4a6000 	C:\WINDOWS\SYSTEM32\pdh.dll
0x00007ffa31b60000 - 0x00007ffa31b72000 	C:\WINDOWS\System32\perfproc.dll
0x00007ffa030b0000 - 0x00007ffa030c1000 	C:\WINDOWS\System32\perfos.dll
0x00007ffa43aa0000 - 0x00007ffa43ab2000 	C:\WINDOWS\SYSTEM32\pfclient.dll
0x00007ffa31b80000 - 0x00007ffa31b8e000 	C:\Program Files\Java\jdk-17\bin\sunmscapi.dll
0x00007ffa47610000 - 0x00007ffa47787000 	C:\WINDOWS\System32\CRYPT32.dll
0x00007ffa45df0000 - 0x00007ffa45e20000 	C:\WINDOWS\SYSTEM32\ncrypt.dll
0x00007ffa45da0000 - 0x00007ffa45ddf000 	C:\WINDOWS\SYSTEM32\NTASN1.dll
0x00007ffa2b1c0000 - 0x00007ffa2b1c8000 	C:\WINDOWS\system32\wshunix.dll

dbghelp: loaded successfully - version: 4.0.5 - missing functions: none
symbol engine: initialized successfully - sym options: 0x614 - pdb path: .;C:\Program Files\Java\jdk-17\bin;C:\WINDOWS\SYSTEM32;C:\WINDOWS\WinSxS\amd64_microsoft.windows.common-controls_6595b64144ccf1df_6.0.26100.8115_none_3e075c82e3354f9c;C:\Program Files (x86)\Citrix\ICA Client;C:\Program Files\Java\jdk-17\bin\server

VM Arguments:
jvm_args: -javaagent:C:\IntelliJ IDEA 2026.1.1\lib\idea_rt.jar=49485 -Dfile.encoding=UTF-8 
java_command: com.runner.TestRunner
java_class_path (initial): C:\Users\EG\IdeaProjects\MavenProject\target\test-classes;C:\Users\EG\IdeaProjects\MavenProject\target\classes;C:\Users\EG\.m2\repository\org\seleniumhq\selenium\selenium-java\4.40.0\selenium-java-4.40.0.jar;C:\Users\EG\.m2\repository\org\seleniumhq\selenium\selenium-api\4.40.0\selenium-api-4.40.0.jar;C:\Users\EG\.m2\repository\org\jspecify\jspecify\1.0.0\jspecify-1.0.0.jar;C:\Users\EG\.m2\repository\org\seleniumhq\selenium\selenium-chrome-driver\4.40.0\selenium-chrome-driver-4.40.0.jar;C:\Users\EG\.m2\repository\com\google\auto\service\auto-service-annotations\1.1.1\auto-service-annotations-1.1.1.jar;C:\Users\EG\.m2\repository\org\seleniumhq\selenium\selenium-chromium-driver\4.40.0\selenium-chromium-driver-4.40.0.jar;C:\Users\EG\.m2\repository\org\seleniumhq\selenium\selenium-json\4.40.0\selenium-json-4.40.0.jar;C:\Users\EG\.m2\repository\org\seleniumhq\selenium\selenium-manager\4.40.0\selenium-manager-4.40.0.jar;C:\Users\EG\.m2\repository\org\seleniumhq\selenium\selenium-devtools-v142\4.40.0\selenium-devtools-v142-4.40.0.jar;C:\Users\EG\.m2\repository\org\seleniumhq\selenium\selenium-devtools-v143\4.40.0\selenium-devtools-v143-4.40.0.jar;C:\Users\EG\.m2\repository\org\seleniumhq\selenium\selenium-devtools-v144\4.40.0\selenium-devtools-v144-4.40.0.jar;C:\Users\EG\.m2\repository\org\seleniumhq\selenium\selenium-edge-driver\4.40.0\selenium-edge-driver-4.40.0.jar;C:\Users\EG\.m2\repository\org\seleniumhq\selenium\selenium-firefox-driver\4.40.0\selenium-firefox-driver-4.40.0.jar;C:\Users\EG\.m2\repository\org\seleniumhq\selenium\selenium-http\4.40.0\selenium-http-4.40.0.jar;C:\Users\EG\.m2\repository\org\seleniumhq\selenium\selenium-ie-driver\4.40.0\selenium-ie-driver-4.40.0.jar;C:\Users\EG\.m2\repository\org\seleniumhq\selenium\selenium-remote-driver\4.40.0\selenium-remote-driver-4.40.0.jar;C:\Users\EG\.m2\repository\com\google\guava\guava\33.5.0-jre\guava-33.5.0-jre.jar;C:\Users\EG\.m2\repository\com\google\guava\failureaccess\1.0.3\failu
Launcher Type: SUN_STANDARD

[Global flags]
     intx CICompilerCount                          = 4                                         {product} {ergonomic}
     uint ConcGCThreads                            = 3                                         {product} {ergonomic}
     uint G1ConcRefinementThreads                  = 10                                        {product} {ergonomic}
   size_t G1HeapRegionSize                         = 2097152                                   {product} {ergonomic}
    uintx GCDrainStackTargetSize                   = 64                                        {product} {ergonomic}
   size_t InitialHeapSize                          = 264241152                                 {product} {ergonomic}
   size_t MarkStackSize                            = 4194304                                   {product} {ergonomic}
   size_t MaxHeapSize                              = 4217372672                                {product} {ergonomic}
   size_t MaxNewSize                               = 2529165312                                {product} {ergonomic}
   size_t MinHeapDeltaBytes                        = 2097152                                   {product} {ergonomic}
   size_t MinHeapSize                              = 8388608                                   {product} {ergonomic}
    uintx NonNMethodCodeHeapSize                   = 5839372                                {pd product} {ergonomic}
    uintx NonProfiledCodeHeapSize                  = 122909434                              {pd product} {ergonomic}
    uintx ProfiledCodeHeapSize                     = 122909434                              {pd product} {ergonomic}
    uintx ReservedCodeCacheSize                    = 251658240                              {pd product} {ergonomic}
     bool SegmentedCodeCache                       = true                                      {product} {ergonomic}
   size_t SoftMaxHeapSize                          = 4217372672                             {manageable} {ergonomic}
     bool UseCompressedClassPointers               = true                           {product lp64_product} {ergonomic}
     bool UseCompressedOops                        = true                           {product lp64_product} {ergonomic}
     bool UseG1GC                                  = true                                      {product} {ergonomic}
     bool UseLargePagesIndividualAllocation        = false                                  {pd product} {ergonomic}

Logging:
Log output configuration:
 #0: stdout all=warning uptime,level,tags
 #1: stderr all=off uptime,level,tags

Environment Variables:
PATH=C:\Program Files\Common Files\Oracle\Java\javapath;C:\Program Files (x86)\Common Files\Oracle\Java\javapath;C:\Windows\system32;C:\Windows;C:\Windows\System32\Wbem;C:\Windows\System32\WindowsPowerShell\v1.0\;C:\Windows\System32\OpenSSH\;C:\Program Files (x86)\NVIDIA Corporation\PhysX\Common;C:\Program Files\NVIDIA Corporation\NVIDIA NvDLISR;C:\WINDOWS\system32;C:\WINDOWS;C:\WINDOWS\System32\Wbem;C:\WINDOWS\System32\WindowsPowerShell\v1.0\;C:\WINDOWS\System32\OpenSSH\;C:\Users\EG\AppData\Local\Microsoft\WindowsApps;
USERNAME=EG
OS=Windows_NT
PROCESSOR_IDENTIFIER=Intel64 Family 6 Model 186 Stepping 2, GenuineIntel



---------------  S Y S T E M  ---------------

OS:
 Windows 11 , 64 bit Build 26100 (10.0.26100.8246)
OS uptime: 2 days 11:47 hours
Hyper-V role detected

CPU: total 12 (initial active 12) (6 cores per cpu, 2 threads per core) family 6 model 186 stepping 2 microcode 0x5103, cx8, cmov, fxsr, ht, mmx, 3dnowpref, sse, sse2, sse3, ssse3, sse4.1, sse4.2, popcnt, lzcnt, tsc, tscinvbit, avx, avx2, aes, erms, clmul, bmi1, bmi2, adx, sha, fma, vzeroupper, clflush, clflushopt, clwb, hv

Memory: 4k page, system-wide physical 16087M (3295M free)
TotalPageFile size 18803M (AvailPageFile size 4M)
current process WorkingSet (physical memory assigned to process): 122M, peak: 122M
current process commit charge ("private bytes"): 395M, peak: 396M

vm_info: Java HotSpot(TM) 64-Bit Server VM (17.0.11+7-LTS-207) for windows-amd64 JRE (17.0.11+7-LTS-207), built on Mar 11 2024 19:01:50 by "mach5one" with MS VC++ 17.6 (VS2022)

END.
