#
# There is insufficient memory for the Java Runtime Environment to continue.
# Native memory allocation (malloc) failed to allocate 1141376 bytes for Chunk::new
# Possible reasons:
#   The system is out of physical RAM or swap space
#   The process is running with CompressedOops enabled, and the Java Heap may be blocking the growth of the native heap
# Possible solutions:
#   Reduce memory load on the system
#   Increase physical memory or swap space
#   Check if swap backing store is full
#   Decrease Java heap size (-Xmx/-Xms)
#   Decrease number of Java threads
#   Decrease Java thread stack sizes (-Xss)
#   Set larger code cache with -XX:ReservedCodeCacheSize=
#   JVM is running with Zero Based Compressed Oops mode in which the Java heap is
#     placed in the first 32GB address space. The Java Heap base address is the
#     maximum limit for the native heap growth. Please use -XX:HeapBaseMinAddress
#     to set the Java Heap base and to place the Java Heap above 32GB virtual address.
# This output file may be truncated or incomplete.
#
#  Out of Memory Error (arena.cpp:189), pid=29228, tid=39364
#
# JRE version: Java(TM) SE Runtime Environment (17.0.11+7) (build 17.0.11+7-LTS-207)
# Java VM: Java HotSpot(TM) 64-Bit Server VM (17.0.11+7-LTS-207, mixed mode, sharing, tiered, compressed oops, compressed class ptrs, g1 gc, windows-amd64)
# No core dump will be written. Minidumps are not enabled by default on client versions of Windows
#

---------------  S U M M A R Y ------------

Command Line: -javaagent:C:\IntelliJ IDEA 2026.1.1\lib\idea_rt.jar=53807 -Dfile.encoding=UTF-8 TestRunner

Host: 13th Gen Intel(R) Core(TM) i5-13420H, 12 cores, 15G,  Windows 11 , 64 bit Build 26100 (10.0.26100.8246)
Time: Tue May  5 17:58:58 2026 India Standard Time elapsed time: 3.856289 seconds (0d 0h 0m 3s)

---------------  T H R E A D  ---------------

Current thread (0x000001d158031c80):  JavaThread "C2 CompilerThread1" daemon [_thread_in_native, id=39364, stack(0x000000a640100000,0x000000a640200000)]


Current CompileTask:
C2:   3856 1867   !   4       jdk.internal.loader.URLClassPath$JarLoader::getResource (65 bytes)

Stack: [0x000000a640100000,0x000000a640200000]
Native frames: (J=compiled Java code, j=interpreted, Vv=VM code, C=native code)
V  [jvm.dll+0x679cca]
V  [jvm.dll+0x7da13d]
V  [jvm.dll+0x7dba83]
V  [jvm.dll+0x7dc0f3]
V  [jvm.dll+0x2449af]
V  [jvm.dll+0xab83b]
V  [jvm.dll+0xabe1c]
V  [jvm.dll+0x3615ae]
V  [jvm.dll+0x32bd61]
V  [jvm.dll+0x32b1fa]
V  [jvm.dll+0x2161df]
V  [jvm.dll+0x21560f]
V  [jvm.dll+0x1a2040]
V  [jvm.dll+0x225a2b]
V  [jvm.dll+0x223bcb]
V  [jvm.dll+0x7903ec]
V  [jvm.dll+0x78a85a]
V  [jvm.dll+0x678bb5]
C  [ucrtbase.dll+0x37b0]
C  [KERNEL32.DLL+0x2e8d7]
C  [ntdll.dll+0x8c3fc]


---------------  P R O C E S S  ---------------

Threads class SMR info:
_java_thread_list=0x000001d157fd9ce0, length=35, elements={
0x000001d16e4165e0, 0x000001d17ff901e0, 0x000001d17ff90cb0, 0x000001d17ffa5980,
0x000001d17ffa8260, 0x000001d17ffa8b30, 0x000001d17ffa9400, 0x000001d17ffb2840,
0x000001d17ffb9670, 0x000001d1114d9f50, 0x000001d1114d0090, 0x000001d11169f940,
0x000001d11184e9d0, 0x000001d1575a4920, 0x000001d1575c5c40, 0x000001d1576527e0,
0x000001d1576534e0, 0x000001d15761be10, 0x000001d157619080, 0x000001d15761b3f0,
0x000001d157619590, 0x000001d157619aa0, 0x000001d15761aee0, 0x000001d157619fb0,
0x000001d15761a4c0, 0x000001d157b4eeb0, 0x000001d157b4d050, 0x000001d157b50800,
0x000001d157b4df80, 0x000001d158031c80, 0x000001d157b4e9a0, 0x000001d157b4fde0,
0x000001d157b502f0, 0x000001d157b50d10, 0x000001d157b4d560
}

Java Threads: ( => current thread )
  0x000001d16e4165e0 JavaThread "Forwarding get on session 5c1968958dceb5f07b08774497d1cd9c to remote" [_thread_blocked, id=31936, stack(0x000000a63cf00000,0x000000a63d000000)]
  0x000001d17ff901e0 JavaThread "Reference Handler" daemon [_thread_blocked, id=38144, stack(0x000000a63d700000,0x000000a63d800000)]
  0x000001d17ff90cb0 JavaThread "Finalizer" daemon [_thread_blocked, id=14600, stack(0x000000a63d800000,0x000000a63d900000)]
  0x000001d17ffa5980 JavaThread "Signal Dispatcher" daemon [_thread_blocked, id=39484, stack(0x000000a63d900000,0x000000a63da00000)]
  0x000001d17ffa8260 JavaThread "Attach Listener" daemon [_thread_blocked, id=51368, stack(0x000000a63da00000,0x000000a63db00000)]
  0x000001d17ffa8b30 JavaThread "Service Thread" daemon [_thread_blocked, id=48516, stack(0x000000a63db00000,0x000000a63dc00000)]
  0x000001d17ffa9400 JavaThread "Monitor Deflation Thread" daemon [_thread_blocked, id=48472, stack(0x000000a63dc00000,0x000000a63dd00000)]
  0x000001d17ffb2840 JavaThread "C2 CompilerThread0" daemon [_thread_blocked, id=40080, stack(0x000000a63dd00000,0x000000a63de00000)]
  0x000001d17ffb9670 JavaThread "C1 CompilerThread0" daemon [_thread_blocked, id=27960, stack(0x000000a63de00000,0x000000a63df00000)]
  0x000001d1114d9f50 JavaThread "Sweeper thread" daemon [_thread_blocked, id=42452, stack(0x000000a63df00000,0x000000a63e000000)]
  0x000001d1114d0090 JavaThread "Common-Cleaner" daemon [_thread_blocked, id=48416, stack(0x000000a63e000000,0x000000a63e100000)]
  0x000001d11169f940 JavaThread "Monitor Ctrl-Break" daemon [_thread_in_native, id=38204, stack(0x000000a63e200000,0x000000a63e300000)]
  0x000001d11184e9d0 JavaThread "Notification Thread" daemon [_thread_blocked, id=39144, stack(0x000000a63e300000,0x000000a63e400000)]
  0x000001d1575a4920 JavaThread "RMI TCP Accept-0" daemon [_thread_in_native, id=11440, stack(0x000000a63e600000,0x000000a63e700000)]
  0x000001d1575c5c40 JavaThread "RMI TCP Connection(1)-10.139.175.36" daemon [_thread_in_native, id=30456, stack(0x000000a63e700000,0x000000a63e800000)]
  0x000001d1576527e0 JavaThread "RMI Scheduler(0)" daemon [_thread_blocked, id=45352, stack(0x000000a63e800000,0x000000a63e900000)]
  0x000001d1576534e0 JavaThread "JMX server connection timeout 22" daemon [_thread_blocked, id=49444, stack(0x000000a63e900000,0x000000a63ea00000)]
  0x000001d15761be10 JavaThread "ForkJoinPool.commonPool-worker-1" daemon [_thread_blocked, id=51236, stack(0x000000a63e500000,0x000000a63e600000)]
  0x000001d157619080 JavaThread "HttpClient-1-SelectorManager" daemon [_thread_in_native, id=35676, stack(0x000000a63f600000,0x000000a63f700000)]
  0x000001d15761b3f0 JavaThread "External Process Output Forwarder - C:\Users\EG\.cache\selenium\chromedriver\win64\147.0.7727.117\chromedriver.exe" daemon [_thread_in_native, id=49700, stack(0x000000a63e100000,0x000000a63e200000)]
  0x000001d157619590 JavaThread "Driver Service Executor" daemon [_thread_blocked, id=49180, stack(0x000000a63f700000,0x000000a63f800000)]
  0x000001d157619aa0 JavaThread "Driver Service Executor" daemon [_thread_in_native, id=50448, stack(0x000000a63f800000,0x000000a63f900000)]
  0x000001d15761aee0 JavaThread "UrlChecker-2" daemon [_thread_blocked, id=45956, stack(0x000000a63f900000,0x000000a63fa00000)]
  0x000001d157619fb0 JavaThread "Keep-Alive-Timer" daemon [_thread_blocked, id=51684, stack(0x000000a63fb00000,0x000000a63fc00000)]
  0x000001d15761a4c0 JavaThread "JdkHttpClient-0-0" daemon [_thread_blocked, id=35568, stack(0x000000a63fc00000,0x000000a63fd00000)]
  0x000001d157b4eeb0 JavaThread "CompletableFutureDelayScheduler" daemon [_thread_blocked, id=5216, stack(0x000000a63fd00000,0x000000a63fe00000)]
  0x000001d157b4d050 JavaThread "JdkHttpClient-0-1" daemon [_thread_blocked, id=34432, stack(0x000000a63fe00000,0x000000a63ff00000)]
  0x000001d157b50800 JavaThread "JdkHttpClient-0-2" daemon [_thread_blocked, id=30332, stack(0x000000a63ff00000,0x000000a640000000)]
  0x000001d157b4df80 JavaThread "JdkHttpClient-0-3" daemon [_thread_blocked, id=51852, stack(0x000000a640000000,0x000000a640100000)]
=>0x000001d158031c80 JavaThread "C2 CompilerThread1" daemon [_thread_in_native, id=39364, stack(0x000000a640100000,0x000000a640200000)]
  0x000001d157b4e9a0 JavaThread "HttpClient-2-SelectorManager" daemon [_thread_in_native, id=31320, stack(0x000000a640200000,0x000000a640300000)]
  0x000001d157b4fde0 JavaThread "JdkHttpClient-1-0" daemon [_thread_blocked, id=30316, stack(0x000000a640300000,0x000000a640400000)]
  0x000001d157b502f0 JavaThread "JdkHttpClient-1-1" daemon [_thread_blocked, id=28232, stack(0x000000a640400000,0x000000a640500000)]
  0x000001d157b50d10 JavaThread "JdkHttpClient-1-2" daemon [_thread_blocked, id=39756, stack(0x000000a640500000,0x000000a640600000)]
  0x000001d157b4d560 JavaThread "JdkHttpClient-1-3" daemon [_thread_blocked, id=15008, stack(0x000000a640600000,0x000000a640700000)]

Other Threads:
  0x000001d17ff8a3e0 VMThread "VM Thread" [stack: 0x000000a63d600000,0x000000a63d700000] [id=50048]
  0x000001d16e4a1470 WatcherThread [stack: 0x000000a63e400000,0x000000a63e500000] [id=51324]
  0x000001d16e482770 GCTaskThread "GC Thread#0" [stack: 0x000000a63d100000,0x000000a63d200000] [id=43176]
  0x000001d1578a8b30 GCTaskThread "GC Thread#1" [stack: 0x000000a63ea00000,0x000000a63eb00000] [id=47496]
  0x000001d15798c6d0 GCTaskThread "GC Thread#2" [stack: 0x000000a63eb00000,0x000000a63ec00000] [id=24100]
  0x000001d15798c990 GCTaskThread "GC Thread#3" [stack: 0x000000a63ec00000,0x000000a63ed00000] [id=50072]
  0x000001d15798cc50 GCTaskThread "GC Thread#4" [stack: 0x000000a63ed00000,0x000000a63ee00000] [id=50180]
  0x000001d157719bd0 GCTaskThread "GC Thread#5" [stack: 0x000000a63ee00000,0x000000a63ef00000] [id=5856]
  0x000001d15771aea0 GCTaskThread "GC Thread#6" [stack: 0x000000a63ef00000,0x000000a63f000000] [id=23924]
  0x000001d1579e3930 GCTaskThread "GC Thread#7" [stack: 0x000000a63f000000,0x000000a63f100000] [id=39788]
  0x000001d157a47ca0 GCTaskThread "GC Thread#8" [stack: 0x000000a63f100000,0x000000a63f200000] [id=11892]
  0x000001d157a498a0 GCTaskThread "GC Thread#9" [stack: 0x000000a63f200000,0x000000a63f300000] [id=26512]
  0x000001d16e48f240 ConcurrentGCThread "G1 Main Marker" [stack: 0x000000a63d200000,0x000000a63d300000] [id=26560]
  0x000001d16c0be9e0 ConcurrentGCThread "G1 Conc#0" [stack: 0x000000a63d300000,0x000000a63d400000] [id=50996]
  0x000001d17feb81c0 ConcurrentGCThread "G1 Refine#0" [stack: 0x000000a63d400000,0x000000a63d500000] [id=30896]
  0x000001d15771a2a0 ConcurrentGCThread "G1 Refine#1" [stack: 0x000000a63f300000,0x000000a63f400000] [id=17264]
  0x000001d1579716f0 ConcurrentGCThread "G1 Refine#2" [stack: 0x000000a63f400000,0x000000a63f500000] [id=11232]
  0x000001d157972b60 ConcurrentGCThread "G1 Refine#3" [stack: 0x000000a63f500000,0x000000a63f600000] [id=51288]
  0x000001d17feb98b0 ConcurrentGCThread "G1 Service" [stack: 0x000000a63d500000,0x000000a63d600000] [id=20624]

Threads with active compile tasks:
C2 CompilerThread1     3899 1867   !   4       jdk.internal.loader.URLClassPath$JarLoader::getResource (65 bytes)

VM state: not at safepoint (normal execution)

VM Mutex/Monitor currently owned by a thread: None

Heap address: 0x0000000704a00000, size: 4022 MB, Compressed Oops mode: Zero based, Oop shift amount: 3

CDS archive(s) mapped at: [0x000001d112000000-0x000001d112bd0000-0x000001d112bd0000), size 12386304, SharedBaseAddress: 0x000001d112000000, ArchiveRelocationMode: 1.
Compressed class space mapped at: 0x000001d113000000-0x000001d153000000, reserved size: 1073741824
Narrow klass base: 0x000001d112000000, Narrow klass shift: 0, Narrow klass range: 0x100000000

GC Precious Log:
 CPUs: 12 total, 12 available
 Memory: 16087M
 Large Page Support: Disabled
 NUMA Support: Disabled
 Compressed Oops: Enabled (Zero based)
 Heap Region Size: 2M
 Heap Min Capacity: 8M
 Heap Initial Capacity: 252M
 Heap Max Capacity: 4022M
 Pre-touch: Disabled
 Parallel Workers: 10
 Concurrent Workers: 3
 Concurrent Refinement Workers: 10
 Periodic GC: Disabled

Heap:
 garbage-first heap   total 258048K, used 19556K [0x0000000704a00000, 0x0000000800000000)
  region size 2048K, 9 young (18432K), 2 survivors (4096K)
 Metaspace       used 15458K, committed 15808K, reserved 1114112K
  class space    used 1890K, committed 2048K, reserved 1048576K

Heap Regions: E=young(eden), S=young(survivor), O=old, HS=humongous(starts), HC=humongous(continues), CS=collection set, F=free, OA=open archive, CA=closed archive, TAMS=top-at-mark-start (previous, next)
|   0|0x0000000704a00000, 0x0000000704c00000, 0x0000000704c00000|100%| O|  |TAMS 0x0000000704a00000, 0x0000000704a00000| Untracked 
|   1|0x0000000704c00000, 0x0000000704d19000, 0x0000000704e00000| 54%| O|  |TAMS 0x0000000704c00000, 0x0000000704c00000| Untracked 
|   2|0x0000000704e00000, 0x0000000704e00000, 0x0000000705000000|  0%| F|  |TAMS 0x0000000704e00000, 0x0000000704e00000| Untracked 
|   3|0x0000000705000000, 0x0000000705000000, 0x0000000705200000|  0%| F|  |TAMS 0x0000000705000000, 0x0000000705000000| Untracked 
|   4|0x0000000705200000, 0x0000000705200000, 0x0000000705400000|  0%| F|  |TAMS 0x0000000705200000, 0x0000000705200000| Untracked 
|   5|0x0000000705400000, 0x0000000705400000, 0x0000000705600000|  0%| F|  |TAMS 0x0000000705400000, 0x0000000705400000| Untracked 
|   6|0x0000000705600000, 0x0000000705600000, 0x0000000705800000|  0%| F|  |TAMS 0x0000000705600000, 0x0000000705600000| Untracked 
|   7|0x0000000705800000, 0x0000000705800000, 0x0000000705a00000|  0%| F|  |TAMS 0x0000000705800000, 0x0000000705800000| Untracked 
|   8|0x0000000705a00000, 0x0000000705a00000, 0x0000000705c00000|  0%| F|  |TAMS 0x0000000705a00000, 0x0000000705a00000| Untracked 
|   9|0x0000000705c00000, 0x0000000705c00000, 0x0000000705e00000|  0%| F|  |TAMS 0x0000000705c00000, 0x0000000705c00000| Untracked 
|  10|0x0000000705e00000, 0x0000000705e00000, 0x0000000706000000|  0%| F|  |TAMS 0x0000000705e00000, 0x0000000705e00000| Untracked 
|  11|0x0000000706000000, 0x0000000706000000, 0x0000000706200000|  0%| F|  |TAMS 0x0000000706000000, 0x0000000706000000| Untracked 
|  12|0x0000000706200000, 0x0000000706200000, 0x0000000706400000|  0%| F|  |TAMS 0x0000000706200000, 0x0000000706200000| Untracked 
|  13|0x0000000706400000, 0x0000000706400000, 0x0000000706600000|  0%| F|  |TAMS 0x0000000706400000, 0x0000000706400000| Untracked 
|  14|0x0000000706600000, 0x0000000706600000, 0x0000000706800000|  0%| F|  |TAMS 0x0000000706600000, 0x0000000706600000| Untracked 
|  15|0x0000000706800000, 0x0000000706800000, 0x0000000706a00000|  0%| F|  |TAMS 0x0000000706800000, 0x0000000706800000| Untracked 
|  16|0x0000000706a00000, 0x0000000706a00000, 0x0000000706c00000|  0%| F|  |TAMS 0x0000000706a00000, 0x0000000706a00000| Untracked 
|  17|0x0000000706c00000, 0x0000000706c00000, 0x0000000706e00000|  0%| F|  |TAMS 0x0000000706c00000, 0x0000000706c00000| Untracked 
|  18|0x0000000706e00000, 0x0000000706e00000, 0x0000000707000000|  0%| F|  |TAMS 0x0000000706e00000, 0x0000000706e00000| Untracked 
|  19|0x0000000707000000, 0x0000000707000000, 0x0000000707200000|  0%| F|  |TAMS 0x0000000707000000, 0x0000000707000000| Untracked 
|  20|0x0000000707200000, 0x0000000707200000, 0x0000000707400000|  0%| F|  |TAMS 0x0000000707200000, 0x0000000707200000| Untracked 
|  21|0x0000000707400000, 0x0000000707400000, 0x0000000707600000|  0%| F|  |TAMS 0x0000000707400000, 0x0000000707400000| Untracked 
|  22|0x0000000707600000, 0x0000000707600000, 0x0000000707800000|  0%| F|  |TAMS 0x0000000707600000, 0x0000000707600000| Untracked 
|  23|0x0000000707800000, 0x0000000707800000, 0x0000000707a00000|  0%| F|  |TAMS 0x0000000707800000, 0x0000000707800000| Untracked 
|  24|0x0000000707a00000, 0x0000000707a00000, 0x0000000707c00000|  0%| F|  |TAMS 0x0000000707a00000, 0x0000000707a00000| Untracked 
|  25|0x0000000707c00000, 0x0000000707c00000, 0x0000000707e00000|  0%| F|  |TAMS 0x0000000707c00000, 0x0000000707c00000| Untracked 
|  26|0x0000000707e00000, 0x0000000707e00000, 0x0000000708000000|  0%| F|  |TAMS 0x0000000707e00000, 0x0000000707e00000| Untracked 
|  27|0x0000000708000000, 0x0000000708000000, 0x0000000708200000|  0%| F|  |TAMS 0x0000000708000000, 0x0000000708000000| Untracked 
|  28|0x0000000708200000, 0x0000000708200000, 0x0000000708400000|  0%| F|  |TAMS 0x0000000708200000, 0x0000000708200000| Untracked 
|  29|0x0000000708400000, 0x0000000708400000, 0x0000000708600000|  0%| F|  |TAMS 0x0000000708400000, 0x0000000708400000| Untracked 
|  30|0x0000000708600000, 0x0000000708600000, 0x0000000708800000|  0%| F|  |TAMS 0x0000000708600000, 0x0000000708600000| Untracked 
|  31|0x0000000708800000, 0x0000000708800000, 0x0000000708a00000|  0%| F|  |TAMS 0x0000000708800000, 0x0000000708800000| Untracked 
|  32|0x0000000708a00000, 0x0000000708a00000, 0x0000000708c00000|  0%| F|  |TAMS 0x0000000708a00000, 0x0000000708a00000| Untracked 
|  33|0x0000000708c00000, 0x0000000708c00000, 0x0000000708e00000|  0%| F|  |TAMS 0x0000000708c00000, 0x0000000708c00000| Untracked 
|  34|0x0000000708e00000, 0x0000000708e00000, 0x0000000709000000|  0%| F|  |TAMS 0x0000000708e00000, 0x0000000708e00000| Untracked 
|  35|0x0000000709000000, 0x0000000709000000, 0x0000000709200000|  0%| F|  |TAMS 0x0000000709000000, 0x0000000709000000| Untracked 
|  36|0x0000000709200000, 0x0000000709200000, 0x0000000709400000|  0%| F|  |TAMS 0x0000000709200000, 0x0000000709200000| Untracked 
|  37|0x0000000709400000, 0x0000000709400000, 0x0000000709600000|  0%| F|  |TAMS 0x0000000709400000, 0x0000000709400000| Untracked 
|  38|0x0000000709600000, 0x0000000709600000, 0x0000000709800000|  0%| F|  |TAMS 0x0000000709600000, 0x0000000709600000| Untracked 
|  39|0x0000000709800000, 0x0000000709800000, 0x0000000709a00000|  0%| F|  |TAMS 0x0000000709800000, 0x0000000709800000| Untracked 
|  40|0x0000000709a00000, 0x0000000709a00000, 0x0000000709c00000|  0%| F|  |TAMS 0x0000000709a00000, 0x0000000709a00000| Untracked 
|  41|0x0000000709c00000, 0x0000000709c00000, 0x0000000709e00000|  0%| F|  |TAMS 0x0000000709c00000, 0x0000000709c00000| Untracked 
|  42|0x0000000709e00000, 0x0000000709e00000, 0x000000070a000000|  0%| F|  |TAMS 0x0000000709e00000, 0x0000000709e00000| Untracked 
|  43|0x000000070a000000, 0x000000070a000000, 0x000000070a200000|  0%| F|  |TAMS 0x000000070a000000, 0x000000070a000000| Untracked 
|  44|0x000000070a200000, 0x000000070a200000, 0x000000070a400000|  0%| F|  |TAMS 0x000000070a200000, 0x000000070a200000| Untracked 
|  45|0x000000070a400000, 0x000000070a400000, 0x000000070a600000|  0%| F|  |TAMS 0x000000070a400000, 0x000000070a400000| Untracked 
|  46|0x000000070a600000, 0x000000070a600000, 0x000000070a800000|  0%| F|  |TAMS 0x000000070a600000, 0x000000070a600000| Untracked 
|  47|0x000000070a800000, 0x000000070a800000, 0x000000070aa00000|  0%| F|  |TAMS 0x000000070a800000, 0x000000070a800000| Untracked 
|  48|0x000000070aa00000, 0x000000070aa00000, 0x000000070ac00000|  0%| F|  |TAMS 0x000000070aa00000, 0x000000070aa00000| Untracked 
|  49|0x000000070ac00000, 0x000000070ac00000, 0x000000070ae00000|  0%| F|  |TAMS 0x000000070ac00000, 0x000000070ac00000| Untracked 
|  50|0x000000070ae00000, 0x000000070ae00000, 0x000000070b000000|  0%| F|  |TAMS 0x000000070ae00000, 0x000000070ae00000| Untracked 
|  51|0x000000070b000000, 0x000000070b000000, 0x000000070b200000|  0%| F|  |TAMS 0x000000070b000000, 0x000000070b000000| Untracked 
|  52|0x000000070b200000, 0x000000070b200000, 0x000000070b400000|  0%| F|  |TAMS 0x000000070b200000, 0x000000070b200000| Untracked 
|  53|0x000000070b400000, 0x000000070b400000, 0x000000070b600000|  0%| F|  |TAMS 0x000000070b400000, 0x000000070b400000| Untracked 
|  54|0x000000070b600000, 0x000000070b600000, 0x000000070b800000|  0%| F|  |TAMS 0x000000070b600000, 0x000000070b600000| Untracked 
|  55|0x000000070b800000, 0x000000070b800000, 0x000000070ba00000|  0%| F|  |TAMS 0x000000070b800000, 0x000000070b800000| Untracked 
|  56|0x000000070ba00000, 0x000000070ba00000, 0x000000070bc00000|  0%| F|  |TAMS 0x000000070ba00000, 0x000000070ba00000| Untracked 
|  57|0x000000070bc00000, 0x000000070bc00000, 0x000000070be00000|  0%| F|  |TAMS 0x000000070bc00000, 0x000000070bc00000| Untracked 
|  58|0x000000070be00000, 0x000000070be00000, 0x000000070c000000|  0%| F|  |TAMS 0x000000070be00000, 0x000000070be00000| Untracked 
|  59|0x000000070c000000, 0x000000070c000000, 0x000000070c200000|  0%| F|  |TAMS 0x000000070c000000, 0x000000070c000000| Untracked 
|  60|0x000000070c200000, 0x000000070c200000, 0x000000070c400000|  0%| F|  |TAMS 0x000000070c200000, 0x000000070c200000| Untracked 
|  61|0x000000070c400000, 0x000000070c400000, 0x000000070c600000|  0%| F|  |TAMS 0x000000070c400000, 0x000000070c400000| Untracked 
|  62|0x000000070c600000, 0x000000070c600000, 0x000000070c800000|  0%| F|  |TAMS 0x000000070c600000, 0x000000070c600000| Untracked 
|  63|0x000000070c800000, 0x000000070c800000, 0x000000070ca00000|  0%| F|  |TAMS 0x000000070c800000, 0x000000070c800000| Untracked 
|  64|0x000000070ca00000, 0x000000070ca00000, 0x000000070cc00000|  0%| F|  |TAMS 0x000000070ca00000, 0x000000070ca00000| Untracked 
|  65|0x000000070cc00000, 0x000000070cc00000, 0x000000070ce00000|  0%| F|  |TAMS 0x000000070cc00000, 0x000000070cc00000| Untracked 
|  66|0x000000070ce00000, 0x000000070ce00000, 0x000000070d000000|  0%| F|  |TAMS 0x000000070ce00000, 0x000000070ce00000| Untracked 
|  67|0x000000070d000000, 0x000000070d000000, 0x000000070d200000|  0%| F|  |TAMS 0x000000070d000000, 0x000000070d000000| Untracked 
|  68|0x000000070d200000, 0x000000070d200000, 0x000000070d400000|  0%| F|  |TAMS 0x000000070d200000, 0x000000070d200000| Untracked 
|  69|0x000000070d400000, 0x000000070d400000, 0x000000070d600000|  0%| F|  |TAMS 0x000000070d400000, 0x000000070d400000| Untracked 
|  70|0x000000070d600000, 0x000000070d600000, 0x000000070d800000|  0%| F|  |TAMS 0x000000070d600000, 0x000000070d600000| Untracked 
|  71|0x000000070d800000, 0x000000070d800000, 0x000000070da00000|  0%| F|  |TAMS 0x000000070d800000, 0x000000070d800000| Untracked 
|  72|0x000000070da00000, 0x000000070da00000, 0x000000070dc00000|  0%| F|  |TAMS 0x000000070da00000, 0x000000070da00000| Untracked 
|  73|0x000000070dc00000, 0x000000070dc00000, 0x000000070de00000|  0%| F|  |TAMS 0x000000070dc00000, 0x000000070dc00000| Untracked 
|  74|0x000000070de00000, 0x000000070de00000, 0x000000070e000000|  0%| F|  |TAMS 0x000000070de00000, 0x000000070de00000| Untracked 
|  75|0x000000070e000000, 0x000000070e000000, 0x000000070e200000|  0%| F|  |TAMS 0x000000070e000000, 0x000000070e000000| Untracked 
|  76|0x000000070e200000, 0x000000070e200000, 0x000000070e400000|  0%| F|  |TAMS 0x000000070e200000, 0x000000070e200000| Untracked 
|  77|0x000000070e400000, 0x000000070e400000, 0x000000070e600000|  0%| F|  |TAMS 0x000000070e400000, 0x000000070e400000| Untracked 
|  78|0x000000070e600000, 0x000000070e600000, 0x000000070e800000|  0%| F|  |TAMS 0x000000070e600000, 0x000000070e600000| Untracked 
|  79|0x000000070e800000, 0x000000070e800000, 0x000000070ea00000|  0%| F|  |TAMS 0x000000070e800000, 0x000000070e800000| Untracked 
|  80|0x000000070ea00000, 0x000000070ea00000, 0x000000070ec00000|  0%| F|  |TAMS 0x000000070ea00000, 0x000000070ea00000| Untracked 
|  81|0x000000070ec00000, 0x000000070ec00000, 0x000000070ee00000|  0%| F|  |TAMS 0x000000070ec00000, 0x000000070ec00000| Untracked 
|  82|0x000000070ee00000, 0x000000070ee00000, 0x000000070f000000|  0%| F|  |TAMS 0x000000070ee00000, 0x000000070ee00000| Untracked 
|  83|0x000000070f000000, 0x000000070f000000, 0x000000070f200000|  0%| F|  |TAMS 0x000000070f000000, 0x000000070f000000| Untracked 
|  84|0x000000070f200000, 0x000000070f200000, 0x000000070f400000|  0%| F|  |TAMS 0x000000070f200000, 0x000000070f200000| Untracked 
|  85|0x000000070f400000, 0x000000070f400000, 0x000000070f600000|  0%| F|  |TAMS 0x000000070f400000, 0x000000070f400000| Untracked 
|  86|0x000000070f600000, 0x000000070f600000, 0x000000070f800000|  0%| F|  |TAMS 0x000000070f600000, 0x000000070f600000| Untracked 
|  87|0x000000070f800000, 0x000000070f800000, 0x000000070fa00000|  0%| F|  |TAMS 0x000000070f800000, 0x000000070f800000| Untracked 
|  88|0x000000070fa00000, 0x000000070fa00000, 0x000000070fc00000|  0%| F|  |TAMS 0x000000070fa00000, 0x000000070fa00000| Untracked 
|  89|0x000000070fc00000, 0x000000070fc00000, 0x000000070fe00000|  0%| F|  |TAMS 0x000000070fc00000, 0x000000070fc00000| Untracked 
|  90|0x000000070fe00000, 0x000000070fe00000, 0x0000000710000000|  0%| F|  |TAMS 0x000000070fe00000, 0x000000070fe00000| Untracked 
|  91|0x0000000710000000, 0x0000000710000000, 0x0000000710200000|  0%| F|  |TAMS 0x0000000710000000, 0x0000000710000000| Untracked 
|  92|0x0000000710200000, 0x0000000710200000, 0x0000000710400000|  0%| F|  |TAMS 0x0000000710200000, 0x0000000710200000| Untracked 
|  93|0x0000000710400000, 0x0000000710400000, 0x0000000710600000|  0%| F|  |TAMS 0x0000000710400000, 0x0000000710400000| Untracked 
|  94|0x0000000710600000, 0x0000000710600000, 0x0000000710800000|  0%| F|  |TAMS 0x0000000710600000, 0x0000000710600000| Untracked 
|  95|0x0000000710800000, 0x0000000710800000, 0x0000000710a00000|  0%| F|  |TAMS 0x0000000710800000, 0x0000000710800000| Untracked 
|  96|0x0000000710a00000, 0x0000000710a00000, 0x0000000710c00000|  0%| F|  |TAMS 0x0000000710a00000, 0x0000000710a00000| Untracked 
|  97|0x0000000710c00000, 0x0000000710c00000, 0x0000000710e00000|  0%| F|  |TAMS 0x0000000710c00000, 0x0000000710c00000| Untracked 
|  98|0x0000000710e00000, 0x0000000710e00000, 0x0000000711000000|  0%| F|  |TAMS 0x0000000710e00000, 0x0000000710e00000| Untracked 
|  99|0x0000000711000000, 0x0000000711000000, 0x0000000711200000|  0%| F|  |TAMS 0x0000000711000000, 0x0000000711000000| Untracked 
| 100|0x0000000711200000, 0x0000000711200000, 0x0000000711400000|  0%| F|  |TAMS 0x0000000711200000, 0x0000000711200000| Untracked 
| 101|0x0000000711400000, 0x0000000711400000, 0x0000000711600000|  0%| F|  |TAMS 0x0000000711400000, 0x0000000711400000| Untracked 
| 102|0x0000000711600000, 0x0000000711600000, 0x0000000711800000|  0%| F|  |TAMS 0x0000000711600000, 0x0000000711600000| Untracked 
| 103|0x0000000711800000, 0x0000000711800000, 0x0000000711a00000|  0%| F|  |TAMS 0x0000000711800000, 0x0000000711800000| Untracked 
| 104|0x0000000711a00000, 0x0000000711a00000, 0x0000000711c00000|  0%| F|  |TAMS 0x0000000711a00000, 0x0000000711a00000| Untracked 
| 105|0x0000000711c00000, 0x0000000711c00000, 0x0000000711e00000|  0%| F|  |TAMS 0x0000000711c00000, 0x0000000711c00000| Untracked 
| 106|0x0000000711e00000, 0x0000000711e00000, 0x0000000712000000|  0%| F|  |TAMS 0x0000000711e00000, 0x0000000711e00000| Untracked 
| 107|0x0000000712000000, 0x0000000712000000, 0x0000000712200000|  0%| F|  |TAMS 0x0000000712000000, 0x0000000712000000| Untracked 
| 108|0x0000000712200000, 0x0000000712200000, 0x0000000712400000|  0%| F|  |TAMS 0x0000000712200000, 0x0000000712200000| Untracked 
| 109|0x0000000712400000, 0x0000000712400000, 0x0000000712600000|  0%| F|  |TAMS 0x0000000712400000, 0x0000000712400000| Untracked 
| 110|0x0000000712600000, 0x0000000712600000, 0x0000000712800000|  0%| F|  |TAMS 0x0000000712600000, 0x0000000712600000| Untracked 
| 111|0x0000000712800000, 0x0000000712800000, 0x0000000712a00000|  0%| F|  |TAMS 0x0000000712800000, 0x0000000712800000| Untracked 
| 112|0x0000000712a00000, 0x0000000712a00000, 0x0000000712c00000|  0%| F|  |TAMS 0x0000000712a00000, 0x0000000712a00000| Untracked 
| 113|0x0000000712c00000, 0x0000000712e00000, 0x0000000712e00000|100%| S|CS|TAMS 0x0000000712c00000, 0x0000000712c00000| Complete 
| 114|0x0000000712e00000, 0x0000000713000000, 0x0000000713000000|100%| S|CS|TAMS 0x0000000712e00000, 0x0000000712e00000| Complete 
| 115|0x0000000713000000, 0x0000000713000000, 0x0000000713200000|  0%| F|  |TAMS 0x0000000713000000, 0x0000000713000000| Untracked 
| 116|0x0000000713200000, 0x0000000713200000, 0x0000000713400000|  0%| F|  |TAMS 0x0000000713200000, 0x0000000713200000| Untracked 
| 117|0x0000000713400000, 0x0000000713400000, 0x0000000713600000|  0%| F|  |TAMS 0x0000000713400000, 0x0000000713400000| Untracked 
| 118|0x0000000713600000, 0x0000000713600000, 0x0000000713800000|  0%| F|  |TAMS 0x0000000713600000, 0x0000000713600000| Untracked 
| 119|0x0000000713800000, 0x00000007139c5eb8, 0x0000000713a00000| 88%| E|  |TAMS 0x0000000713800000, 0x0000000713800000| Complete 
| 120|0x0000000713a00000, 0x0000000713c00000, 0x0000000713c00000|100%| E|CS|TAMS 0x0000000713a00000, 0x0000000713a00000| Complete 
| 121|0x0000000713c00000, 0x0000000713e00000, 0x0000000713e00000|100%| E|CS|TAMS 0x0000000713c00000, 0x0000000713c00000| Complete 
| 122|0x0000000713e00000, 0x0000000714000000, 0x0000000714000000|100%| E|CS|TAMS 0x0000000713e00000, 0x0000000713e00000| Complete 
| 123|0x0000000714000000, 0x0000000714200000, 0x0000000714200000|100%| E|CS|TAMS 0x0000000714000000, 0x0000000714000000| Complete 
| 124|0x0000000714200000, 0x0000000714400000, 0x0000000714400000|100%| E|CS|TAMS 0x0000000714200000, 0x0000000714200000| Complete 
| 125|0x0000000714400000, 0x0000000714600000, 0x0000000714600000|100%| E|CS|TAMS 0x0000000714400000, 0x0000000714400000| Complete 

Card table byte_map: [0x000001d1769e0000,0x000001d1771c0000] _byte_map_base: 0x000001d1731bb000

Marking Bits (Prev, Next): (CMBitMap*) 0x000001d16e482ca0, (CMBitMap*) 0x000001d16e482ce0
 Prev Bits: [0x000001d1779a0000, 0x000001d17b878000)
 Next Bits: [0x000001d17b880000, 0x000001d17f758000)

Polling page: 0x000001d16bf90000

Metaspace:

Usage:
  Non-class:     13.25 MB used.
      Class:      1.85 MB used.
       Both:     15.10 MB used.

Virtual space:
  Non-class space:       64.00 MB reserved,      13.44 MB ( 21%) committed,  1 nodes.
      Class space:        1.00 GB reserved,       2.00 MB ( <1%) committed,  1 nodes.
             Both:        1.06 GB reserved,      15.44 MB (  1%) committed. 

Chunk freelists:
   Non-Class:  2.53 MB
       Class:  14.03 MB
        Both:  16.56 MB

MaxMetaspaceSize: unlimited
CompressedClassSpaceSize: 1.00 GB
Initial GC threshold: 21.00 MB
Current GC threshold: 21.00 MB
CDS: on
MetaspaceReclaimPolicy: balanced
 - commit_granule_bytes: 65536.
 - commit_granule_words: 8192.
 - virtual_space_node_default_size: 8388608.
 - enlarge_chunks_in_place: 1.
 - new_chunks_are_fully_committed: 0.
 - uncommit_free_chunks: 1.
 - use_allocation_guard: 0.
 - handle_deallocations: 1.


Internal statistics:

num_allocs_failed_limit: 0.
num_arena_births: 300.
num_arena_deaths: 0.
num_vsnodes_births: 2.
num_vsnodes_deaths: 0.
num_space_committed: 247.
num_space_uncommitted: 0.
num_chunks_returned_to_freelist: 0.
num_chunks_taken_from_freelist: 644.
num_chunk_merges: 0.
num_chunk_splits: 369.
num_chunks_enlarged: 200.
num_inconsistent_stats: 0.

CodeHeap 'non-profiled nmethods': size=120000Kb used=694Kb max_used=694Kb free=119305Kb
 bounds [0x000001d107ad0000, 0x000001d107d40000, 0x000001d10f000000]
CodeHeap 'profiled nmethods': size=120000Kb used=3636Kb max_used=3636Kb free=116363Kb
 bounds [0x000001d100000000, 0x000001d100390000, 0x000001d107530000]
CodeHeap 'non-nmethods': size=5760Kb used=1237Kb max_used=1288Kb free=4522Kb
 bounds [0x000001d107530000, 0x000001d1077a0000, 0x000001d107ad0000]
 total_blobs=2448 nmethods=1908 adapters=452
 compilation: enabled
              stopped_count=0, restarted_count=0
 full_count=0

Compilation events (20 events):
Event: 2.784 Thread 0x000001d17ffb9670 nmethod 1899 0x000001d100387890 code [0x000001d100387a80, 0x000001d100387fb8]
Event: 2.785 Thread 0x000001d17ffb9670 1900       3       java.util.stream.ReferencePipeline$2::<init> (20 bytes)
Event: 2.785 Thread 0x000001d17ffb9670 nmethod 1900 0x000001d100388210 code [0x000001d1003883c0, 0x000001d1003886a8]
Event: 2.785 Thread 0x000001d17ffb9670 1901       3       java.lang.Class::methodToString (78 bytes)
Event: 2.786 Thread 0x000001d17ffb9670 nmethod 1901 0x000001d100388810 code [0x000001d100388b00, 0x000001d1003899c8]
Event: 2.786 Thread 0x000001d17ffb9670 1902       3       java.util.concurrent.atomic.AtomicLong::incrementAndGet (14 bytes)
Event: 2.786 Thread 0x000001d17ffb9670 nmethod 1902 0x000001d100389e90 code [0x000001d10038a020, 0x000001d10038a138]
Event: 2.786 Thread 0x000001d17ffb9670 1903       3       sun.util.logging.internal.LoggingProviderImpl$JULWrapper::isLoggable (12 bytes)
Event: 2.786 Thread 0x000001d17ffb9670 nmethod 1903 0x000001d10038a210 code [0x000001d10038a3c0, 0x000001d10038a6a8]
Event: 2.786 Thread 0x000001d17ffb9670 1904       3       java.lang.Math::multiplyExact (74 bytes)
Event: 2.787 Thread 0x000001d17ffb9670 nmethod 1904 0x000001d10038a810 code [0x000001d10038a9e0, 0x000001d10038af08]
Event: 2.787 Thread 0x000001d17ffb9670 1906       3       java.util.stream.AbstractPipeline::copyInto (54 bytes)
Event: 2.787 Thread 0x000001d17ffb9670 nmethod 1906 0x000001d10038b090 code [0x000001d10038b2c0, 0x000001d10038b9f8]
Event: 2.787 Thread 0x000001d17ffb9670 1907   !   3       java.util.ImmutableCollections$ListItr::next (34 bytes)
Event: 2.787 Thread 0x000001d17ffb9670 nmethod 1907 0x000001d10038bc10 code [0x000001d10038bdc0, 0x000001d10038c098]
Event: 2.787 Thread 0x000001d17ffb9670 1905       1       java.lang.Thread::isInterrupted (5 bytes)
Event: 2.787 Thread 0x000001d17ffb9670 nmethod 1905 0x000001d107b76810 code [0x000001d107b769a0, 0x000001d107b76a78]
Event: 3.820 Thread 0x000001d17ffb2840 nmethod 1866 0x000001d107b76b10 code [0x000001d107b76f20, 0x000001d107b7b150]
Event: 3.820 Thread 0x000001d17ffb2840 1887       4       java.lang.String::checkBoundsOffCount (64 bytes)
Event: 3.821 Thread 0x000001d17ffb2840 nmethod 1887 0x000001d107b7d590 code [0x000001d107b7d700, 0x000001d107b7d7b8]

GC Heap History (2 events):
Event: 0.998 GC heap before
{Heap before GC invocations=0 (full 0):
 garbage-first heap   total 258048K, used 20480K [0x0000000704a00000, 0x0000000800000000)
  region size 2048K, 11 young (22528K), 0 survivors (0K)
 Metaspace       used 10264K, committed 10432K, reserved 1114112K
  class space    used 1188K, committed 1280K, reserved 1048576K
}
Event: 1.004 GC heap after
{Heap after GC invocations=1 (full 0):
 garbage-first heap   total 258048K, used 7268K [0x0000000704a00000, 0x0000000800000000)
  region size 2048K, 2 young (4096K), 2 survivors (4096K)
 Metaspace       used 10264K, committed 10432K, reserved 1114112K
  class space    used 1188K, committed 1280K, reserved 1048576K
}

Deoptimization events (20 events):
Event: 1.591 Thread 0x000001d16e4165e0 DEOPT PACKING pc=0x000001d107b52f34 sp=0x000000a63cffde90
Event: 1.591 Thread 0x000001d16e4165e0 DEOPT UNPACKING pc=0x000001d1075823a3 sp=0x000000a63cffde18 mode 2
Event: 1.591 Thread 0x000001d16e4165e0 Uncommon trap: trap_request=0xffffffde fr.pc=0x000001d107b52f34 relative=0x0000000000000114
Event: 1.591 Thread 0x000001d16e4165e0 Uncommon trap: reason=class_check action=maybe_recompile pc=0x000001d107b52f34 method=jdk.internal.misc.Unsafe.allocateUninitializedArray(Ljava/lang/Class;I)Ljava/lang/Object; @ 51 c2
Event: 1.591 Thread 0x000001d16e4165e0 DEOPT PACKING pc=0x000001d107b52f34 sp=0x000000a63cffde20
Event: 1.591 Thread 0x000001d16e4165e0 DEOPT UNPACKING pc=0x000001d1075823a3 sp=0x000000a63cffdda8 mode 2
Event: 1.591 Thread 0x000001d16e4165e0 Uncommon trap: trap_request=0xffffffde fr.pc=0x000001d107b52f34 relative=0x0000000000000114
Event: 1.591 Thread 0x000001d16e4165e0 Uncommon trap: reason=class_check action=maybe_recompile pc=0x000001d107b52f34 method=jdk.internal.misc.Unsafe.allocateUninitializedArray(Ljava/lang/Class;I)Ljava/lang/Object; @ 51 c2
Event: 1.591 Thread 0x000001d16e4165e0 DEOPT PACKING pc=0x000001d107b52f34 sp=0x000000a63cffdde0
Event: 1.591 Thread 0x000001d16e4165e0 DEOPT UNPACKING pc=0x000001d1075823a3 sp=0x000000a63cffdd68 mode 2
Event: 1.591 Thread 0x000001d16e4165e0 Uncommon trap: trap_request=0xffffffde fr.pc=0x000001d107b52f34 relative=0x0000000000000114
Event: 1.591 Thread 0x000001d16e4165e0 Uncommon trap: reason=class_check action=maybe_recompile pc=0x000001d107b52f34 method=jdk.internal.misc.Unsafe.allocateUninitializedArray(Ljava/lang/Class;I)Ljava/lang/Object; @ 51 c2
Event: 1.591 Thread 0x000001d16e4165e0 DEOPT PACKING pc=0x000001d107b52f34 sp=0x000000a63cffdac0
Event: 1.591 Thread 0x000001d16e4165e0 DEOPT UNPACKING pc=0x000001d1075823a3 sp=0x000000a63cffda48 mode 2
Event: 1.669 Thread 0x000001d15761a4c0 Uncommon trap: trap_request=0xffffff76 fr.pc=0x000001d107b161cc relative=0x00000000000011ac
Event: 1.669 Thread 0x000001d15761a4c0 Uncommon trap: reason=predicate action=maybe_recompile pc=0x000001d107b161cc method=java.util.TreeMap.put(Ljava/lang/Object;Ljava/lang/Object;Z)Ljava/lang/Object; @ 123 c2
Event: 1.669 Thread 0x000001d15761a4c0 DEOPT PACKING pc=0x000001d107b161cc sp=0x000000a63fcfe240
Event: 1.669 Thread 0x000001d15761a4c0 DEOPT UNPACKING pc=0x000001d1075823a3 sp=0x000000a63fcfe1e8 mode 2
Event: 2.511 Thread 0x000001d15761a4c0 DEOPT PACKING pc=0x000001d10026579e sp=0x000000a63fcf9890
Event: 2.511 Thread 0x000001d15761a4c0 DEOPT UNPACKING pc=0x000001d107582b43 sp=0x000000a63fcf8da0 mode 0

Classes unloaded (0 events):
No events

Classes redefined (0 events):
No events

Internal exceptions (20 events):
Event: 1.076 Thread 0x000001d16e4165e0 Exception <a 'java/lang/NoSuchMethodError'{0x0000000714596c68}: 'java.lang.Object java.lang.invoke.DirectMethodHandle$Holder.invokeVirtual(java.lang.Object, java.lang.Object, java.lang.Object, java.lang.Object)'> (0x0000000714596c68) 
thrown [s\open\src\hotspot\share\interpreter\linkResolver.cpp, line 759]
Event: 1.350 Thread 0x000001d15761aee0 Exception <a 'java/net/ConnectException'{0x000000071426aa70}: Connection refused: no further information> (0x000000071426aa70) 
thrown [s\open\src\hotspot\share\prims\jni.cpp, line 535]
Event: 1.350 Thread 0x000001d15761aee0 Exception <a 'java/net/SocketException'{0x000000071426ada8}: Socket is not connected: shutdown> (0x000000071426ada8) 
thrown [s\open\src\hotspot\share\prims\jni.cpp, line 535]
Event: 1.373 Thread 0x000001d15761aee0 Exception <a 'java/net/ConnectException'{0x000000071426bda0}: Connection refused: no further information> (0x000000071426bda0) 
thrown [s\open\src\hotspot\share\prims\jni.cpp, line 535]
Event: 1.373 Thread 0x000001d15761aee0 Exception <a 'java/net/SocketException'{0x000000071426c0d8}: Socket is not connected: shutdown> (0x000000071426c0d8) 
thrown [s\open\src\hotspot\share\prims\jni.cpp, line 535]
Event: 1.403 Thread 0x000001d15761aee0 Exception <a 'java/net/ConnectException'{0x000000071426d000}: Connection refused: no further information> (0x000000071426d000) 
thrown [s\open\src\hotspot\share\prims\jni.cpp, line 535]
Event: 1.403 Thread 0x000001d15761aee0 Exception <a 'java/net/SocketException'{0x000000071426d338}: Socket is not connected: shutdown> (0x000000071426d338) 
thrown [s\open\src\hotspot\share\prims\jni.cpp, line 535]
Event: 1.466 Thread 0x000001d15761aee0 Exception <a 'java/net/ConnectException'{0x000000071426e260}: Connection refused: no further information> (0x000000071426e260) 
thrown [s\open\src\hotspot\share\prims\jni.cpp, line 535]
Event: 1.466 Thread 0x000001d15761aee0 Exception <a 'java/net/SocketException'{0x000000071426e598}: Socket is not connected: shutdown> (0x000000071426e598) 
thrown [s\open\src\hotspot\share\prims\jni.cpp, line 535]
Event: 1.595 Thread 0x000001d16e4165e0 Exception <a 'java/lang/NoSuchMethodError'{0x00000007143563f0}: 'java.lang.Object java.lang.invoke.DirectMethodHandle$Holder.newInvokeSpecial(java.lang.Object, java.lang.Object, int, int)'> (0x00000007143563f0) 
thrown [s\open\src\hotspot\share\interpreter\linkResolver.cpp, line 759]
Event: 1.596 Thread 0x000001d16e4165e0 Exception <a 'java/lang/NoSuchMethodError'{0x0000000714360ed8}: 'void java.lang.invoke.DirectMethodHandle$Holder.invokeStatic(java.lang.Object, java.lang.Object, int)'> (0x0000000714360ed8) 
thrown [s\open\src\hotspot\share\interpreter\linkResolver.cpp, line 759]
Event: 1.622 Thread 0x000001d15761a4c0 Exception <a 'java/lang/NoSuchMethodError'{0x0000000714021a48}: 'java.lang.Object java.lang.invoke.DirectMethodHandle$Holder.newInvokeSpecial(java.lang.Object, java.lang.Object, java.lang.Object, java.lang.Object, java.lang.Object)'> (0x0000000714021a48) 
thrown [s\open\src\hotspot\share\interpreter\linkResolver.cpp, line 759]
Event: 1.643 Thread 0x000001d15761a4c0 Exception <a 'java/lang/NoSuchMethodError'{0x000000071408bd70}: 'java.lang.Object java.lang.invoke.DirectMethodHandle$Holder.invokeSpecial(java.lang.Object, java.lang.Object, java.lang.Object, java.lang.Object, int)'> (0x000000071408bd70) 
thrown [s\open\src\hotspot\share\interpreter\linkResolver.cpp, line 759]
Event: 1.643 Thread 0x000001d15761a4c0 Exception <a 'java/lang/NoSuchMethodError'{0x000000071408f938}: 'java.lang.Object java.lang.invoke.Invokers$Holder.linkToTargetMethod(java.lang.Object, java.lang.Object, int, java.lang.Object)'> (0x000000071408f938) 
thrown [s\open\src\hotspot\share\interpreter\linkResolver.cpp, line 759]
Event: 1.652 Thread 0x000001d15761a4c0 Exception <a 'java/lang/NoSuchMethodError'{0x00000007140b32b8}: 'void java.lang.invoke.DirectMethodHandle$Holder.invokeSpecial(java.lang.Object, java.lang.Object, java.lang.Object)'> (0x00000007140b32b8) 
thrown [s\open\src\hotspot\share\interpreter\linkResolver.cpp, line 759]
Event: 1.662 Thread 0x000001d15761a4c0 Exception <a 'java/lang/NoSuchMethodError'{0x00000007140e5ef8}: 'void java.lang.invoke.DirectMethodHandle$Holder.invokeSpecial(java.lang.Object, java.lang.Object, java.lang.Object, java.lang.Object, java.lang.Object)'> (0x00000007140e5ef8) 
thrown [s\open\src\hotspot\share\interpreter\linkResolver.cpp, line 759]
Event: 2.427 Thread 0x000001d157b4d050 Exception <a 'java/lang/NoSuchMethodError'{0x00000007141e32a0}: 'void java.lang.invoke.DirectMethodHandle$Holder.invokeSpecial(java.lang.Object, java.lang.Object, java.lang.Object, java.lang.Object, java.lang.Object, java.lang.Object, java.lang.Object)'> (0x00000007141e32a0) 
thrown [s\open\src\hotspot\share\interpreter\linkResolver.cpp, line 759]
Event: 2.590 Thread 0x000001d16e4165e0 Exception <a 'java/lang/NoSuchMethodError'{0x0000000713db3878}: 'java.lang.Object java.lang.invoke.DirectMethodHandle$Holder.invokeSpecialIFC(java.lang.Object, java.lang.Object, java.lang.Object)'> (0x0000000713db3878) 
thrown [s\open\src\hotspot\share\interpreter\linkResolver.cpp, line 759]
Event: 2.736 Thread 0x000001d16e4165e0 Exception <a 'java/lang/ClassNotFoundException'{0x0000000713918e48}: sun/util/logging/resources/spi/loggingProvider> (0x0000000713918e48) 
thrown [s\open\src\hotspot\share\classfile\systemDictionary.cpp, line 256]
Event: 2.739 Thread 0x000001d16e4165e0 Exception <a 'java/lang/NoSuchMethodError'{0x000000071392d1b8}: 'java.lang.Object java.lang.invoke.DirectMethodHandle$Holder.invokeVirtual(java.lang.Object, java.lang.Object, java.lang.Object)'> (0x000000071392d1b8) 
thrown [s\open\src\hotspot\share\interpreter\linkResolver.cpp, line 759]

VM Operations (20 events):
Event: 0.458 Executing VM operation: HandshakeAllThreads
Event: 0.458 Executing VM operation: HandshakeAllThreads done
Event: 0.692 Executing VM operation: HandshakeAllThreads
Event: 0.692 Executing VM operation: HandshakeAllThreads done
Event: 0.753 Executing VM operation: ICBufferFull
Event: 0.753 Executing VM operation: ICBufferFull done
Event: 0.979 Executing VM operation: HandshakeAllThreads
Event: 0.979 Executing VM operation: HandshakeAllThreads done
Event: 0.998 Executing VM operation: G1CollectForAllocation
Event: 1.004 Executing VM operation: G1CollectForAllocation done
Event: 1.565 Executing VM operation: HandshakeAllThreads
Event: 1.565 Executing VM operation: HandshakeAllThreads done
Event: 1.566 Executing VM operation: HandshakeAllThreads
Event: 1.566 Executing VM operation: HandshakeAllThreads done
Event: 1.610 Executing VM operation: HandshakeAllThreads
Event: 1.610 Executing VM operation: HandshakeAllThreads done
Event: 2.624 Executing VM operation: Cleanup
Event: 2.625 Executing VM operation: Cleanup done
Event: 3.633 Executing VM operation: Cleanup
Event: 3.823 Executing VM operation: Cleanup done

Events (20 events):
Event: 2.736 loading class java/util/ResourceBundle$CacheKeyReference done
Event: 2.736 loading class java/util/ResourceBundle$KeyElementReference done
Event: 2.736 loading class java/util/ResourceBundle$3
Event: 2.736 loading class java/util/ResourceBundle$3 done
Event: 2.736 loading class sun/util/logging/resources/logging
Event: 2.736 loading class sun/util/logging/resources/logging done
Event: 2.737 loading class java/util/ResourceBundle$BundleReference
Event: 2.737 loading class java/util/ResourceBundle$BundleReference done
Event: 2.737 loading class sun/util/logging/resources/logging_en
Event: 2.737 loading class sun/util/logging/resources/logging_en done
Event: 2.737 loading class sun/util/logging/resources/logging_en
Event: 2.737 loading class sun/util/logging/resources/logging_en done
Event: 2.737 loading class sun/util/logging/resources/logging_en_IN
Event: 2.737 loading class sun/util/logging/resources/logging_en_IN done
Event: 2.737 loading class sun/util/logging/resources/logging_en_IN
Event: 2.737 loading class sun/util/logging/resources/logging_en_IN done
Event: 2.737 loading class java/util/Formatter$DateTime
Event: 2.737 loading class java/util/Formatter$DateTime done
Event: 2.738 loading class java/time/ZonedDateTime$1
Event: 2.738 loading class java/time/ZonedDateTime$1 done


Dynamic libraries:
0x00007ff7774a0000 - 0x00007ff7774b0000 	C:\Program Files\Java\jdk-17\bin\java.exe
0x00007fff93aa0000 - 0x00007fff93d07000 	C:\WINDOWS\SYSTEM32\ntdll.dll
0x00007fff91830000 - 0x00007fff918f9000 	C:\WINDOWS\System32\KERNEL32.DLL
0x00007fff91430000 - 0x00007fff91824000 	C:\WINDOWS\System32\KERNELBASE.dll
0x00007fff90d50000 - 0x00007fff90e9b000 	C:\WINDOWS\System32\ucrtbase.dll
0x00007fff868e0000 - 0x00007fff868f9000 	C:\Program Files\Java\jdk-17\bin\jli.dll
0x00007fff92240000 - 0x00007fff922f6000 	C:\WINDOWS\System32\ADVAPI32.dll
0x00007fff93620000 - 0x00007fff936c9000 	C:\WINDOWS\System32\msvcrt.dll
0x00007fff930a0000 - 0x00007fff93147000 	C:\WINDOWS\System32\sechost.dll
0x00007fff92810000 - 0x00007fff92928000 	C:\WINDOWS\System32\RPCRT4.dll
0x00007fff919f0000 - 0x00007fff91bb5000 	C:\WINDOWS\System32\USER32.dll
0x00007fff90fe0000 - 0x00007fff91007000 	C:\WINDOWS\System32\win32u.dll
0x00007fff927e0000 - 0x00007fff9280b000 	C:\WINDOWS\System32\GDI32.dll
0x00007fff91300000 - 0x00007fff9142b000 	C:\WINDOWS\System32\gdi32full.dll
0x00007fff910d0000 - 0x00007fff91173000 	C:\WINDOWS\System32\msvcp_win.dll
0x00007fff868c0000 - 0x00007fff868db000 	C:\Program Files\Java\jdk-17\bin\VCRUNTIME140.dll
0x00007fff6bdb0000 - 0x00007fff6c043000 	C:\WINDOWS\WinSxS\amd64_microsoft.windows.common-controls_6595b64144ccf1df_6.0.26100.8115_none_3e075c82e3354f9c\COMCTL32.dll
0x00007fff892e0000 - 0x00007fff892eb000 	C:\WINDOWS\SYSTEM32\VERSION.dll
0x00007fff926a0000 - 0x00007fff926d2000 	C:\WINDOWS\System32\IMM32.DLL
0x00007fff668b0000 - 0x00007fff66a0c000 	C:\Program Files (x86)\Citrix\ICA Client\ctxapclient64.dll
0x00007fff936d0000 - 0x00007fff93a52000 	C:\WINDOWS\System32\combase.dll
0x00007fff90260000 - 0x00007fff9028a000 	C:\WINDOWS\SYSTEM32\bcrypt.dll
0x00007fff8f340000 - 0x00007fff8f376000 	C:\WINDOWS\SYSTEM32\ntmarta.dll
0x00007fff90f30000 - 0x00007fff90fd5000 	C:\WINDOWS\System32\bcryptprimitives.dll
0x00007fff8b7d0000 - 0x00007fff8b7dc000 	C:\Program Files\Java\jdk-17\bin\vcruntime140_1.dll
0x00007fff67a90000 - 0x00007fff67b1e000 	C:\Program Files\Java\jdk-17\bin\msvcp140.dll
0x00007ffeb5b00000 - 0x00007ffeb66e0000 	C:\Program Files\Java\jdk-17\bin\server\jvm.dll
0x00007fff92610000 - 0x00007fff92618000 	C:\WINDOWS\System32\PSAPI.DLL
0x00007fff86180000 - 0x00007fff8618a000 	C:\WINDOWS\SYSTEM32\WSOCK32.dll
0x000001d16db20000 - 0x000001d16dba0000 	C:\WINDOWS\System32\WS2_32.dll
0x00007fff7c8e0000 - 0x00007fff7c916000 	C:\WINDOWS\SYSTEM32\WINMM.dll
0x00007fff8f220000 - 0x00007fff8f23b000 	C:\WINDOWS\SYSTEM32\kernel.appcore.dll
0x00007fff85180000 - 0x00007fff8518a000 	C:\Program Files\Java\jdk-17\bin\jimage.dll
0x00007fff8e1d0000 - 0x00007fff8e412000 	C:\WINDOWS\SYSTEM32\DBGHELP.DLL
0x00007fff92300000 - 0x00007fff923d8000 	C:\WINDOWS\System32\OLEAUT32.dll
0x00007fff54800000 - 0x00007fff5483b000 	C:\WINDOWS\SYSTEM32\dbgcore.DLL
0x00007fff85170000 - 0x00007fff8517e000 	C:\Program Files\Java\jdk-17\bin\instrument.dll
0x00007fff85040000 - 0x00007fff85065000 	C:\Program Files\Java\jdk-17\bin\java.dll
0x00007fff41cc0000 - 0x00007fff41d97000 	C:\Program Files\Java\jdk-17\bin\jsvml.dll
0x00007fff92930000 - 0x00007fff93097000 	C:\WINDOWS\System32\SHELL32.dll
0x00007fff90be0000 - 0x00007fff90d4a000 	C:\WINDOWS\System32\wintypes.dll
0x00007fff90370000 - 0x00007fff90bd8000 	C:\WINDOWS\System32\windows.storage.dll
0x000001d111850000 - 0x000001d111948000 	C:\WINDOWS\System32\SHCORE.dll
0x00007fff935b0000 - 0x00007fff93616000 	C:\WINDOWS\System32\shlwapi.dll
0x00007fff90290000 - 0x00007fff902b9000 	C:\WINDOWS\SYSTEM32\profapi.dll
0x00007fff846e0000 - 0x00007fff846f8000 	C:\Program Files\Java\jdk-17\bin\zip.dll
0x00007fff84720000 - 0x00007fff84739000 	C:\Program Files\Java\jdk-17\bin\net.dll
0x00007fff864e0000 - 0x00007fff8660d000 	C:\WINDOWS\SYSTEM32\WINHTTP.dll
0x00007fff8f790000 - 0x00007fff8f7fc000 	C:\WINDOWS\system32\mswsock.dll
0x00007fff84700000 - 0x00007fff84716000 	C:\Program Files\Java\jdk-17\bin\nio.dll
0x00007fff8eba0000 - 0x00007fff8ecd2000 	C:\WINDOWS\SYSTEM32\DNSAPI.dll
0x00007fff8eb00000 - 0x00007fff8eb32000 	C:\WINDOWS\SYSTEM32\IPHLPAPI.DLL
0x00007fff93400000 - 0x00007fff9340a000 	C:\WINDOWS\System32\NSI.dll
0x00007fff7d000000 - 0x00007fff7d00b000 	C:\Windows\System32\rasadhlp.dll
0x00007fff7ec80000 - 0x00007fff7ed06000 	C:\WINDOWS\System32\fwpuclnt.dll
0x00007fff850e0000 - 0x00007fff850ea000 	C:\Program Files\Java\jdk-17\bin\management.dll
0x00007fff84fc0000 - 0x00007fff84fcb000 	C:\Program Files\Java\jdk-17\bin\management_ext.dll
0x00007fff8fa80000 - 0x00007fff8fa9b000 	C:\WINDOWS\SYSTEM32\CRYPTSP.dll
0x00007fff8f180000 - 0x00007fff8f1b9000 	C:\WINDOWS\system32\rsaenh.dll
0x00007fff8f840000 - 0x00007fff8f873000 	C:\WINDOWS\SYSTEM32\USERENV.dll
0x00007fff8fa70000 - 0x00007fff8fa7c000 	C:\WINDOWS\SYSTEM32\CRYPTBASE.dll
0x00007fff89490000 - 0x00007fff894ad000 	C:\WINDOWS\SYSTEM32\dhcpcsvc6.DLL
0x00007fff88ed0000 - 0x00007fff88ef5000 	C:\WINDOWS\SYSTEM32\dhcpcsvc.DLL
0x00007fff46a10000 - 0x00007fff46a28000 	C:\WINDOWS\system32\napinsp.dll
0x00007fff469f0000 - 0x00007fff46a03000 	C:\WINDOWS\System32\winrnr.dll
0x00007fff465a0000 - 0x00007fff465c2000 	C:\WINDOWS\system32\nlansp_c.dll
0x00007fff4e240000 - 0x00007fff4e256000 	C:\WINDOWS\system32\wshbth.dll
0x00007fff6b330000 - 0x00007fff6b386000 	C:\WINDOWS\SYSTEM32\pdh.dll
0x00007fff84ee0000 - 0x00007fff84eee000 	C:\Program Files\Java\jdk-17\bin\sunmscapi.dll
0x000001d1587d0000 - 0x000001d158947000 	C:\WINDOWS\System32\CRYPT32.dll
0x00007fff8fc90000 - 0x00007fff8fcc0000 	C:\WINDOWS\SYSTEM32\ncrypt.dll
0x00007fff8fc40000 - 0x00007fff8fc7f000 	C:\WINDOWS\SYSTEM32\NTASN1.dll
0x00007fff868a0000 - 0x00007fff868b2000 	C:\WINDOWS\System32\perfproc.dll
0x00007fff71110000 - 0x00007fff71118000 	C:\WINDOWS\system32\wshunix.dll
0x00007fff6c790000 - 0x00007fff6c7a1000 	C:\WINDOWS\System32\perfos.dll
0x00007fff8d940000 - 0x00007fff8d952000 	C:\WINDOWS\SYSTEM32\pfclient.dll

dbghelp: loaded successfully - version: 4.0.5 - missing functions: none
symbol engine: initialized successfully - sym options: 0x614 - pdb path: .;C:\Program Files\Java\jdk-17\bin;C:\WINDOWS\SYSTEM32;C:\WINDOWS\WinSxS\amd64_microsoft.windows.common-controls_6595b64144ccf1df_6.0.26100.8115_none_3e075c82e3354f9c;C:\Program Files (x86)\Citrix\ICA Client;C:\Program Files\Java\jdk-17\bin\server

VM Arguments:
jvm_args: -javaagent:C:\IntelliJ IDEA 2026.1.1\lib\idea_rt.jar=53807 -Dfile.encoding=UTF-8 
java_command: TestRunner
java_class_path (initial): C:\Users\EG\IdeaProjects\MavenProject\target\test-classes;C:\Users\EG\IdeaProjects\MavenProject\target\classes;C:\Users\EG\.m2\repository\org\seleniumhq\selenium\selenium-java\4.40.0\selenium-java-4.40.0.jar;C:\Users\EG\.m2\repository\org\seleniumhq\selenium\selenium-api\4.40.0\selenium-api-4.40.0.jar;C:\Users\EG\.m2\repository\org\jspecify\jspecify\1.0.0\jspecify-1.0.0.jar;C:\Users\EG\.m2\repository\org\seleniumhq\selenium\selenium-chrome-driver\4.40.0\selenium-chrome-driver-4.40.0.jar;C:\Users\EG\.m2\repository\com\google\auto\service\auto-service-annotations\1.1.1\auto-service-annotations-1.1.1.jar;C:\Users\EG\.m2\repository\org\seleniumhq\selenium\selenium-chromium-driver\4.40.0\selenium-chromium-driver-4.40.0.jar;C:\Users\EG\.m2\repository\org\seleniumhq\selenium\selenium-json\4.40.0\selenium-json-4.40.0.jar;C:\Users\EG\.m2\repository\org\seleniumhq\selenium\selenium-manager\4.40.0\selenium-manager-4.40.0.jar;C:\Users\EG\.m2\repository\org\seleniumhq\selenium\selenium-devtools-v142\4.40.0\selenium-devtools-v142-4.40.0.jar;C:\Users\EG\.m2\repository\org\seleniumhq\selenium\selenium-devtools-v143\4.40.0\selenium-devtools-v143-4.40.0.jar;C:\Users\EG\.m2\repository\org\seleniumhq\selenium\selenium-devtools-v144\4.40.0\selenium-devtools-v144-4.40.0.jar;C:\Users\EG\.m2\repository\org\seleniumhq\selenium\selenium-edge-driver\4.40.0\selenium-edge-driver-4.40.0.jar;C:\Users\EG\.m2\repository\org\seleniumhq\selenium\selenium-firefox-driver\4.40.0\selenium-firefox-driver-4.40.0.jar;C:\Users\EG\.m2\repository\org\seleniumhq\selenium\selenium-http\4.40.0\selenium-http-4.40.0.jar;C:\Users\EG\.m2\repository\org\seleniumhq\selenium\selenium-ie-driver\4.40.0\selenium-ie-driver-4.40.0.jar;C:\Users\EG\.m2\repository\org\seleniumhq\selenium\selenium-remote-driver\4.40.0\selenium-remote-driver-4.40.0.jar;C:\Users\EG\.m2\repository\com\google\guava\guava\33.5.0-jre\guava-33.5.0-jre.jar;C:\Users\EG\.m2\repository\com\google\guava\failureaccess\1.0.3\failu
Launcher Type: SUN_STANDARD

[Global flags]
     intx CICompilerCount                          = 4                                         {product} {ergonomic}
     uint ConcGCThreads                            = 3                                         {product} {ergonomic}
     uint G1ConcRefinementThreads                  = 10                                        {product} {ergonomic}
   size_t G1HeapRegionSize                         = 2097152                                   {product} {ergonomic}
    uintx GCDrainStackTargetSize                   = 64                                        {product} {ergonomic}
   size_t InitialHeapSize                          = 264241152                                 {product} {ergonomic}
   size_t MarkStackSize                            = 4194304                                   {product} {ergonomic}
   size_t MaxHeapSize                              = 4217372672                                {product} {ergonomic}
   size_t MaxNewSize                               = 2529165312                                {product} {ergonomic}
   size_t MinHeapDeltaBytes                        = 2097152                                   {product} {ergonomic}
   size_t MinHeapSize                              = 8388608                                   {product} {ergonomic}
    uintx NonNMethodCodeHeapSize                   = 5839372                                {pd product} {ergonomic}
    uintx NonProfiledCodeHeapSize                  = 122909434                              {pd product} {ergonomic}
    uintx ProfiledCodeHeapSize                     = 122909434                              {pd product} {ergonomic}
    uintx ReservedCodeCacheSize                    = 251658240                              {pd product} {ergonomic}
     bool SegmentedCodeCache                       = true                                      {product} {ergonomic}
   size_t SoftMaxHeapSize                          = 4217372672                             {manageable} {ergonomic}
     bool UseCompressedClassPointers               = true                           {product lp64_product} {ergonomic}
     bool UseCompressedOops                        = true                           {product lp64_product} {ergonomic}
     bool UseG1GC                                  = true                                      {product} {ergonomic}
     bool UseLargePagesIndividualAllocation        = false                                  {pd product} {ergonomic}

Logging:
Log output configuration:
 #0: stdout all=warning uptime,level,tags
 #1: stderr all=off uptime,level,tags

Environment Variables:
PATH=C:\Program Files\Common Files\Oracle\Java\javapath;C:\Program Files (x86)\Common Files\Oracle\Java\javapath;C:\Windows\system32;C:\Windows;C:\Windows\System32\Wbem;C:\Windows\System32\WindowsPowerShell\v1.0\;C:\Windows\System32\OpenSSH\;C:\Program Files (x86)\NVIDIA Corporation\PhysX\Common;C:\Program Files\NVIDIA Corporation\NVIDIA NvDLISR;C:\WINDOWS\system32;C:\WINDOWS;C:\WINDOWS\System32\Wbem;C:\WINDOWS\System32\WindowsPowerShell\v1.0\;C:\WINDOWS\System32\OpenSSH\;C:\Users\EG\AppData\Local\Microsoft\WindowsApps;
USERNAME=EG
OS=Windows_NT
PROCESSOR_IDENTIFIER=Intel64 Family 6 Model 186 Stepping 2, GenuineIntel



---------------  S Y S T E M  ---------------

OS:
 Windows 11 , 64 bit Build 26100 (10.0.26100.8246)
OS uptime: 18 days 3:55 hours
Hyper-V role detected

CPU: total 12 (initial active 12) (6 cores per cpu, 2 threads per core) family 6 model 186 stepping 2 microcode 0x5103, cx8, cmov, fxsr, ht, mmx, 3dnowpref, sse, sse2, sse3, ssse3, sse4.1, sse4.2, popcnt, lzcnt, tsc, tscinvbit, avx, avx2, aes, erms, clmul, bmi1, bmi2, adx, sha, fma, vzeroupper, clflush, clflushopt, clwb, hv

Memory: 4k page, system-wide physical 16087M (3395M free)
TotalPageFile size 18803M (AvailPageFile size 13M)
current process WorkingSet (physical memory assigned to process): 124M, peak: 125M
current process commit charge ("private bytes"): 395M, peak: 396M

vm_info: Java HotSpot(TM) 64-Bit Server VM (17.0.11+7-LTS-207) for windows-amd64 JRE (17.0.11+7-LTS-207), built on Mar 11 2024 19:01:50 by "mach5one" with MS VC++ 17.6 (VS2022)

END.
