#
# There is insufficient memory for the Java Runtime Environment to continue.
# Native memory allocation (malloc) failed to allocate 2027360 bytes for Chunk::new
# Possible reasons:
#   The system is out of physical RAM or swap space
#   The process is running with CompressedOops enabled, and the Java Heap may be blocking the growth of the native heap
# Possible solutions:
#   Reduce memory load on the system
#   Increase physical memory or swap space
#   Check if swap backing store is full
#   Decrease Java heap size (-Xmx/-Xms)
#   Decrease number of Java threads
#   Decrease Java thread stack sizes (-Xss)
#   Set larger code cache with -XX:ReservedCodeCacheSize=
#   JVM is running with Zero Based Compressed Oops mode in which the Java heap is
#     placed in the first 32GB address space. The Java Heap base address is the
#     maximum limit for the native heap growth. Please use -XX:HeapBaseMinAddress
#     to set the Java Heap base and to place the Java Heap above 32GB virtual address.
# This output file may be truncated or incomplete.
#
#  Out of Memory Error (arena.cpp:189), pid=33296, tid=33612
#
# JRE version: Java(TM) SE Runtime Environment (17.0.11+7) (build 17.0.11+7-LTS-207)
# Java VM: Java HotSpot(TM) 64-Bit Server VM (17.0.11+7-LTS-207, mixed mode, sharing, tiered, compressed oops, compressed class ptrs, g1 gc, windows-amd64)
# No core dump will be written. Minidumps are not enabled by default on client versions of Windows
#

---------------  S U M M A R Y ------------

Command Line: -javaagent:C:\IntelliJ IDEA 2026.1.1\lib\idea_rt.jar=62381 -Dfile.encoding=UTF-8 com.runner.TestRunner

Host: 13th Gen Intel(R) Core(TM) i5-13420H, 12 cores, 15G,  Windows 11 , 64 bit Build 26100 (10.0.26100.8246)
Time: Fri May  8 19:58:29 2026 India Standard Time elapsed time: 10.662056 seconds (0d 0h 0m 10s)

---------------  T H R E A D  ---------------

Current thread (0x0000023cfd4cd6a0):  JavaThread "C2 CompilerThread0" daemon [_thread_in_native, id=33612, stack(0x000000cd2ac00000,0x000000cd2ad00000)]


Current CompileTask:
C2:  10662 1615       4       java.lang.invoke.MethodType::makeImpl (109 bytes)

Stack: [0x000000cd2ac00000,0x000000cd2ad00000]
Native frames: (J=compiled Java code, j=interpreted, Vv=VM code, C=native code)
V  [jvm.dll+0x679cca]
V  [jvm.dll+0x7da13d]
V  [jvm.dll+0x7dba83]
V  [jvm.dll+0x7dc0f3]
V  [jvm.dll+0x2449af]
V  [jvm.dll+0xab83b]
V  [jvm.dll+0xabe1c]
V  [jvm.dll+0x3615ae]
V  [jvm.dll+0x32bd61]
V  [jvm.dll+0x32b1fa]
V  [jvm.dll+0x2161df]
V  [jvm.dll+0x21560f]
V  [jvm.dll+0x1a2040]
V  [jvm.dll+0x225a2b]
V  [jvm.dll+0x223bcb]
V  [jvm.dll+0x7903ec]
V  [jvm.dll+0x78a85a]
V  [jvm.dll+0x678bb5]
C  [ucrtbase.dll+0x37b0]
C  [KERNEL32.DLL+0x2e8d7]
C  [ntdll.dll+0x8c3fc]


---------------  P R O C E S S  ---------------

Threads class SMR info:
_java_thread_list=0x0000023cfe8f3230, length=29, elements={
0x0000023cda4533c0, 0x0000023cfcb7af90, 0x0000023cfcb7c8a0, 0x0000023cfcb96010,
0x0000023cfcb9a9f0, 0x0000023cfcb9c100, 0x0000023cfcb9cac0, 0x0000023cfd4cd6a0,
0x0000023cfd4f0a90, 0x0000023cfd4ff8e0, 0x0000023cfd5f9a80, 0x0000023cfd6e29f0,
0x0000023cfe25f490, 0x0000023cfe818250, 0x0000023cfe95c8e0, 0x0000023cfe96cfe0,
0x0000023cfe96d4c0, 0x0000023cfe9636a0, 0x0000023cfe962260, 0x0000023cfe9640c0,
0x0000023cfe9645d0, 0x0000023cfe961d50, 0x0000023cfe962770, 0x0000023cfe963190,
0x0000023cfe963bb0, 0x0000023cfe960e20, 0x0000023cfe962c80, 0x0000023cfe961330,
0x0000023cfe961840
}

Java Threads: ( => current thread )
  0x0000023cda4533c0 JavaThread "main" [_thread_in_vm, id=37320, stack(0x000000cd29e00000,0x000000cd29f00000)]
  0x0000023cfcb7af90 JavaThread "Reference Handler" daemon [_thread_blocked, id=15604, stack(0x000000cd2a600000,0x000000cd2a700000)]
  0x0000023cfcb7c8a0 JavaThread "Finalizer" daemon [_thread_blocked, id=26244, stack(0x000000cd2a700000,0x000000cd2a800000)]
  0x0000023cfcb96010 JavaThread "Signal Dispatcher" daemon [_thread_blocked, id=6644, stack(0x000000cd2a800000,0x000000cd2a900000)]
  0x0000023cfcb9a9f0 JavaThread "Attach Listener" daemon [_thread_blocked, id=23984, stack(0x000000cd2a900000,0x000000cd2aa00000)]
  0x0000023cfcb9c100 JavaThread "Service Thread" daemon [_thread_blocked, id=14176, stack(0x000000cd2aa00000,0x000000cd2ab00000)]
  0x0000023cfcb9cac0 JavaThread "Monitor Deflation Thread" daemon [_thread_blocked, id=33260, stack(0x000000cd2ab00000,0x000000cd2ac00000)]
=>0x0000023cfd4cd6a0 JavaThread "C2 CompilerThread0" daemon [_thread_in_native, id=33612, stack(0x000000cd2ac00000,0x000000cd2ad00000)]
  0x0000023cfd4f0a90 JavaThread "C1 CompilerThread0" daemon [_thread_in_native, id=33436, stack(0x000000cd2ad00000,0x000000cd2ae00000)]
  0x0000023cfd4ff8e0 JavaThread "Sweeper thread" daemon [_thread_blocked, id=16460, stack(0x000000cd2ae00000,0x000000cd2af00000)]
  0x0000023cfd5f9a80 JavaThread "Common-Cleaner" daemon [_thread_blocked, id=27264, stack(0x000000cd2af00000,0x000000cd2b000000)]
  0x0000023cfd6e29f0 JavaThread "Monitor Ctrl-Break" daemon [_thread_in_native, id=11536, stack(0x000000cd2b100000,0x000000cd2b200000)]
  0x0000023cfe25f490 JavaThread "Notification Thread" daemon [_thread_blocked, id=37844, stack(0x000000cd2b200000,0x000000cd2b300000)]
  0x0000023cfe818250 JavaThread "ForkJoinPool.commonPool-worker-1" daemon [_thread_blocked, id=23804, stack(0x000000cd2b000000,0x000000cd2b100000)]
  0x0000023cfe95c8e0 JavaThread "HttpClient-1-SelectorManager" daemon [_thread_in_native, id=3740, stack(0x000000cd2b400000,0x000000cd2b500000)]
  0x0000023cfe96cfe0 JavaThread "External Process Output Forwarder - C:\Users\EG\.cache\selenium\chromedriver\win64\147.0.7727.117\chromedriver.exe" daemon [_thread_in_native, id=14076, stack(0x000000cd2b500000,0x000000cd2b600000)]
  0x0000023cfe96d4c0 JavaThread "Driver Service Executor" daemon [_thread_blocked, id=14060, stack(0x000000cd2b600000,0x000000cd2b700000)]
  0x0000023cfe9636a0 JavaThread "Driver Service Executor" daemon [_thread_in_native, id=27616, stack(0x000000cd2b700000,0x000000cd2b800000)]
  0x0000023cfe962260 JavaThread "UrlChecker-2" daemon [_thread_blocked, id=15820, stack(0x000000cd2b800000,0x000000cd2b900000)]
  0x0000023cfe9640c0 JavaThread "JdkHttpClient-0-0" daemon [_thread_blocked, id=34756, stack(0x000000cd2c500000,0x000000cd2c600000)]
  0x0000023cfe9645d0 JavaThread "CompletableFutureDelayScheduler" daemon [_thread_blocked, id=13040, stack(0x000000cd2c600000,0x000000cd2c700000)]
  0x0000023cfe961d50 JavaThread "JdkHttpClient-0-1" daemon [_thread_blocked, id=18140, stack(0x000000cd2c700000,0x000000cd2c800000)]
  0x0000023cfe962770 JavaThread "JdkHttpClient-0-2" daemon [_thread_blocked, id=29664, stack(0x000000cd2c800000,0x000000cd2c900000)]
  0x0000023cfe963190 JavaThread "JdkHttpClient-0-3" daemon [_thread_blocked, id=6876, stack(0x000000cd2c900000,0x000000cd2ca00000)]
  0x0000023cfe963bb0 JavaThread "HttpClient-2-SelectorManager" daemon [_thread_in_native, id=24804, stack(0x000000cd2ba00000,0x000000cd2bb00000)]
  0x0000023cfe960e20 JavaThread "JdkHttpClient-1-0" daemon [_thread_blocked, id=10532, stack(0x000000cd2ca00000,0x000000cd2cb00000)]
  0x0000023cfe962c80 JavaThread "JdkHttpClient-1-1" daemon [_thread_blocked, id=32916, stack(0x000000cd2cb00000,0x000000cd2cc00000)]
  0x0000023cfe961330 JavaThread "JdkHttpClient-1-2" daemon [_thread_blocked, id=19304, stack(0x000000cd2cc00000,0x000000cd2cd00000)]
  0x0000023cfe961840 JavaThread "JdkHttpClient-1-3" daemon [_thread_blocked, id=29668, stack(0x000000cd2cd00000,0x000000cd2ce00000)]

Other Threads:
  0x0000023cfcb75790 VMThread "VM Thread" [stack: 0x000000cd2a500000,0x000000cd2a600000] [id=21736]
  0x0000023cda4dadb0 WatcherThread [stack: 0x000000cd2b300000,0x000000cd2b400000] [id=33856]
  0x0000023cda4c1160 GCTaskThread "GC Thread#0" [stack: 0x000000cd2a000000,0x000000cd2a100000] [id=32120]
  0x0000023cfe9b2c60 GCTaskThread "GC Thread#1" [stack: 0x000000cd2bb00000,0x000000cd2bc00000] [id=34636]
  0x0000023cfe9b2f20 GCTaskThread "GC Thread#2" [stack: 0x000000cd2bc00000,0x000000cd2bd00000] [id=11284]
  0x0000023cfe9b31e0 GCTaskThread "GC Thread#3" [stack: 0x000000cd2bd00000,0x000000cd2be00000] [id=26312]
  0x0000023cfe9b34a0 GCTaskThread "GC Thread#4" [stack: 0x000000cd2be00000,0x000000cd2bf00000] [id=22244]
  0x0000023cfe9b3760 GCTaskThread "GC Thread#5" [stack: 0x000000cd2bf00000,0x000000cd2c000000] [id=2312]
  0x0000023cfe9d9f10 GCTaskThread "GC Thread#6" [stack: 0x000000cd2c000000,0x000000cd2c100000] [id=20908]
  0x0000023cfe9da1d0 GCTaskThread "GC Thread#7" [stack: 0x000000cd2c100000,0x000000cd2c200000] [id=16996]
  0x0000023cfe9da490 GCTaskThread "GC Thread#8" [stack: 0x000000cd2c200000,0x000000cd2c300000] [id=32488]
  0x0000023cfe9da750 GCTaskThread "GC Thread#9" [stack: 0x000000cd2c300000,0x000000cd2c400000] [id=6344]
  0x0000023cda4d1b10 ConcurrentGCThread "G1 Main Marker" [stack: 0x000000cd2a100000,0x000000cd2a200000] [id=8464]
  0x0000023cda4d33d0 ConcurrentGCThread "G1 Conc#0" [stack: 0x000000cd2a200000,0x000000cd2a300000] [id=32252]
  0x0000023cfcab11e0 ConcurrentGCThread "G1 Refine#0" [stack: 0x000000cd2a300000,0x000000cd2a400000] [id=20904]
  0x0000023cfe9b4640 ConcurrentGCThread "G1 Refine#1" [stack: 0x000000cd2c400000,0x000000cd2c500000] [id=28304]
  0x0000023cfcab1c10 ConcurrentGCThread "G1 Service" [stack: 0x000000cd2a400000,0x000000cd2a500000] [id=19988]

Threads with active compile tasks:
C2 CompilerThread0    10706 1615       4       java.lang.invoke.MethodType::makeImpl (109 bytes)

VM state: not at safepoint (normal execution)

VM Mutex/Monitor currently owned by a thread: None

Heap address: 0x0000000704a00000, size: 4022 MB, Compressed Oops mode: Zero based, Oop shift amount: 3

CDS archive(s) mapped at: [0x0000023c80000000-0x0000023c80bd0000-0x0000023c80bd0000), size 12386304, SharedBaseAddress: 0x0000023c80000000, ArchiveRelocationMode: 1.
Compressed class space mapped at: 0x0000023c81000000-0x0000023cc1000000, reserved size: 1073741824
Narrow klass base: 0x0000023c80000000, Narrow klass shift: 0, Narrow klass range: 0x100000000

GC Precious Log:
 CPUs: 12 total, 12 available
 Memory: 16087M
 Large Page Support: Disabled
 NUMA Support: Disabled
 Compressed Oops: Enabled (Zero based)
 Heap Region Size: 2M
 Heap Min Capacity: 8M
 Heap Initial Capacity: 252M
 Heap Max Capacity: 4022M
 Pre-touch: Disabled
 Parallel Workers: 10
 Concurrent Workers: 3
 Concurrent Refinement Workers: 10
 Periodic GC: Disabled

Heap:
 garbage-first heap   total 258048K, used 17888K [0x0000000704a00000, 0x0000000800000000)
  region size 2048K, 8 young (16384K), 2 survivors (4096K)
 Metaspace       used 12300K, committed 12608K, reserved 1114112K
  class space    used 1509K, committed 1664K, reserved 1048576K

Heap Regions: E=young(eden), S=young(survivor), O=old, HS=humongous(starts), HC=humongous(continues), CS=collection set, F=free, OA=open archive, CA=closed archive, TAMS=top-at-mark-start (previous, next)
|   0|0x0000000704a00000, 0x0000000704c00000, 0x0000000704c00000|100%| O|  |TAMS 0x0000000704a00000, 0x0000000704a00000| Untracked 
|   1|0x0000000704c00000, 0x0000000704d78200, 0x0000000704e00000| 73%| O|  |TAMS 0x0000000704c00000, 0x0000000704c00000| Untracked 
|   2|0x0000000704e00000, 0x0000000704e00000, 0x0000000705000000|  0%| F|  |TAMS 0x0000000704e00000, 0x0000000704e00000| Untracked 
|   3|0x0000000705000000, 0x0000000705000000, 0x0000000705200000|  0%| F|  |TAMS 0x0000000705000000, 0x0000000705000000| Untracked 
|   4|0x0000000705200000, 0x0000000705200000, 0x0000000705400000|  0%| F|  |TAMS 0x0000000705200000, 0x0000000705200000| Untracked 
|   5|0x0000000705400000, 0x0000000705400000, 0x0000000705600000|  0%| F|  |TAMS 0x0000000705400000, 0x0000000705400000| Untracked 
|   6|0x0000000705600000, 0x0000000705600000, 0x0000000705800000|  0%| F|  |TAMS 0x0000000705600000, 0x0000000705600000| Untracked 
|   7|0x0000000705800000, 0x0000000705800000, 0x0000000705a00000|  0%| F|  |TAMS 0x0000000705800000, 0x0000000705800000| Untracked 
|   8|0x0000000705a00000, 0x0000000705a00000, 0x0000000705c00000|  0%| F|  |TAMS 0x0000000705a00000, 0x0000000705a00000| Untracked 
|   9|0x0000000705c00000, 0x0000000705c00000, 0x0000000705e00000|  0%| F|  |TAMS 0x0000000705c00000, 0x0000000705c00000| Untracked 
|  10|0x0000000705e00000, 0x0000000705e00000, 0x0000000706000000|  0%| F|  |TAMS 0x0000000705e00000, 0x0000000705e00000| Untracked 
|  11|0x0000000706000000, 0x0000000706000000, 0x0000000706200000|  0%| F|  |TAMS 0x0000000706000000, 0x0000000706000000| Untracked 
|  12|0x0000000706200000, 0x0000000706200000, 0x0000000706400000|  0%| F|  |TAMS 0x0000000706200000, 0x0000000706200000| Untracked 
|  13|0x0000000706400000, 0x0000000706400000, 0x0000000706600000|  0%| F|  |TAMS 0x0000000706400000, 0x0000000706400000| Untracked 
|  14|0x0000000706600000, 0x0000000706600000, 0x0000000706800000|  0%| F|  |TAMS 0x0000000706600000, 0x0000000706600000| Untracked 
|  15|0x0000000706800000, 0x0000000706800000, 0x0000000706a00000|  0%| F|  |TAMS 0x0000000706800000, 0x0000000706800000| Untracked 
|  16|0x0000000706a00000, 0x0000000706a00000, 0x0000000706c00000|  0%| F|  |TAMS 0x0000000706a00000, 0x0000000706a00000| Untracked 
|  17|0x0000000706c00000, 0x0000000706c00000, 0x0000000706e00000|  0%| F|  |TAMS 0x0000000706c00000, 0x0000000706c00000| Untracked 
|  18|0x0000000706e00000, 0x0000000706e00000, 0x0000000707000000|  0%| F|  |TAMS 0x0000000706e00000, 0x0000000706e00000| Untracked 
|  19|0x0000000707000000, 0x0000000707000000, 0x0000000707200000|  0%| F|  |TAMS 0x0000000707000000, 0x0000000707000000| Untracked 
|  20|0x0000000707200000, 0x0000000707200000, 0x0000000707400000|  0%| F|  |TAMS 0x0000000707200000, 0x0000000707200000| Untracked 
|  21|0x0000000707400000, 0x0000000707400000, 0x0000000707600000|  0%| F|  |TAMS 0x0000000707400000, 0x0000000707400000| Untracked 
|  22|0x0000000707600000, 0x0000000707600000, 0x0000000707800000|  0%| F|  |TAMS 0x0000000707600000, 0x0000000707600000| Untracked 
|  23|0x0000000707800000, 0x0000000707800000, 0x0000000707a00000|  0%| F|  |TAMS 0x0000000707800000, 0x0000000707800000| Untracked 
|  24|0x0000000707a00000, 0x0000000707a00000, 0x0000000707c00000|  0%| F|  |TAMS 0x0000000707a00000, 0x0000000707a00000| Untracked 
|  25|0x0000000707c00000, 0x0000000707c00000, 0x0000000707e00000|  0%| F|  |TAMS 0x0000000707c00000, 0x0000000707c00000| Untracked 
|  26|0x0000000707e00000, 0x0000000707e00000, 0x0000000708000000|  0%| F|  |TAMS 0x0000000707e00000, 0x0000000707e00000| Untracked 
|  27|0x0000000708000000, 0x0000000708000000, 0x0000000708200000|  0%| F|  |TAMS 0x0000000708000000, 0x0000000708000000| Untracked 
|  28|0x0000000708200000, 0x0000000708200000, 0x0000000708400000|  0%| F|  |TAMS 0x0000000708200000, 0x0000000708200000| Untracked 
|  29|0x0000000708400000, 0x0000000708400000, 0x0000000708600000|  0%| F|  |TAMS 0x0000000708400000, 0x0000000708400000| Untracked 
|  30|0x0000000708600000, 0x0000000708600000, 0x0000000708800000|  0%| F|  |TAMS 0x0000000708600000, 0x0000000708600000| Untracked 
|  31|0x0000000708800000, 0x0000000708800000, 0x0000000708a00000|  0%| F|  |TAMS 0x0000000708800000, 0x0000000708800000| Untracked 
|  32|0x0000000708a00000, 0x0000000708a00000, 0x0000000708c00000|  0%| F|  |TAMS 0x0000000708a00000, 0x0000000708a00000| Untracked 
|  33|0x0000000708c00000, 0x0000000708c00000, 0x0000000708e00000|  0%| F|  |TAMS 0x0000000708c00000, 0x0000000708c00000| Untracked 
|  34|0x0000000708e00000, 0x0000000708e00000, 0x0000000709000000|  0%| F|  |TAMS 0x0000000708e00000, 0x0000000708e00000| Untracked 
|  35|0x0000000709000000, 0x0000000709000000, 0x0000000709200000|  0%| F|  |TAMS 0x0000000709000000, 0x0000000709000000| Untracked 
|  36|0x0000000709200000, 0x0000000709200000, 0x0000000709400000|  0%| F|  |TAMS 0x0000000709200000, 0x0000000709200000| Untracked 
|  37|0x0000000709400000, 0x0000000709400000, 0x0000000709600000|  0%| F|  |TAMS 0x0000000709400000, 0x0000000709400000| Untracked 
|  38|0x0000000709600000, 0x0000000709600000, 0x0000000709800000|  0%| F|  |TAMS 0x0000000709600000, 0x0000000709600000| Untracked 
|  39|0x0000000709800000, 0x0000000709800000, 0x0000000709a00000|  0%| F|  |TAMS 0x0000000709800000, 0x0000000709800000| Untracked 
|  40|0x0000000709a00000, 0x0000000709a00000, 0x0000000709c00000|  0%| F|  |TAMS 0x0000000709a00000, 0x0000000709a00000| Untracked 
|  41|0x0000000709c00000, 0x0000000709c00000, 0x0000000709e00000|  0%| F|  |TAMS 0x0000000709c00000, 0x0000000709c00000| Untracked 
|  42|0x0000000709e00000, 0x0000000709e00000, 0x000000070a000000|  0%| F|  |TAMS 0x0000000709e00000, 0x0000000709e00000| Untracked 
|  43|0x000000070a000000, 0x000000070a000000, 0x000000070a200000|  0%| F|  |TAMS 0x000000070a000000, 0x000000070a000000| Untracked 
|  44|0x000000070a200000, 0x000000070a200000, 0x000000070a400000|  0%| F|  |TAMS 0x000000070a200000, 0x000000070a200000| Untracked 
|  45|0x000000070a400000, 0x000000070a400000, 0x000000070a600000|  0%| F|  |TAMS 0x000000070a400000, 0x000000070a400000| Untracked 
|  46|0x000000070a600000, 0x000000070a600000, 0x000000070a800000|  0%| F|  |TAMS 0x000000070a600000, 0x000000070a600000| Untracked 
|  47|0x000000070a800000, 0x000000070a800000, 0x000000070aa00000|  0%| F|  |TAMS 0x000000070a800000, 0x000000070a800000| Untracked 
|  48|0x000000070aa00000, 0x000000070aa00000, 0x000000070ac00000|  0%| F|  |TAMS 0x000000070aa00000, 0x000000070aa00000| Untracked 
|  49|0x000000070ac00000, 0x000000070ac00000, 0x000000070ae00000|  0%| F|  |TAMS 0x000000070ac00000, 0x000000070ac00000| Untracked 
|  50|0x000000070ae00000, 0x000000070ae00000, 0x000000070b000000|  0%| F|  |TAMS 0x000000070ae00000, 0x000000070ae00000| Untracked 
|  51|0x000000070b000000, 0x000000070b000000, 0x000000070b200000|  0%| F|  |TAMS 0x000000070b000000, 0x000000070b000000| Untracked 
|  52|0x000000070b200000, 0x000000070b200000, 0x000000070b400000|  0%| F|  |TAMS 0x000000070b200000, 0x000000070b200000| Untracked 
|  53|0x000000070b400000, 0x000000070b400000, 0x000000070b600000|  0%| F|  |TAMS 0x000000070b400000, 0x000000070b400000| Untracked 
|  54|0x000000070b600000, 0x000000070b600000, 0x000000070b800000|  0%| F|  |TAMS 0x000000070b600000, 0x000000070b600000| Untracked 
|  55|0x000000070b800000, 0x000000070b800000, 0x000000070ba00000|  0%| F|  |TAMS 0x000000070b800000, 0x000000070b800000| Untracked 
|  56|0x000000070ba00000, 0x000000070ba00000, 0x000000070bc00000|  0%| F|  |TAMS 0x000000070ba00000, 0x000000070ba00000| Untracked 
|  57|0x000000070bc00000, 0x000000070bc00000, 0x000000070be00000|  0%| F|  |TAMS 0x000000070bc00000, 0x000000070bc00000| Untracked 
|  58|0x000000070be00000, 0x000000070be00000, 0x000000070c000000|  0%| F|  |TAMS 0x000000070be00000, 0x000000070be00000| Untracked 
|  59|0x000000070c000000, 0x000000070c000000, 0x000000070c200000|  0%| F|  |TAMS 0x000000070c000000, 0x000000070c000000| Untracked 
|  60|0x000000070c200000, 0x000000070c200000, 0x000000070c400000|  0%| F|  |TAMS 0x000000070c200000, 0x000000070c200000| Untracked 
|  61|0x000000070c400000, 0x000000070c400000, 0x000000070c600000|  0%| F|  |TAMS 0x000000070c400000, 0x000000070c400000| Untracked 
|  62|0x000000070c600000, 0x000000070c600000, 0x000000070c800000|  0%| F|  |TAMS 0x000000070c600000, 0x000000070c600000| Untracked 
|  63|0x000000070c800000, 0x000000070c800000, 0x000000070ca00000|  0%| F|  |TAMS 0x000000070c800000, 0x000000070c800000| Untracked 
|  64|0x000000070ca00000, 0x000000070ca00000, 0x000000070cc00000|  0%| F|  |TAMS 0x000000070ca00000, 0x000000070ca00000| Untracked 
|  65|0x000000070cc00000, 0x000000070cc00000, 0x000000070ce00000|  0%| F|  |TAMS 0x000000070cc00000, 0x000000070cc00000| Untracked 
|  66|0x000000070ce00000, 0x000000070ce00000, 0x000000070d000000|  0%| F|  |TAMS 0x000000070ce00000, 0x000000070ce00000| Untracked 
|  67|0x000000070d000000, 0x000000070d000000, 0x000000070d200000|  0%| F|  |TAMS 0x000000070d000000, 0x000000070d000000| Untracked 
|  68|0x000000070d200000, 0x000000070d200000, 0x000000070d400000|  0%| F|  |TAMS 0x000000070d200000, 0x000000070d200000| Untracked 
|  69|0x000000070d400000, 0x000000070d400000, 0x000000070d600000|  0%| F|  |TAMS 0x000000070d400000, 0x000000070d400000| Untracked 
|  70|0x000000070d600000, 0x000000070d600000, 0x000000070d800000|  0%| F|  |TAMS 0x000000070d600000, 0x000000070d600000| Untracked 
|  71|0x000000070d800000, 0x000000070d800000, 0x000000070da00000|  0%| F|  |TAMS 0x000000070d800000, 0x000000070d800000| Untracked 
|  72|0x000000070da00000, 0x000000070da00000, 0x000000070dc00000|  0%| F|  |TAMS 0x000000070da00000, 0x000000070da00000| Untracked 
|  73|0x000000070dc00000, 0x000000070dc00000, 0x000000070de00000|  0%| F|  |TAMS 0x000000070dc00000, 0x000000070dc00000| Untracked 
|  74|0x000000070de00000, 0x000000070de00000, 0x000000070e000000|  0%| F|  |TAMS 0x000000070de00000, 0x000000070de00000| Untracked 
|  75|0x000000070e000000, 0x000000070e000000, 0x000000070e200000|  0%| F|  |TAMS 0x000000070e000000, 0x000000070e000000| Untracked 
|  76|0x000000070e200000, 0x000000070e200000, 0x000000070e400000|  0%| F|  |TAMS 0x000000070e200000, 0x000000070e200000| Untracked 
|  77|0x000000070e400000, 0x000000070e400000, 0x000000070e600000|  0%| F|  |TAMS 0x000000070e400000, 0x000000070e400000| Untracked 
|  78|0x000000070e600000, 0x000000070e600000, 0x000000070e800000|  0%| F|  |TAMS 0x000000070e600000, 0x000000070e600000| Untracked 
|  79|0x000000070e800000, 0x000000070e800000, 0x000000070ea00000|  0%| F|  |TAMS 0x000000070e800000, 0x000000070e800000| Untracked 
|  80|0x000000070ea00000, 0x000000070ea00000, 0x000000070ec00000|  0%| F|  |TAMS 0x000000070ea00000, 0x000000070ea00000| Untracked 
|  81|0x000000070ec00000, 0x000000070ec00000, 0x000000070ee00000|  0%| F|  |TAMS 0x000000070ec00000, 0x000000070ec00000| Untracked 
|  82|0x000000070ee00000, 0x000000070ee00000, 0x000000070f000000|  0%| F|  |TAMS 0x000000070ee00000, 0x000000070ee00000| Untracked 
|  83|0x000000070f000000, 0x000000070f000000, 0x000000070f200000|  0%| F|  |TAMS 0x000000070f000000, 0x000000070f000000| Untracked 
|  84|0x000000070f200000, 0x000000070f200000, 0x000000070f400000|  0%| F|  |TAMS 0x000000070f200000, 0x000000070f200000| Untracked 
|  85|0x000000070f400000, 0x000000070f400000, 0x000000070f600000|  0%| F|  |TAMS 0x000000070f400000, 0x000000070f400000| Untracked 
|  86|0x000000070f600000, 0x000000070f600000, 0x000000070f800000|  0%| F|  |TAMS 0x000000070f600000, 0x000000070f600000| Untracked 
|  87|0x000000070f800000, 0x000000070f800000, 0x000000070fa00000|  0%| F|  |TAMS 0x000000070f800000, 0x000000070f800000| Untracked 
|  88|0x000000070fa00000, 0x000000070fa00000, 0x000000070fc00000|  0%| F|  |TAMS 0x000000070fa00000, 0x000000070fa00000| Untracked 
|  89|0x000000070fc00000, 0x000000070fc00000, 0x000000070fe00000|  0%| F|  |TAMS 0x000000070fc00000, 0x000000070fc00000| Untracked 
|  90|0x000000070fe00000, 0x000000070fe00000, 0x0000000710000000|  0%| F|  |TAMS 0x000000070fe00000, 0x000000070fe00000| Untracked 
|  91|0x0000000710000000, 0x0000000710000000, 0x0000000710200000|  0%| F|  |TAMS 0x0000000710000000, 0x0000000710000000| Untracked 
|  92|0x0000000710200000, 0x0000000710200000, 0x0000000710400000|  0%| F|  |TAMS 0x0000000710200000, 0x0000000710200000| Untracked 
|  93|0x0000000710400000, 0x0000000710400000, 0x0000000710600000|  0%| F|  |TAMS 0x0000000710400000, 0x0000000710400000| Untracked 
|  94|0x0000000710600000, 0x0000000710600000, 0x0000000710800000|  0%| F|  |TAMS 0x0000000710600000, 0x0000000710600000| Untracked 
|  95|0x0000000710800000, 0x0000000710800000, 0x0000000710a00000|  0%| F|  |TAMS 0x0000000710800000, 0x0000000710800000| Untracked 
|  96|0x0000000710a00000, 0x0000000710a00000, 0x0000000710c00000|  0%| F|  |TAMS 0x0000000710a00000, 0x0000000710a00000| Untracked 
|  97|0x0000000710c00000, 0x0000000710c00000, 0x0000000710e00000|  0%| F|  |TAMS 0x0000000710c00000, 0x0000000710c00000| Untracked 
|  98|0x0000000710e00000, 0x0000000710e00000, 0x0000000711000000|  0%| F|  |TAMS 0x0000000710e00000, 0x0000000710e00000| Untracked 
|  99|0x0000000711000000, 0x0000000711000000, 0x0000000711200000|  0%| F|  |TAMS 0x0000000711000000, 0x0000000711000000| Untracked 
| 100|0x0000000711200000, 0x0000000711200000, 0x0000000711400000|  0%| F|  |TAMS 0x0000000711200000, 0x0000000711200000| Untracked 
| 101|0x0000000711400000, 0x0000000711400000, 0x0000000711600000|  0%| F|  |TAMS 0x0000000711400000, 0x0000000711400000| Untracked 
| 102|0x0000000711600000, 0x0000000711600000, 0x0000000711800000|  0%| F|  |TAMS 0x0000000711600000, 0x0000000711600000| Untracked 
| 103|0x0000000711800000, 0x0000000711800000, 0x0000000711a00000|  0%| F|  |TAMS 0x0000000711800000, 0x0000000711800000| Untracked 
| 104|0x0000000711a00000, 0x0000000711a00000, 0x0000000711c00000|  0%| F|  |TAMS 0x0000000711a00000, 0x0000000711a00000| Untracked 
| 105|0x0000000711c00000, 0x0000000711c00000, 0x0000000711e00000|  0%| F|  |TAMS 0x0000000711c00000, 0x0000000711c00000| Untracked 
| 106|0x0000000711e00000, 0x0000000711e00000, 0x0000000712000000|  0%| F|  |TAMS 0x0000000711e00000, 0x0000000711e00000| Untracked 
| 107|0x0000000712000000, 0x0000000712000000, 0x0000000712200000|  0%| F|  |TAMS 0x0000000712000000, 0x0000000712000000| Untracked 
| 108|0x0000000712200000, 0x0000000712200000, 0x0000000712400000|  0%| F|  |TAMS 0x0000000712200000, 0x0000000712200000| Untracked 
| 109|0x0000000712400000, 0x0000000712400000, 0x0000000712600000|  0%| F|  |TAMS 0x0000000712400000, 0x0000000712400000| Untracked 
| 110|0x0000000712600000, 0x0000000712600000, 0x0000000712800000|  0%| F|  |TAMS 0x0000000712600000, 0x0000000712600000| Untracked 
| 111|0x0000000712800000, 0x0000000712800000, 0x0000000712a00000|  0%| F|  |TAMS 0x0000000712800000, 0x0000000712800000| Untracked 
| 112|0x0000000712a00000, 0x0000000712a00000, 0x0000000712c00000|  0%| F|  |TAMS 0x0000000712a00000, 0x0000000712a00000| Untracked 
| 113|0x0000000712c00000, 0x0000000712e00000, 0x0000000712e00000|100%| S|CS|TAMS 0x0000000712c00000, 0x0000000712c00000| Complete 
| 114|0x0000000712e00000, 0x0000000713000000, 0x0000000713000000|100%| S|CS|TAMS 0x0000000712e00000, 0x0000000712e00000| Complete 
| 115|0x0000000713000000, 0x0000000713000000, 0x0000000713200000|  0%| F|  |TAMS 0x0000000713000000, 0x0000000713000000| Untracked 
| 116|0x0000000713200000, 0x0000000713200000, 0x0000000713400000|  0%| F|  |TAMS 0x0000000713200000, 0x0000000713200000| Untracked 
| 117|0x0000000713400000, 0x0000000713400000, 0x0000000713600000|  0%| F|  |TAMS 0x0000000713400000, 0x0000000713400000| Untracked 
| 118|0x0000000713600000, 0x0000000713600000, 0x0000000713800000|  0%| F|  |TAMS 0x0000000713600000, 0x0000000713600000| Untracked 
| 119|0x0000000713800000, 0x0000000713872068, 0x0000000713a00000| 22%| E|  |TAMS 0x0000000713800000, 0x0000000713800000| Complete 
| 120|0x0000000713a00000, 0x0000000713c00000, 0x0000000713c00000|100%| E|CS|TAMS 0x0000000713a00000, 0x0000000713a00000| Complete 
| 121|0x0000000713c00000, 0x0000000713e00000, 0x0000000713e00000|100%| E|CS|TAMS 0x0000000713c00000, 0x0000000713c00000| Complete 
| 122|0x0000000713e00000, 0x0000000714000000, 0x0000000714000000|100%| E|CS|TAMS 0x0000000713e00000, 0x0000000713e00000| Complete 
| 123|0x0000000714000000, 0x0000000714200000, 0x0000000714200000|100%| E|CS|TAMS 0x0000000714000000, 0x0000000714000000| Complete 
| 124|0x0000000714200000, 0x0000000714400000, 0x0000000714400000|100%| E|CS|TAMS 0x0000000714200000, 0x0000000714200000| Complete 
| 125|0x0000000714400000, 0x0000000714600000, 0x0000000714600000|100%| E|CS|TAMS 0x0000000714400000, 0x0000000714400000| Complete 

Card table byte_map: [0x0000023cf1a00000,0x0000023cf21e0000] _byte_map_base: 0x0000023cee1db000

Marking Bits (Prev, Next): (CMBitMap*) 0x0000023cda4c1690, (CMBitMap*) 0x0000023cda4c16d0
 Prev Bits: [0x0000023cf29c0000, 0x0000023cf6898000)
 Next Bits: [0x0000023cf68a0000, 0x0000023cfa778000)

Polling page: 0x0000023cd81a0000

Metaspace:

Usage:
  Non-class:     10.56 MB used.
      Class:      1.48 MB used.
       Both:     12.03 MB used.

Virtual space:
  Non-class space:       64.00 MB reserved,      10.69 MB ( 17%) committed,  1 nodes.
      Class space:        1.00 GB reserved,       1.62 MB ( <1%) committed,  1 nodes.
             Both:        1.06 GB reserved,      12.31 MB (  1%) committed. 

Chunk freelists:
   Non-Class:  4.70 MB
       Class:  14.28 MB
        Both:  18.98 MB

MaxMetaspaceSize: unlimited
CompressedClassSpaceSize: 1.00 GB
Initial GC threshold: 21.00 MB
Current GC threshold: 21.00 MB
CDS: on
MetaspaceReclaimPolicy: balanced
 - commit_granule_bytes: 65536.
 - commit_granule_words: 8192.
 - virtual_space_node_default_size: 8388608.
 - enlarge_chunks_in_place: 1.
 - new_chunks_are_fully_committed: 0.
 - uncommit_free_chunks: 1.
 - use_allocation_guard: 0.
 - handle_deallocations: 1.


Internal statistics:

num_allocs_failed_limit: 0.
num_arena_births: 222.
num_arena_deaths: 0.
num_vsnodes_births: 2.
num_vsnodes_deaths: 0.
num_space_committed: 197.
num_space_uncommitted: 0.
num_chunks_returned_to_freelist: 0.
num_chunks_taken_from_freelist: 516.
num_chunk_merges: 0.
num_chunk_splits: 309.
num_chunks_enlarged: 200.
num_inconsistent_stats: 0.

CodeHeap 'non-profiled nmethods': size=120000Kb used=512Kb max_used=512Kb free=119487Kb
 bounds [0x0000023ce97a0000, 0x0000023ce9a10000, 0x0000023cf0cd0000]
CodeHeap 'profiled nmethods': size=120000Kb used=3164Kb max_used=3164Kb free=116835Kb
 bounds [0x0000023ce1cd0000, 0x0000023ce1ff0000, 0x0000023ce9200000]
CodeHeap 'non-nmethods': size=5760Kb used=1219Kb max_used=1234Kb free=4540Kb
 bounds [0x0000023ce9200000, 0x0000023ce9470000, 0x0000023ce97a0000]
 total_blobs=2201 nmethods=1680 adapters=433
 compilation: enabled
              stopped_count=0, restarted_count=0
 full_count=0

Compilation events (20 events):
Event: 9.577 Thread 0x0000023cfd4f0a90 1660       3       java.nio.DirectByteBuffer::<init> (60 bytes)
Event: 9.578 Thread 0x0000023cfd4f0a90 nmethod 1660 0x0000023ce1fd9390 code [0x0000023ce1fd9560, 0x0000023ce1fd99b8]
Event: 9.578 Thread 0x0000023cfd4f0a90 1661       3       java.nio.MappedByteBuffer::<init> (24 bytes)
Event: 9.579 Thread 0x0000023cfd4f0a90 nmethod 1661 0x0000023ce1fd9b10 code [0x0000023ce1fd9cc0, 0x0000023ce1fd9e88]
Event: 9.583 Thread 0x0000023cfd4f0a90 1662   !   3       jdk.internal.jimage.BasicImageReader::slice (32 bytes)
Event: 9.584 Thread 0x0000023cfd4f0a90 nmethod 1662 0x0000023ce1fd9f90 code [0x0000023ce1fda160, 0x0000023ce1fda588]
Event: 9.585 Thread 0x0000023cfd4f0a90 1663       3       java.nio.DirectByteBufferR::<init> (25 bytes)
Event: 9.585 Thread 0x0000023cfd4f0a90 nmethod 1663 0x0000023ce1fda710 code [0x0000023ce1fda8a0, 0x0000023ce1fdaa28]
Event: 9.587 Thread 0x0000023cfd4f0a90 1664       3       java.nio.DirectByteBufferR::slice (5 bytes)
Event: 9.588 Thread 0x0000023cfd4f0a90 nmethod 1664 0x0000023ce1fdab10 code [0x0000023ce1fdacc0, 0x0000023ce1fdae08]
Event: 9.588 Thread 0x0000023cfd4f0a90 1665       3       java.nio.DirectByteBufferR::slice (74 bytes)
Event: 9.589 Thread 0x0000023cfd4f0a90 nmethod 1665 0x0000023ce1fdae90 code [0x0000023ce1fdb040, 0x0000023ce1fdb308]
Event: 9.595 Thread 0x0000023cfd4f0a90 1666       3       jdk.internal.module.SystemModuleFinders$SystemModuleReader::read (25 bytes)
Event: 9.597 Thread 0x0000023cfd4f0a90 nmethod 1666 0x0000023ce1fdb410 code [0x0000023ce1fdb640, 0x0000023ce1fdbe98]
Event: 9.597 Thread 0x0000023cfd4f0a90 1667       3       jdk.internal.module.SystemModuleFinders$SystemModuleReader::findImageLocation (42 bytes)
Event: 9.603 Thread 0x0000023cfd4f0a90 nmethod 1667 0x0000023ce1fdc190 code [0x0000023ce1fdc3a0, 0x0000023ce1fdca38]
Event: 9.603 Thread 0x0000023cfd4f0a90 1668       3       jdk.internal.jimage.ImageLocation::<init> (27 bytes)
Event: 9.605 Thread 0x0000023cfd4f0a90 nmethod 1668 0x0000023ce1fdcc90 code [0x0000023ce1fdce80, 0x0000023ce1fdd498]
Event: 9.632 Thread 0x0000023cfd4f0a90 1669       3       jdk.internal.jimage.ImageLocation::verify (218 bytes)
Event: 9.635 Thread 0x0000023cfd4f0a90 nmethod 1669 0x0000023ce1fdd690 code [0x0000023ce1fdd940, 0x0000023ce1fde6b8]

GC Heap History (2 events):
Event: 3.329 GC heap before
{Heap before GC invocations=0 (full 0):
 garbage-first heap   total 258048K, used 20480K [0x0000000704a00000, 0x0000000800000000)
  region size 2048K, 11 young (22528K), 0 survivors (0K)
 Metaspace       used 8502K, committed 8768K, reserved 1114112K
  class space    used 983K, committed 1088K, reserved 1048576K
}
Event: 3.337 GC heap after
{Heap after GC invocations=1 (full 0):
 garbage-first heap   total 258048K, used 7648K [0x0000000704a00000, 0x0000000800000000)
  region size 2048K, 2 young (4096K), 2 survivors (4096K)
 Metaspace       used 8502K, committed 8768K, reserved 1114112K
  class space    used 983K, committed 1088K, reserved 1048576K
}

Deoptimization events (20 events):
Event: 8.873 Thread 0x0000023cfe961d50 Uncommon trap: trap_request=0xffffffde fr.pc=0x0000023ce9812734 relative=0x0000000000000114
Event: 8.873 Thread 0x0000023cfe961d50 Uncommon trap: reason=class_check action=maybe_recompile pc=0x0000023ce9812734 method=jdk.internal.misc.Unsafe.allocateUninitializedArray(Ljava/lang/Class;I)Ljava/lang/Object; @ 51 c2
Event: 8.873 Thread 0x0000023cfe961d50 DEOPT PACKING pc=0x0000023ce9812734 sp=0x000000cd2c7fdc30
Event: 8.873 Thread 0x0000023cfe961d50 DEOPT UNPACKING pc=0x0000023ce92523a3 sp=0x000000cd2c7fdbb8 mode 2
Event: 8.873 Thread 0x0000023cfe961d50 Uncommon trap: trap_request=0xffffffde fr.pc=0x0000023ce9812734 relative=0x0000000000000114
Event: 8.873 Thread 0x0000023cfe961d50 Uncommon trap: reason=class_check action=maybe_recompile pc=0x0000023ce9812734 method=jdk.internal.misc.Unsafe.allocateUninitializedArray(Ljava/lang/Class;I)Ljava/lang/Object; @ 51 c2
Event: 8.873 Thread 0x0000023cfe961d50 DEOPT PACKING pc=0x0000023ce9812734 sp=0x000000cd2c7fdbf0
Event: 8.873 Thread 0x0000023cfe961d50 DEOPT UNPACKING pc=0x0000023ce92523a3 sp=0x000000cd2c7fdb78 mode 2
Event: 8.873 Thread 0x0000023cfe961d50 Uncommon trap: trap_request=0xffffffde fr.pc=0x0000023ce9812734 relative=0x0000000000000114
Event: 8.873 Thread 0x0000023cfe961d50 Uncommon trap: reason=class_check action=maybe_recompile pc=0x0000023ce9812734 method=jdk.internal.misc.Unsafe.allocateUninitializedArray(Ljava/lang/Class;I)Ljava/lang/Object; @ 51 c2
Event: 8.873 Thread 0x0000023cfe961d50 DEOPT PACKING pc=0x0000023ce9812734 sp=0x000000cd2c7fc230
Event: 8.873 Thread 0x0000023cfe961d50 DEOPT UNPACKING pc=0x0000023ce92523a3 sp=0x000000cd2c7fc1b8 mode 2
Event: 8.873 Thread 0x0000023cfe961d50 Uncommon trap: trap_request=0xffffffde fr.pc=0x0000023ce9812734 relative=0x0000000000000114
Event: 8.873 Thread 0x0000023cfe961d50 Uncommon trap: reason=class_check action=maybe_recompile pc=0x0000023ce9812734 method=jdk.internal.misc.Unsafe.allocateUninitializedArray(Ljava/lang/Class;I)Ljava/lang/Object; @ 51 c2
Event: 8.873 Thread 0x0000023cfe961d50 DEOPT PACKING pc=0x0000023ce9812734 sp=0x000000cd2c7fc1f0
Event: 8.873 Thread 0x0000023cfe961d50 DEOPT UNPACKING pc=0x0000023ce92523a3 sp=0x000000cd2c7fc178 mode 2
Event: 9.250 Thread 0x0000023cda4533c0 Uncommon trap: trap_request=0xffffff45 fr.pc=0x0000023ce9804b48 relative=0x0000000000000fa8
Event: 9.250 Thread 0x0000023cda4533c0 Uncommon trap: reason=unstable_if action=reinterpret pc=0x0000023ce9804b48 method=java.util.concurrent.ConcurrentHashMap.putVal(Ljava/lang/Object;Ljava/lang/Object;Z)Ljava/lang/Object; @ 231 c2
Event: 9.250 Thread 0x0000023cda4533c0 DEOPT PACKING pc=0x0000023ce9804b48 sp=0x000000cd29efe910
Event: 9.250 Thread 0x0000023cda4533c0 DEOPT UNPACKING pc=0x0000023ce92523a3 sp=0x000000cd29efe880 mode 2

Classes unloaded (0 events):
No events

Classes redefined (0 events):
No events

Internal exceptions (20 events):
Event: 1.803 Thread 0x0000023cda4533c0 Exception <a 'java/lang/NoSuchMethodError'{0x000000071309c5f0}: 'int java.lang.invoke.DirectMethodHandle$Holder.invokeSpecialIFC(java.lang.Object, java.lang.Object, java.lang.Object, java.lang.Object)'> (0x000000071309c5f0) 
thrown [s\open\src\hotspot\share\interpreter\linkResolver.cpp, line 759]
Event: 1.811 Thread 0x0000023cda4533c0 Exception <a 'java/lang/NoSuchMethodError'{0x00000007130c1c80}: 'java.lang.Object java.lang.invoke.DirectMethodHandle$Holder.invokeVirtual(java.lang.Object, java.lang.Object, java.lang.Object, java.lang.Object)'> (0x00000007130c1c80) 
thrown [s\open\src\hotspot\share\interpreter\linkResolver.cpp, line 759]
Event: 3.125 Thread 0x0000023cfe962260 Exception <a 'java/net/ConnectException'{0x00000007131cb7a8}: Connection refused: no further information> (0x00000007131cb7a8) 
thrown [s\open\src\hotspot\share\prims\jni.cpp, line 535]
Event: 3.125 Thread 0x0000023cfe962260 Exception <a 'java/net/SocketException'{0x00000007131cbae0}: Socket is not connected: shutdown> (0x00000007131cbae0) 
thrown [s\open\src\hotspot\share\prims\jni.cpp, line 535]
Event: 3.148 Thread 0x0000023cfe962260 Exception <a 'java/net/ConnectException'{0x00000007131ccad8}: Connection refused: no further information> (0x00000007131ccad8) 
thrown [s\open\src\hotspot\share\prims\jni.cpp, line 535]
Event: 3.148 Thread 0x0000023cfe962260 Exception <a 'java/net/SocketException'{0x00000007131cce10}: Socket is not connected: shutdown> (0x00000007131cce10) 
thrown [s\open\src\hotspot\share\prims\jni.cpp, line 535]
Event: 3.179 Thread 0x0000023cfe962260 Exception <a 'java/net/ConnectException'{0x00000007131cdd38}: Connection refused: no further information> (0x00000007131cdd38) 
thrown [s\open\src\hotspot\share\prims\jni.cpp, line 535]
Event: 3.179 Thread 0x0000023cfe962260 Exception <a 'java/net/SocketException'{0x00000007131ce070}: Socket is not connected: shutdown> (0x00000007131ce070) 
thrown [s\open\src\hotspot\share\prims\jni.cpp, line 535]
Event: 3.225 Thread 0x0000023cfe962260 Exception <a 'java/net/ConnectException'{0x00000007131cef98}: Connection refused: no further information> (0x00000007131cef98) 
thrown [s\open\src\hotspot\share\prims\jni.cpp, line 535]
Event: 3.225 Thread 0x0000023cfe962260 Exception <a 'java/net/SocketException'{0x00000007131cf2d0}: Socket is not connected: shutdown> (0x00000007131cf2d0) 
thrown [s\open\src\hotspot\share\prims\jni.cpp, line 535]
Event: 3.351 Thread 0x0000023cda4533c0 Exception <a 'java/lang/NoSuchMethodError'{0x0000000714455e30}: 'void java.lang.invoke.DirectMethodHandle$Holder.invokeStatic(java.lang.Object, java.lang.Object, java.lang.Object)'> (0x0000000714455e30) 
thrown [s\open\src\hotspot\share\interpreter\linkResolver.cpp, line 759]
Event: 3.373 Thread 0x0000023cda4533c0 Exception <a 'java/lang/NoSuchMethodError'{0x00000007144dc680}: 'java.lang.Object java.lang.invoke.DirectMethodHandle$Holder.newInvokeSpecial(java.lang.Object, java.lang.Object, int, int)'> (0x00000007144dc680) 
thrown [s\open\src\hotspot\share\interpreter\linkResolver.cpp, line 759]
Event: 3.374 Thread 0x0000023cda4533c0 Exception <a 'java/lang/NoSuchMethodError'{0x0000000714524ac0}: 'void java.lang.invoke.DirectMethodHandle$Holder.invokeStatic(java.lang.Object, java.lang.Object, int)'> (0x0000000714524ac0) 
thrown [s\open\src\hotspot\share\interpreter\linkResolver.cpp, line 759]
Event: 3.410 Thread 0x0000023cfe9640c0 Exception <a 'java/lang/NoSuchMethodError'{0x0000000714244d20}: 'java.lang.Object java.lang.invoke.DirectMethodHandle$Holder.newInvokeSpecial(java.lang.Object, java.lang.Object, java.lang.Object, java.lang.Object, java.lang.Object)'> (0x0000000714244d20) 
thrown [s\open\src\hotspot\share\interpreter\linkResolver.cpp, line 759]
Event: 3.431 Thread 0x0000023cfe9640c0 Exception <a 'java/lang/NoSuchMethodError'{0x00000007142ec410}: 'java.lang.Object java.lang.invoke.DirectMethodHandle$Holder.invokeSpecial(java.lang.Object, java.lang.Object, java.lang.Object, java.lang.Object, int)'> (0x00000007142ec410) 
thrown [s\open\src\hotspot\share\interpreter\linkResolver.cpp, line 759]
Event: 3.431 Thread 0x0000023cfe9640c0 Exception <a 'java/lang/NoSuchMethodError'{0x00000007142effd8}: 'java.lang.Object java.lang.invoke.Invokers$Holder.linkToTargetMethod(java.lang.Object, java.lang.Object, int, java.lang.Object)'> (0x00000007142effd8) 
thrown [s\open\src\hotspot\share\interpreter\linkResolver.cpp, line 759]
Event: 3.438 Thread 0x0000023cfe9640c0 Exception <a 'java/lang/NoSuchMethodError'{0x0000000714313430}: 'void java.lang.invoke.DirectMethodHandle$Holder.invokeSpecial(java.lang.Object, java.lang.Object, java.lang.Object)'> (0x0000000714313430) 
thrown [s\open\src\hotspot\share\interpreter\linkResolver.cpp, line 759]
Event: 3.449 Thread 0x0000023cfe9640c0 Exception <a 'java/lang/NoSuchMethodError'{0x0000000714346048}: 'void java.lang.invoke.DirectMethodHandle$Holder.invokeSpecial(java.lang.Object, java.lang.Object, java.lang.Object, java.lang.Object, java.lang.Object)'> (0x0000000714346048) 
thrown [s\open\src\hotspot\share\interpreter\linkResolver.cpp, line 759]
Event: 8.888 Thread 0x0000023cfe961d50 Exception <a 'java/lang/NoSuchMethodError'{0x00000007140bc698}: 'void java.lang.invoke.DirectMethodHandle$Holder.invokeSpecial(java.lang.Object, java.lang.Object, java.lang.Object, java.lang.Object, java.lang.Object, java.lang.Object, java.lang.Object)'> (0x00000007140bc698) 
thrown [s\open\src\hotspot\share\interpreter\linkResolver.cpp, line 759]
Event: 9.148 Thread 0x0000023cda4533c0 Exception <a 'java/lang/NoSuchMethodError'{0x0000000713c2e3c8}: 'java.lang.Object java.lang.invoke.DirectMethodHandle$Holder.invokeSpecialIFC(java.lang.Object, java.lang.Object, java.lang.Object)'> (0x0000000713c2e3c8) 
thrown [s\open\src\hotspot\share\interpreter\linkResolver.cpp, line 759]

VM Operations (20 events):
Event: 1.222 Executing VM operation: Cleanup
Event: 1.222 Executing VM operation: Cleanup done
Event: 1.260 Executing VM operation: HandshakeAllThreads
Event: 1.260 Executing VM operation: HandshakeAllThreads done
Event: 1.673 Executing VM operation: HandshakeAllThreads
Event: 1.673 Executing VM operation: HandshakeAllThreads done
Event: 2.682 Executing VM operation: Cleanup
Event: 2.682 Executing VM operation: Cleanup done
Event: 3.325 Executing VM operation: HandshakeAllThreads
Event: 3.325 Executing VM operation: HandshakeAllThreads done
Event: 3.328 Executing VM operation: HandshakeAllThreads
Event: 3.328 Executing VM operation: HandshakeAllThreads done
Event: 3.329 Executing VM operation: G1CollectForAllocation
Event: 3.337 Executing VM operation: G1CollectForAllocation done
Event: 4.347 Executing VM operation: Cleanup
Event: 4.347 Executing VM operation: Cleanup done
Event: 9.376 Executing VM operation: Cleanup
Event: 9.393 Executing VM operation: Cleanup done
Event: 10.395 Executing VM operation: Cleanup
Event: 10.395 Executing VM operation: Cleanup done

Events (20 events):
Event: 9.371 loading class java/util/concurrent/locks/AbstractQueuedSynchronizer$ExclusiveNode done
Event: 9.406 Thread 0x0000023cfe962c80 Thread added: 0x0000023cfe962c80
Event: 9.415 Thread 0x0000023cfe961330 Thread added: 0x0000023cfe961330
Event: 9.415 Thread 0x0000023cfe961840 Thread added: 0x0000023cfe961840
Event: 9.463 loading class java/util/concurrent/locks/ReadWriteLock
Event: 9.463 loading class java/util/concurrent/locks/ReadWriteLock done
Event: 9.467 loading class java/util/concurrent/locks/ReentrantReadWriteLock
Event: 9.467 loading class java/util/concurrent/locks/ReentrantReadWriteLock done
Event: 9.467 loading class java/util/concurrent/locks/ReentrantReadWriteLock$FairSync
Event: 9.468 loading class java/util/concurrent/locks/ReentrantReadWriteLock$Sync
Event: 9.468 loading class java/util/concurrent/locks/ReentrantReadWriteLock$Sync done
Event: 9.468 loading class java/util/concurrent/locks/ReentrantReadWriteLock$FairSync done
Event: 9.468 loading class java/util/concurrent/locks/ReentrantReadWriteLock$Sync$ThreadLocalHoldCounter
Event: 9.468 loading class java/util/concurrent/locks/ReentrantReadWriteLock$Sync$ThreadLocalHoldCounter done
Event: 9.468 loading class java/util/concurrent/locks/ReentrantReadWriteLock$ReadLock
Event: 9.468 loading class java/util/concurrent/locks/ReentrantReadWriteLock$ReadLock done
Event: 9.469 loading class java/util/concurrent/locks/ReentrantReadWriteLock$WriteLock
Event: 9.469 loading class java/util/concurrent/locks/ReentrantReadWriteLock$WriteLock done
Event: 9.501 loading class sun/net/www/HeaderParser
Event: 9.503 loading class sun/net/www/HeaderParser done


Dynamic libraries:
0x00007ff724d30000 - 0x00007ff724d40000 	C:\Program Files\Java\jdk-17\bin\java.exe
0x00007ffa49c00000 - 0x00007ffa49e67000 	C:\WINDOWS\SYSTEM32\ntdll.dll
0x00007ffa49040000 - 0x00007ffa49109000 	C:\WINDOWS\System32\KERNEL32.DLL
0x00007ffa46d40000 - 0x00007ffa47134000 	C:\WINDOWS\System32\KERNELBASE.dll
0x00007ffa47840000 - 0x00007ffa4798b000 	C:\WINDOWS\System32\ucrtbase.dll
0x00007ffa31d80000 - 0x00007ffa31d99000 	C:\Program Files\Java\jdk-17\bin\jli.dll
0x00007ffa47990000 - 0x00007ffa47a46000 	C:\WINDOWS\System32\ADVAPI32.dll
0x00007ffa48e90000 - 0x00007ffa48f39000 	C:\WINDOWS\System32\msvcrt.dll
0x00007ffa48d50000 - 0x00007ffa48df7000 	C:\WINDOWS\System32\sechost.dll
0x00007ffa49500000 - 0x00007ffa49618000 	C:\WINDOWS\System32\RPCRT4.dll
0x00007ffa47fa0000 - 0x00007ffa48165000 	C:\WINDOWS\System32\USER32.dll
0x00007ffa47280000 - 0x00007ffa472a7000 	C:\WINDOWS\System32\win32u.dll
0x00007ffa47ae0000 - 0x00007ffa47b0b000 	C:\WINDOWS\System32\GDI32.dll
0x00007ffa472b0000 - 0x00007ffa473db000 	C:\WINDOWS\System32\gdi32full.dll
0x00007ffa47790000 - 0x00007ffa47833000 	C:\WINDOWS\System32\msvcp_win.dll
0x00007ffa31d60000 - 0x00007ffa31d7b000 	C:\Program Files\Java\jdk-17\bin\VCRUNTIME140.dll
0x00007ffa30880000 - 0x00007ffa30b13000 	C:\WINDOWS\WinSxS\amd64_microsoft.windows.common-controls_6595b64144ccf1df_6.0.26100.8115_none_3e075c82e3354f9c\COMCTL32.dll
0x00007ffa3f510000 - 0x00007ffa3f51b000 	C:\WINDOWS\SYSTEM32\VERSION.dll
0x00007ffa49b80000 - 0x00007ffa49bb2000 	C:\WINDOWS\System32\IMM32.DLL
0x00007ffa2a130000 - 0x00007ffa2a28c000 	C:\Program Files (x86)\Citrix\ICA Client\ctxapclient64.dll
0x00007ffa496a0000 - 0x00007ffa49a22000 	C:\WINDOWS\System32\combase.dll
0x00007ffa463c0000 - 0x00007ffa463ea000 	C:\WINDOWS\SYSTEM32\bcrypt.dll
0x00007ffa454a0000 - 0x00007ffa454d6000 	C:\WINDOWS\SYSTEM32\ntmarta.dll
0x0000023cd8420000 - 0x0000023cd84c5000 	C:\WINDOWS\System32\bcryptprimitives.dll
0x00007ffa31dd0000 - 0x00007ffa31ddc000 	C:\Program Files\Java\jdk-17\bin\vcruntime140_1.dll
0x00007ffa31cd0000 - 0x00007ffa31d5e000 	C:\Program Files\Java\jdk-17\bin\msvcp140.dll
0x00007ff9da250000 - 0x00007ff9dae30000 	C:\Program Files\Java\jdk-17\bin\server\jvm.dll
0x00007ffa48b60000 - 0x00007ffa48b68000 	C:\WINDOWS\System32\PSAPI.DLL
0x00007ffa42090000 - 0x00007ffa4209a000 	C:\WINDOWS\SYSTEM32\WSOCK32.dll
0x00007ffa48a10000 - 0x00007ffa48a90000 	C:\WINDOWS\System32\WS2_32.dll
0x00007ffa388d0000 - 0x00007ffa38906000 	C:\WINDOWS\SYSTEM32\WINMM.dll
0x00007ffa45360000 - 0x00007ffa4537b000 	C:\WINDOWS\SYSTEM32\kernel.appcore.dll
0x00007ffa31dc0000 - 0x00007ffa31dca000 	C:\Program Files\Java\jdk-17\bin\jimage.dll
0x00007ffa44360000 - 0x00007ffa445a2000 	C:\WINDOWS\SYSTEM32\DBGHELP.DLL
0x00007ffa492b0000 - 0x00007ffa49388000 	C:\WINDOWS\System32\OLEAUT32.dll
0x00007ffa07630000 - 0x00007ffa0766b000 	C:\WINDOWS\SYSTEM32\dbgcore.DLL
0x00007ffa31db0000 - 0x00007ffa31dbe000 	C:\Program Files\Java\jdk-17\bin\instrument.dll
0x00007ffa31ca0000 - 0x00007ffa31cc5000 	C:\Program Files\Java\jdk-17\bin\java.dll
0x00007ffa31bc0000 - 0x00007ffa31c97000 	C:\Program Files\Java\jdk-17\bin\jsvml.dll
0x0000023cfd840000 - 0x0000023cfdfa7000 	C:\WINDOWS\System32\SHELL32.dll
0x0000023cfdfb0000 - 0x0000023cfe11a000 	C:\WINDOWS\System32\wintypes.dll
0x00007ffa464d0000 - 0x00007ffa46d38000 	C:\WINDOWS\System32\windows.storage.dll
0x0000023cfe120000 - 0x0000023cfe218000 	C:\WINDOWS\System32\SHCORE.dll
0x00007ffa49b10000 - 0x00007ffa49b76000 	C:\WINDOWS\System32\shlwapi.dll
0x00007ffa463f0000 - 0x00007ffa46419000 	C:\WINDOWS\SYSTEM32\profapi.dll
0x00007ffa31b60000 - 0x00007ffa31b78000 	C:\Program Files\Java\jdk-17\bin\zip.dll
0x00007ffa31ba0000 - 0x00007ffa31bb9000 	C:\Program Files\Java\jdk-17\bin\net.dll
0x00007ffa3f190000 - 0x00007ffa3f2bd000 	C:\WINDOWS\SYSTEM32\WINHTTP.dll
0x00007ffa458f0000 - 0x00007ffa4595c000 	C:\WINDOWS\system32\mswsock.dll
0x00007ffa31b80000 - 0x00007ffa31b96000 	C:\Program Files\Java\jdk-17\bin\nio.dll
0x00007ffa44d00000 - 0x00007ffa44e32000 	C:\WINDOWS\SYSTEM32\DNSAPI.dll
0x00007ffa44c10000 - 0x00007ffa44c42000 	C:\WINDOWS\SYSTEM32\IPHLPAPI.DLL
0x00007ffa494f0000 - 0x00007ffa494fa000 	C:\WINDOWS\System32\NSI.dll
0x00007ffa3f500000 - 0x00007ffa3f50b000 	C:\Windows\System32\rasadhlp.dll
0x00007ffa3bbc0000 - 0x00007ffa3bc46000 	C:\WINDOWS\System32\fwpuclnt.dll
0x00007ffa31da0000 - 0x00007ffa31dae000 	C:\Program Files\Java\jdk-17\bin\sunmscapi.dll
0x00007ffa47610000 - 0x00007ffa47787000 	C:\WINDOWS\System32\CRYPT32.dll
0x00007ffa45df0000 - 0x00007ffa45e20000 	C:\WINDOWS\SYSTEM32\ncrypt.dll
0x00007ffa45da0000 - 0x00007ffa45ddf000 	C:\WINDOWS\SYSTEM32\NTASN1.dll
0x00007ffa45bd0000 - 0x00007ffa45beb000 	C:\WINDOWS\SYSTEM32\CRYPTSP.dll
0x00007ffa452b0000 - 0x00007ffa452e9000 	C:\WINDOWS\system32\rsaenh.dll
0x00007ffa459a0000 - 0x00007ffa459d3000 	C:\WINDOWS\SYSTEM32\USERENV.dll
0x00007ffa45bf0000 - 0x00007ffa45bfc000 	C:\WINDOWS\SYSTEM32\CRYPTBASE.dll
0x00007ffa3f520000 - 0x00007ffa3f53d000 	C:\WINDOWS\SYSTEM32\dhcpcsvc6.DLL
0x00007ffa3cbc0000 - 0x00007ffa3cbe5000 	C:\WINDOWS\SYSTEM32\dhcpcsvc.DLL
0x00007ffa2b1c0000 - 0x00007ffa2b1c8000 	C:\WINDOWS\system32\wshunix.dll

dbghelp: loaded successfully - version: 4.0.5 - missing functions: none
symbol engine: initialized successfully - sym options: 0x614 - pdb path: .;C:\Program Files\Java\jdk-17\bin;C:\WINDOWS\SYSTEM32;C:\WINDOWS\WinSxS\amd64_microsoft.windows.common-controls_6595b64144ccf1df_6.0.26100.8115_none_3e075c82e3354f9c;C:\Program Files (x86)\Citrix\ICA Client;C:\Program Files\Java\jdk-17\bin\server

VM Arguments:
jvm_args: -javaagent:C:\IntelliJ IDEA 2026.1.1\lib\idea_rt.jar=62381 -Dfile.encoding=UTF-8 
java_command: com.runner.TestRunner
java_class_path (initial): C:\Users\EG\IdeaProjects\MavenProject\target\test-classes;C:\Users\EG\IdeaProjects\MavenProject\target\classes;C:\Users\EG\.m2\repository\org\seleniumhq\selenium\selenium-java\4.40.0\selenium-java-4.40.0.jar;C:\Users\EG\.m2\repository\org\seleniumhq\selenium\selenium-api\4.40.0\selenium-api-4.40.0.jar;C:\Users\EG\.m2\repository\org\jspecify\jspecify\1.0.0\jspecify-1.0.0.jar;C:\Users\EG\.m2\repository\org\seleniumhq\selenium\selenium-chrome-driver\4.40.0\selenium-chrome-driver-4.40.0.jar;C:\Users\EG\.m2\repository\com\google\auto\service\auto-service-annotations\1.1.1\auto-service-annotations-1.1.1.jar;C:\Users\EG\.m2\repository\org\seleniumhq\selenium\selenium-chromium-driver\4.40.0\selenium-chromium-driver-4.40.0.jar;C:\Users\EG\.m2\repository\org\seleniumhq\selenium\selenium-json\4.40.0\selenium-json-4.40.0.jar;C:\Users\EG\.m2\repository\org\seleniumhq\selenium\selenium-manager\4.40.0\selenium-manager-4.40.0.jar;C:\Users\EG\.m2\repository\org\seleniumhq\selenium\selenium-devtools-v142\4.40.0\selenium-devtools-v142-4.40.0.jar;C:\Users\EG\.m2\repository\org\seleniumhq\selenium\selenium-devtools-v143\4.40.0\selenium-devtools-v143-4.40.0.jar;C:\Users\EG\.m2\repository\org\seleniumhq\selenium\selenium-devtools-v144\4.40.0\selenium-devtools-v144-4.40.0.jar;C:\Users\EG\.m2\repository\org\seleniumhq\selenium\selenium-edge-driver\4.40.0\selenium-edge-driver-4.40.0.jar;C:\Users\EG\.m2\repository\org\seleniumhq\selenium\selenium-firefox-driver\4.40.0\selenium-firefox-driver-4.40.0.jar;C:\Users\EG\.m2\repository\org\seleniumhq\selenium\selenium-http\4.40.0\selenium-http-4.40.0.jar;C:\Users\EG\.m2\repository\org\seleniumhq\selenium\selenium-ie-driver\4.40.0\selenium-ie-driver-4.40.0.jar;C:\Users\EG\.m2\repository\org\seleniumhq\selenium\selenium-remote-driver\4.40.0\selenium-remote-driver-4.40.0.jar;C:\Users\EG\.m2\repository\com\google\guava\guava\33.5.0-jre\guava-33.5.0-jre.jar;C:\Users\EG\.m2\repository\com\google\guava\failureaccess\1.0.3\failu
Launcher Type: SUN_STANDARD

[Global flags]
     intx CICompilerCount                          = 4                                         {product} {ergonomic}
     uint ConcGCThreads                            = 3                                         {product} {ergonomic}
     uint G1ConcRefinementThreads                  = 10                                        {product} {ergonomic}
   size_t G1HeapRegionSize                         = 2097152                                   {product} {ergonomic}
    uintx GCDrainStackTargetSize                   = 64                                        {product} {ergonomic}
   size_t InitialHeapSize                          = 264241152                                 {product} {ergonomic}
   size_t MarkStackSize                            = 4194304                                   {product} {ergonomic}
   size_t MaxHeapSize                              = 4217372672                                {product} {ergonomic}
   size_t MaxNewSize                               = 2529165312                                {product} {ergonomic}
   size_t MinHeapDeltaBytes                        = 2097152                                   {product} {ergonomic}
   size_t MinHeapSize                              = 8388608                                   {product} {ergonomic}
    uintx NonNMethodCodeHeapSize                   = 5839372                                {pd product} {ergonomic}
    uintx NonProfiledCodeHeapSize                  = 122909434                              {pd product} {ergonomic}
    uintx ProfiledCodeHeapSize                     = 122909434                              {pd product} {ergonomic}
    uintx ReservedCodeCacheSize                    = 251658240                              {pd product} {ergonomic}
     bool SegmentedCodeCache                       = true                                      {product} {ergonomic}
   size_t SoftMaxHeapSize                          = 4217372672                             {manageable} {ergonomic}
     bool UseCompressedClassPointers               = true                           {product lp64_product} {ergonomic}
     bool UseCompressedOops                        = true                           {product lp64_product} {ergonomic}
     bool UseG1GC                                  = true                                      {product} {ergonomic}
     bool UseLargePagesIndividualAllocation        = false                                  {pd product} {ergonomic}

Logging:
Log output configuration:
 #0: stdout all=warning uptime,level,tags
 #1: stderr all=off uptime,level,tags

Environment Variables:
PATH=C:\Program Files\Common Files\Oracle\Java\javapath;C:\Program Files (x86)\Common Files\Oracle\Java\javapath;C:\Windows\system32;C:\Windows;C:\Windows\System32\Wbem;C:\Windows\System32\WindowsPowerShell\v1.0\;C:\Windows\System32\OpenSSH\;C:\Program Files (x86)\NVIDIA Corporation\PhysX\Common;C:\Program Files\NVIDIA Corporation\NVIDIA NvDLISR;C:\WINDOWS\system32;C:\WINDOWS;C:\WINDOWS\System32\Wbem;C:\WINDOWS\System32\WindowsPowerShell\v1.0\;C:\WINDOWS\System32\OpenSSH\;C:\Users\EG\AppData\Local\Microsoft\WindowsApps;
USERNAME=EG
OS=Windows_NT
PROCESSOR_IDENTIFIER=Intel64 Family 6 Model 186 Stepping 2, GenuineIntel



---------------  S Y S T E M  ---------------

OS:
 Windows 11 , 64 bit Build 26100 (10.0.26100.8246)
OS uptime: 2 days 11:32 hours
Hyper-V role detected

CPU: total 12 (initial active 12) (6 cores per cpu, 2 threads per core) family 6 model 186 stepping 2 microcode 0x5103, cx8, cmov, fxsr, ht, mmx, 3dnowpref, sse, sse2, sse3, ssse3, sse4.1, sse4.2, popcnt, lzcnt, tsc, tscinvbit, avx, avx2, aes, erms, clmul, bmi1, bmi2, adx, sha, fma, vzeroupper, clflush, clflushopt, clwb, hv

Memory: 4k page, system-wide physical 16087M (3101M free)
TotalPageFile size 18803M (AvailPageFile size 6M)
current process WorkingSet (physical memory assigned to process): 103M, peak: 104M
current process commit charge ("private bytes"): 378M, peak: 381M

vm_info: Java HotSpot(TM) 64-Bit Server VM (17.0.11+7-LTS-207) for windows-amd64 JRE (17.0.11+7-LTS-207), built on Mar 11 2024 19:01:50 by "mach5one" with MS VC++ 17.6 (VS2022)

END.
