#
# There is insufficient memory for the Java Runtime Environment to continue.
# Native memory allocation (malloc) failed to allocate 1841456 bytes for Chunk::new
# Possible reasons:
#   The system is out of physical RAM or swap space
#   The process is running with CompressedOops enabled, and the Java Heap may be blocking the growth of the native heap
# Possible solutions:
#   Reduce memory load on the system
#   Increase physical memory or swap space
#   Check if swap backing store is full
#   Decrease Java heap size (-Xmx/-Xms)
#   Decrease number of Java threads
#   Decrease Java thread stack sizes (-Xss)
#   Set larger code cache with -XX:ReservedCodeCacheSize=
#   JVM is running with Zero Based Compressed Oops mode in which the Java heap is
#     placed in the first 32GB address space. The Java Heap base address is the
#     maximum limit for the native heap growth. Please use -XX:HeapBaseMinAddress
#     to set the Java Heap base and to place the Java Heap above 32GB virtual address.
# This output file may be truncated or incomplete.
#
#  Out of Memory Error (arena.cpp:189), pid=21784, tid=19892
#
# JRE version: Java(TM) SE Runtime Environment (17.0.11+7) (build 17.0.11+7-LTS-207)
# Java VM: Java HotSpot(TM) 64-Bit Server VM (17.0.11+7-LTS-207, mixed mode, sharing, tiered, compressed oops, compressed class ptrs, g1 gc, windows-amd64)
# No core dump will be written. Minidumps are not enabled by default on client versions of Windows
#

---------------  S U M M A R Y ------------

Command Line: -javaagent:C:\IntelliJ IDEA 2026.1.1\lib\idea_rt.jar=56267 -Dfile.encoding=UTF-8 com.runner.TestRunner

Host: 13th Gen Intel(R) Core(TM) i5-13420H, 12 cores, 15G,  Windows 11 , 64 bit Build 26100 (10.0.26100.8246)
Time: Fri May  8 20:00:11 2026 India Standard Time elapsed time: 7.574464 seconds (0d 0h 0m 7s)

---------------  T H R E A D  ---------------

Current thread (0x0000020d69895d00):  JavaThread "C2 CompilerThread0" daemon [_thread_in_native, id=19892, stack(0x0000003469e00000,0x0000003469f00000)]


Current CompileTask:
C2:   7574 1733       4       java.lang.invoke.MethodType::makeImpl (109 bytes)

Stack: [0x0000003469e00000,0x0000003469f00000]
Native frames: (J=compiled Java code, j=interpreted, Vv=VM code, C=native code)
V  [jvm.dll+0x679cca]
V  [jvm.dll+0x7da13d]
V  [jvm.dll+0x7dba83]
V  [jvm.dll+0x7dc0f3]
V  [jvm.dll+0x2449af]
V  [jvm.dll+0xab83b]
V  [jvm.dll+0xabe1c]
V  [jvm.dll+0x36155f]
V  [jvm.dll+0x32bd61]
V  [jvm.dll+0x32b1fa]
V  [jvm.dll+0x2161df]
V  [jvm.dll+0x21560f]
V  [jvm.dll+0x1a2040]
V  [jvm.dll+0x225a2b]
V  [jvm.dll+0x223bcb]
V  [jvm.dll+0x7903ec]
V  [jvm.dll+0x78a85a]
V  [jvm.dll+0x678bb5]
C  [ucrtbase.dll+0x37b0]
C  [KERNEL32.DLL+0x2e8d7]
C  [ntdll.dll+0x8c3fc]


---------------  P R O C E S S  ---------------

Threads class SMR info:
_java_thread_list=0x0000020d70270f70, length=28, elements={
0x0000020d46e22b70, 0x0000020d6986a880, 0x0000020d6986dae0, 0x0000020d69883430,
0x0000020d69885920, 0x0000020d69886970, 0x0000020d698919f0, 0x0000020d69895d00,
0x0000020d698a22a0, 0x0000020d698a47d0, 0x0000020d69855900, 0x0000020d6a00ffc0,
0x0000020d6a0104a0, 0x0000020d6f577810, 0x0000020d6f5739d0, 0x0000020d6f5cd1d0,
0x0000020d6f632fa0, 0x0000020d6f637dc0, 0x0000020d6f6387e0, 0x0000020d6f638cf0,
0x0000020d6f639710, 0x0000020d6f6382d0, 0x0000020d6f6373a0, 0x0000020d6f63a130,
0x0000020d7026c180, 0x0000020d70269900, 0x0000020d702693f0, 0x0000020d7026b760
}

Java Threads: ( => current thread )
  0x0000020d46e22b70 JavaThread "Forwarding newSession on session null to remote" [_thread_blocked, id=20468, stack(0x0000003469000000,0x0000003469100000)]
  0x0000020d6986a880 JavaThread "Reference Handler" daemon [_thread_blocked, id=16340, stack(0x0000003469800000,0x0000003469900000)]
  0x0000020d6986dae0 JavaThread "Finalizer" daemon [_thread_blocked, id=33460, stack(0x0000003469900000,0x0000003469a00000)]
  0x0000020d69883430 JavaThread "Signal Dispatcher" daemon [_thread_blocked, id=34400, stack(0x0000003469a00000,0x0000003469b00000)]
  0x0000020d69885920 JavaThread "Attach Listener" daemon [_thread_blocked, id=33040, stack(0x0000003469b00000,0x0000003469c00000)]
  0x0000020d69886970 JavaThread "Service Thread" daemon [_thread_blocked, id=21676, stack(0x0000003469c00000,0x0000003469d00000)]
  0x0000020d698919f0 JavaThread "Monitor Deflation Thread" daemon [_thread_blocked, id=9316, stack(0x0000003469d00000,0x0000003469e00000)]
=>0x0000020d69895d00 JavaThread "C2 CompilerThread0" daemon [_thread_in_native, id=19892, stack(0x0000003469e00000,0x0000003469f00000)]
  0x0000020d698a22a0 JavaThread "C1 CompilerThread0" daemon [_thread_blocked, id=38368, stack(0x0000003469f00000,0x000000346a000000)]
  0x0000020d698a47d0 JavaThread "Sweeper thread" daemon [_thread_blocked, id=12592, stack(0x000000346a000000,0x000000346a100000)]
  0x0000020d69855900 JavaThread "Common-Cleaner" daemon [_thread_blocked, id=14968, stack(0x000000346a100000,0x000000346a200000)]
  0x0000020d6a00ffc0 JavaThread "Monitor Ctrl-Break" daemon [_thread_in_native, id=8332, stack(0x000000346a300000,0x000000346a400000)]
  0x0000020d6a0104a0 JavaThread "Notification Thread" daemon [_thread_blocked, id=37604, stack(0x000000346a400000,0x000000346a500000)]
  0x0000020d6f577810 JavaThread "RMI TCP Accept-0" daemon [_thread_in_native, id=35500, stack(0x000000346a200000,0x000000346a300000)]
  0x0000020d6f5739d0 JavaThread "RMI TCP Connection(1)-192.168.29.81" daemon [_thread_in_native, id=28300, stack(0x000000346a700000,0x000000346a800000)]
  0x0000020d6f5cd1d0 JavaThread "RMI Scheduler(0)" daemon [_thread_blocked, id=35088, stack(0x000000346a800000,0x000000346a900000)]
  0x0000020d6f632fa0 JavaThread "JMX server connection timeout 22" daemon [_thread_blocked, id=7016, stack(0x000000346a900000,0x000000346aa00000)]
  0x0000020d6f637dc0 JavaThread "ForkJoinPool.commonPool-worker-1" daemon [_thread_blocked, id=14916, stack(0x000000346a600000,0x000000346a700000)]
  0x0000020d6f6387e0 JavaThread "HttpClient-1-SelectorManager" daemon [_thread_in_native, id=35016, stack(0x000000346b600000,0x000000346b700000)]
  0x0000020d6f638cf0 JavaThread "External Process Output Forwarder - C:\Users\EG\.cache\selenium\chromedriver\win64\147.0.7727.117\chromedriver.exe" daemon [_thread_in_native, id=17816, stack(0x000000346aa00000,0x000000346ab00000)]
  0x0000020d6f639710 JavaThread "Driver Service Executor" daemon [_thread_blocked, id=10088, stack(0x000000346ab00000,0x000000346ac00000)]
  0x0000020d6f6382d0 JavaThread "Driver Service Executor" daemon [_thread_in_native, id=20280, stack(0x000000346b700000,0x000000346b800000)]
  0x0000020d6f6373a0 JavaThread "UrlChecker-2" daemon [_thread_blocked, id=29592, stack(0x000000346b800000,0x000000346b900000)]
  0x0000020d6f63a130 JavaThread "JdkHttpClient-0-0" daemon [_thread_in_vm, id=32784, stack(0x000000346bb00000,0x000000346bc00000)]
  0x0000020d7026c180 JavaThread "CompletableFutureDelayScheduler" daemon [_thread_blocked, id=36036, stack(0x000000346bc00000,0x000000346bd00000)]
  0x0000020d70269900 JavaThread "JdkHttpClient-0-1" daemon [_thread_blocked, id=10252, stack(0x000000346bd00000,0x000000346be00000)]
  0x0000020d702693f0 JavaThread "JdkHttpClient-0-2" daemon [_thread_blocked, id=13856, stack(0x000000346be00000,0x000000346bf00000)]
  0x0000020d7026b760 JavaThread "JdkHttpClient-0-3" daemon [_thread_blocked, id=19336, stack(0x000000346bf00000,0x000000346c000000)]

Other Threads:
  0x0000020d69865350 VMThread "VM Thread" [stack: 0x0000003469700000,0x0000003469800000] [id=22680]
  0x0000020d46eae820 WatcherThread [stack: 0x000000346a500000,0x000000346a600000] [id=37368]
  0x0000020d46e90c80 GCTaskThread "GC Thread#0" [stack: 0x0000003469200000,0x0000003469300000] [id=34820]
  0x0000020d6fd57bb0 GCTaskThread "GC Thread#1" [stack: 0x000000346ac00000,0x000000346ad00000] [id=12500]
  0x0000020d6fdca8a0 GCTaskThread "GC Thread#2" [stack: 0x000000346ad00000,0x000000346ae00000] [id=31476]
  0x0000020d6fdcab60 GCTaskThread "GC Thread#3" [stack: 0x000000346ae00000,0x000000346af00000] [id=32800]
  0x0000020d6fd52f40 GCTaskThread "GC Thread#4" [stack: 0x000000346af00000,0x000000346b000000] [id=2208]
  0x0000020d6fd53200 GCTaskThread "GC Thread#5" [stack: 0x000000346b000000,0x000000346b100000] [id=14104]
  0x0000020d6fdc6900 GCTaskThread "GC Thread#6" [stack: 0x000000346b100000,0x000000346b200000] [id=22880]
  0x0000020d6fdc6bc0 GCTaskThread "GC Thread#7" [stack: 0x000000346b200000,0x000000346b300000] [id=5996]
  0x0000020d6fd7a910 GCTaskThread "GC Thread#8" [stack: 0x000000346b300000,0x000000346b400000] [id=22668]
  0x0000020d6fd7abd0 GCTaskThread "GC Thread#9" [stack: 0x000000346b400000,0x000000346b500000] [id=36932]
  0x0000020d46ea1790 ConcurrentGCThread "G1 Main Marker" [stack: 0x0000003469300000,0x0000003469400000] [id=31768]
  0x0000020d46ea3cb0 ConcurrentGCThread "G1 Conc#0" [stack: 0x0000003469400000,0x0000003469500000] [id=37780]
  0x0000020d6979ed40 ConcurrentGCThread "G1 Refine#0" [stack: 0x0000003469500000,0x0000003469600000] [id=29932]
  0x0000020d6feb8040 ConcurrentGCThread "G1 Refine#1" [stack: 0x000000346b500000,0x000000346b600000] [id=37828]
  0x0000020d6979f130 ConcurrentGCThread "G1 Service" [stack: 0x0000003469600000,0x0000003469700000] [id=21648]

Threads with active compile tasks:
C2 CompilerThread0    10646 1733       4       java.lang.invoke.MethodType::makeImpl (109 bytes)

VM state: not at safepoint (normal execution)

VM Mutex/Monitor currently owned by a thread: None

Heap address: 0x0000000704a00000, size: 4022 MB, Compressed Oops mode: Zero based, Oop shift amount: 3

CDS archive(s) mapped at: [0x0000020d00000000-0x0000020d00bd0000-0x0000020d00bd0000), size 12386304, SharedBaseAddress: 0x0000020d00000000, ArchiveRelocationMode: 1.
Compressed class space mapped at: 0x0000020d01000000-0x0000020d41000000, reserved size: 1073741824
Narrow klass base: 0x0000020d00000000, Narrow klass shift: 0, Narrow klass range: 0x100000000

GC Precious Log:
 CPUs: 12 total, 12 available
 Memory: 16087M
 Large Page Support: Disabled
 NUMA Support: Disabled
 Compressed Oops: Enabled (Zero based)
 Heap Region Size: 2M
 Heap Min Capacity: 8M
 Heap Initial Capacity: 252M
 Heap Max Capacity: 4022M
 Pre-touch: Disabled
 Parallel Workers: 10
 Concurrent Workers: 3
 Concurrent Refinement Workers: 10
 Periodic GC: Disabled

Heap:
 garbage-first heap   total 258048K, used 16293K [0x0000000704a00000, 0x0000000800000000)
  region size 2048K, 8 young (16384K), 2 survivors (4096K)
 Metaspace       used 14243K, committed 14528K, reserved 1114112K
  class space    used 1702K, committed 1856K, reserved 1048576K

Heap Regions: E=young(eden), S=young(survivor), O=old, HS=humongous(starts), HC=humongous(continues), CS=collection set, F=free, OA=open archive, CA=closed archive, TAMS=top-at-mark-start (previous, next)
|   0|0x0000000704a00000, 0x0000000704c00000, 0x0000000704c00000|100%| O|  |TAMS 0x0000000704a00000, 0x0000000704a00000| Untracked 
|   1|0x0000000704c00000, 0x0000000704de9600, 0x0000000704e00000| 95%| O|  |TAMS 0x0000000704c00000, 0x0000000704c00000| Untracked 
|   2|0x0000000704e00000, 0x0000000704e00000, 0x0000000705000000|  0%| F|  |TAMS 0x0000000704e00000, 0x0000000704e00000| Untracked 
|   3|0x0000000705000000, 0x0000000705000000, 0x0000000705200000|  0%| F|  |TAMS 0x0000000705000000, 0x0000000705000000| Untracked 
|   4|0x0000000705200000, 0x0000000705200000, 0x0000000705400000|  0%| F|  |TAMS 0x0000000705200000, 0x0000000705200000| Untracked 
|   5|0x0000000705400000, 0x0000000705400000, 0x0000000705600000|  0%| F|  |TAMS 0x0000000705400000, 0x0000000705400000| Untracked 
|   6|0x0000000705600000, 0x0000000705600000, 0x0000000705800000|  0%| F|  |TAMS 0x0000000705600000, 0x0000000705600000| Untracked 
|   7|0x0000000705800000, 0x0000000705800000, 0x0000000705a00000|  0%| F|  |TAMS 0x0000000705800000, 0x0000000705800000| Untracked 
|   8|0x0000000705a00000, 0x0000000705a00000, 0x0000000705c00000|  0%| F|  |TAMS 0x0000000705a00000, 0x0000000705a00000| Untracked 
|   9|0x0000000705c00000, 0x0000000705c00000, 0x0000000705e00000|  0%| F|  |TAMS 0x0000000705c00000, 0x0000000705c00000| Untracked 
|  10|0x0000000705e00000, 0x0000000705e00000, 0x0000000706000000|  0%| F|  |TAMS 0x0000000705e00000, 0x0000000705e00000| Untracked 
|  11|0x0000000706000000, 0x0000000706000000, 0x0000000706200000|  0%| F|  |TAMS 0x0000000706000000, 0x0000000706000000| Untracked 
|  12|0x0000000706200000, 0x0000000706200000, 0x0000000706400000|  0%| F|  |TAMS 0x0000000706200000, 0x0000000706200000| Untracked 
|  13|0x0000000706400000, 0x0000000706400000, 0x0000000706600000|  0%| F|  |TAMS 0x0000000706400000, 0x0000000706400000| Untracked 
|  14|0x0000000706600000, 0x0000000706600000, 0x0000000706800000|  0%| F|  |TAMS 0x0000000706600000, 0x0000000706600000| Untracked 
|  15|0x0000000706800000, 0x0000000706800000, 0x0000000706a00000|  0%| F|  |TAMS 0x0000000706800000, 0x0000000706800000| Untracked 
|  16|0x0000000706a00000, 0x0000000706a00000, 0x0000000706c00000|  0%| F|  |TAMS 0x0000000706a00000, 0x0000000706a00000| Untracked 
|  17|0x0000000706c00000, 0x0000000706c00000, 0x0000000706e00000|  0%| F|  |TAMS 0x0000000706c00000, 0x0000000706c00000| Untracked 
|  18|0x0000000706e00000, 0x0000000706e00000, 0x0000000707000000|  0%| F|  |TAMS 0x0000000706e00000, 0x0000000706e00000| Untracked 
|  19|0x0000000707000000, 0x0000000707000000, 0x0000000707200000|  0%| F|  |TAMS 0x0000000707000000, 0x0000000707000000| Untracked 
|  20|0x0000000707200000, 0x0000000707200000, 0x0000000707400000|  0%| F|  |TAMS 0x0000000707200000, 0x0000000707200000| Untracked 
|  21|0x0000000707400000, 0x0000000707400000, 0x0000000707600000|  0%| F|  |TAMS 0x0000000707400000, 0x0000000707400000| Untracked 
|  22|0x0000000707600000, 0x0000000707600000, 0x0000000707800000|  0%| F|  |TAMS 0x0000000707600000, 0x0000000707600000| Untracked 
|  23|0x0000000707800000, 0x0000000707800000, 0x0000000707a00000|  0%| F|  |TAMS 0x0000000707800000, 0x0000000707800000| Untracked 
|  24|0x0000000707a00000, 0x0000000707a00000, 0x0000000707c00000|  0%| F|  |TAMS 0x0000000707a00000, 0x0000000707a00000| Untracked 
|  25|0x0000000707c00000, 0x0000000707c00000, 0x0000000707e00000|  0%| F|  |TAMS 0x0000000707c00000, 0x0000000707c00000| Untracked 
|  26|0x0000000707e00000, 0x0000000707e00000, 0x0000000708000000|  0%| F|  |TAMS 0x0000000707e00000, 0x0000000707e00000| Untracked 
|  27|0x0000000708000000, 0x0000000708000000, 0x0000000708200000|  0%| F|  |TAMS 0x0000000708000000, 0x0000000708000000| Untracked 
|  28|0x0000000708200000, 0x0000000708200000, 0x0000000708400000|  0%| F|  |TAMS 0x0000000708200000, 0x0000000708200000| Untracked 
|  29|0x0000000708400000, 0x0000000708400000, 0x0000000708600000|  0%| F|  |TAMS 0x0000000708400000, 0x0000000708400000| Untracked 
|  30|0x0000000708600000, 0x0000000708600000, 0x0000000708800000|  0%| F|  |TAMS 0x0000000708600000, 0x0000000708600000| Untracked 
|  31|0x0000000708800000, 0x0000000708800000, 0x0000000708a00000|  0%| F|  |TAMS 0x0000000708800000, 0x0000000708800000| Untracked 
|  32|0x0000000708a00000, 0x0000000708a00000, 0x0000000708c00000|  0%| F|  |TAMS 0x0000000708a00000, 0x0000000708a00000| Untracked 
|  33|0x0000000708c00000, 0x0000000708c00000, 0x0000000708e00000|  0%| F|  |TAMS 0x0000000708c00000, 0x0000000708c00000| Untracked 
|  34|0x0000000708e00000, 0x0000000708e00000, 0x0000000709000000|  0%| F|  |TAMS 0x0000000708e00000, 0x0000000708e00000| Untracked 
|  35|0x0000000709000000, 0x0000000709000000, 0x0000000709200000|  0%| F|  |TAMS 0x0000000709000000, 0x0000000709000000| Untracked 
|  36|0x0000000709200000, 0x0000000709200000, 0x0000000709400000|  0%| F|  |TAMS 0x0000000709200000, 0x0000000709200000| Untracked 
|  37|0x0000000709400000, 0x0000000709400000, 0x0000000709600000|  0%| F|  |TAMS 0x0000000709400000, 0x0000000709400000| Untracked 
|  38|0x0000000709600000, 0x0000000709600000, 0x0000000709800000|  0%| F|  |TAMS 0x0000000709600000, 0x0000000709600000| Untracked 
|  39|0x0000000709800000, 0x0000000709800000, 0x0000000709a00000|  0%| F|  |TAMS 0x0000000709800000, 0x0000000709800000| Untracked 
|  40|0x0000000709a00000, 0x0000000709a00000, 0x0000000709c00000|  0%| F|  |TAMS 0x0000000709a00000, 0x0000000709a00000| Untracked 
|  41|0x0000000709c00000, 0x0000000709c00000, 0x0000000709e00000|  0%| F|  |TAMS 0x0000000709c00000, 0x0000000709c00000| Untracked 
|  42|0x0000000709e00000, 0x0000000709e00000, 0x000000070a000000|  0%| F|  |TAMS 0x0000000709e00000, 0x0000000709e00000| Untracked 
|  43|0x000000070a000000, 0x000000070a000000, 0x000000070a200000|  0%| F|  |TAMS 0x000000070a000000, 0x000000070a000000| Untracked 
|  44|0x000000070a200000, 0x000000070a200000, 0x000000070a400000|  0%| F|  |TAMS 0x000000070a200000, 0x000000070a200000| Untracked 
|  45|0x000000070a400000, 0x000000070a400000, 0x000000070a600000|  0%| F|  |TAMS 0x000000070a400000, 0x000000070a400000| Untracked 
|  46|0x000000070a600000, 0x000000070a600000, 0x000000070a800000|  0%| F|  |TAMS 0x000000070a600000, 0x000000070a600000| Untracked 
|  47|0x000000070a800000, 0x000000070a800000, 0x000000070aa00000|  0%| F|  |TAMS 0x000000070a800000, 0x000000070a800000| Untracked 
|  48|0x000000070aa00000, 0x000000070aa00000, 0x000000070ac00000|  0%| F|  |TAMS 0x000000070aa00000, 0x000000070aa00000| Untracked 
|  49|0x000000070ac00000, 0x000000070ac00000, 0x000000070ae00000|  0%| F|  |TAMS 0x000000070ac00000, 0x000000070ac00000| Untracked 
|  50|0x000000070ae00000, 0x000000070ae00000, 0x000000070b000000|  0%| F|  |TAMS 0x000000070ae00000, 0x000000070ae00000| Untracked 
|  51|0x000000070b000000, 0x000000070b000000, 0x000000070b200000|  0%| F|  |TAMS 0x000000070b000000, 0x000000070b000000| Untracked 
|  52|0x000000070b200000, 0x000000070b200000, 0x000000070b400000|  0%| F|  |TAMS 0x000000070b200000, 0x000000070b200000| Untracked 
|  53|0x000000070b400000, 0x000000070b400000, 0x000000070b600000|  0%| F|  |TAMS 0x000000070b400000, 0x000000070b400000| Untracked 
|  54|0x000000070b600000, 0x000000070b600000, 0x000000070b800000|  0%| F|  |TAMS 0x000000070b600000, 0x000000070b600000| Untracked 
|  55|0x000000070b800000, 0x000000070b800000, 0x000000070ba00000|  0%| F|  |TAMS 0x000000070b800000, 0x000000070b800000| Untracked 
|  56|0x000000070ba00000, 0x000000070ba00000, 0x000000070bc00000|  0%| F|  |TAMS 0x000000070ba00000, 0x000000070ba00000| Untracked 
|  57|0x000000070bc00000, 0x000000070bc00000, 0x000000070be00000|  0%| F|  |TAMS 0x000000070bc00000, 0x000000070bc00000| Untracked 
|  58|0x000000070be00000, 0x000000070be00000, 0x000000070c000000|  0%| F|  |TAMS 0x000000070be00000, 0x000000070be00000| Untracked 
|  59|0x000000070c000000, 0x000000070c000000, 0x000000070c200000|  0%| F|  |TAMS 0x000000070c000000, 0x000000070c000000| Untracked 
|  60|0x000000070c200000, 0x000000070c200000, 0x000000070c400000|  0%| F|  |TAMS 0x000000070c200000, 0x000000070c200000| Untracked 
|  61|0x000000070c400000, 0x000000070c400000, 0x000000070c600000|  0%| F|  |TAMS 0x000000070c400000, 0x000000070c400000| Untracked 
|  62|0x000000070c600000, 0x000000070c600000, 0x000000070c800000|  0%| F|  |TAMS 0x000000070c600000, 0x000000070c600000| Untracked 
|  63|0x000000070c800000, 0x000000070c800000, 0x000000070ca00000|  0%| F|  |TAMS 0x000000070c800000, 0x000000070c800000| Untracked 
|  64|0x000000070ca00000, 0x000000070ca00000, 0x000000070cc00000|  0%| F|  |TAMS 0x000000070ca00000, 0x000000070ca00000| Untracked 
|  65|0x000000070cc00000, 0x000000070cc00000, 0x000000070ce00000|  0%| F|  |TAMS 0x000000070cc00000, 0x000000070cc00000| Untracked 
|  66|0x000000070ce00000, 0x000000070ce00000, 0x000000070d000000|  0%| F|  |TAMS 0x000000070ce00000, 0x000000070ce00000| Untracked 
|  67|0x000000070d000000, 0x000000070d000000, 0x000000070d200000|  0%| F|  |TAMS 0x000000070d000000, 0x000000070d000000| Untracked 
|  68|0x000000070d200000, 0x000000070d200000, 0x000000070d400000|  0%| F|  |TAMS 0x000000070d200000, 0x000000070d200000| Untracked 
|  69|0x000000070d400000, 0x000000070d400000, 0x000000070d600000|  0%| F|  |TAMS 0x000000070d400000, 0x000000070d400000| Untracked 
|  70|0x000000070d600000, 0x000000070d600000, 0x000000070d800000|  0%| F|  |TAMS 0x000000070d600000, 0x000000070d600000| Untracked 
|  71|0x000000070d800000, 0x000000070d800000, 0x000000070da00000|  0%| F|  |TAMS 0x000000070d800000, 0x000000070d800000| Untracked 
|  72|0x000000070da00000, 0x000000070da00000, 0x000000070dc00000|  0%| F|  |TAMS 0x000000070da00000, 0x000000070da00000| Untracked 
|  73|0x000000070dc00000, 0x000000070dc00000, 0x000000070de00000|  0%| F|  |TAMS 0x000000070dc00000, 0x000000070dc00000| Untracked 
|  74|0x000000070de00000, 0x000000070de00000, 0x000000070e000000|  0%| F|  |TAMS 0x000000070de00000, 0x000000070de00000| Untracked 
|  75|0x000000070e000000, 0x000000070e000000, 0x000000070e200000|  0%| F|  |TAMS 0x000000070e000000, 0x000000070e000000| Untracked 
|  76|0x000000070e200000, 0x000000070e200000, 0x000000070e400000|  0%| F|  |TAMS 0x000000070e200000, 0x000000070e200000| Untracked 
|  77|0x000000070e400000, 0x000000070e400000, 0x000000070e600000|  0%| F|  |TAMS 0x000000070e400000, 0x000000070e400000| Untracked 
|  78|0x000000070e600000, 0x000000070e600000, 0x000000070e800000|  0%| F|  |TAMS 0x000000070e600000, 0x000000070e600000| Untracked 
|  79|0x000000070e800000, 0x000000070e800000, 0x000000070ea00000|  0%| F|  |TAMS 0x000000070e800000, 0x000000070e800000| Untracked 
|  80|0x000000070ea00000, 0x000000070ea00000, 0x000000070ec00000|  0%| F|  |TAMS 0x000000070ea00000, 0x000000070ea00000| Untracked 
|  81|0x000000070ec00000, 0x000000070ec00000, 0x000000070ee00000|  0%| F|  |TAMS 0x000000070ec00000, 0x000000070ec00000| Untracked 
|  82|0x000000070ee00000, 0x000000070ee00000, 0x000000070f000000|  0%| F|  |TAMS 0x000000070ee00000, 0x000000070ee00000| Untracked 
|  83|0x000000070f000000, 0x000000070f000000, 0x000000070f200000|  0%| F|  |TAMS 0x000000070f000000, 0x000000070f000000| Untracked 
|  84|0x000000070f200000, 0x000000070f200000, 0x000000070f400000|  0%| F|  |TAMS 0x000000070f200000, 0x000000070f200000| Untracked 
|  85|0x000000070f400000, 0x000000070f400000, 0x000000070f600000|  0%| F|  |TAMS 0x000000070f400000, 0x000000070f400000| Untracked 
|  86|0x000000070f600000, 0x000000070f600000, 0x000000070f800000|  0%| F|  |TAMS 0x000000070f600000, 0x000000070f600000| Untracked 
|  87|0x000000070f800000, 0x000000070f800000, 0x000000070fa00000|  0%| F|  |TAMS 0x000000070f800000, 0x000000070f800000| Untracked 
|  88|0x000000070fa00000, 0x000000070fa00000, 0x000000070fc00000|  0%| F|  |TAMS 0x000000070fa00000, 0x000000070fa00000| Untracked 
|  89|0x000000070fc00000, 0x000000070fc00000, 0x000000070fe00000|  0%| F|  |TAMS 0x000000070fc00000, 0x000000070fc00000| Untracked 
|  90|0x000000070fe00000, 0x000000070fe00000, 0x0000000710000000|  0%| F|  |TAMS 0x000000070fe00000, 0x000000070fe00000| Untracked 
|  91|0x0000000710000000, 0x0000000710000000, 0x0000000710200000|  0%| F|  |TAMS 0x0000000710000000, 0x0000000710000000| Untracked 
|  92|0x0000000710200000, 0x0000000710200000, 0x0000000710400000|  0%| F|  |TAMS 0x0000000710200000, 0x0000000710200000| Untracked 
|  93|0x0000000710400000, 0x0000000710400000, 0x0000000710600000|  0%| F|  |TAMS 0x0000000710400000, 0x0000000710400000| Untracked 
|  94|0x0000000710600000, 0x0000000710600000, 0x0000000710800000|  0%| F|  |TAMS 0x0000000710600000, 0x0000000710600000| Untracked 
|  95|0x0000000710800000, 0x0000000710800000, 0x0000000710a00000|  0%| F|  |TAMS 0x0000000710800000, 0x0000000710800000| Untracked 
|  96|0x0000000710a00000, 0x0000000710a00000, 0x0000000710c00000|  0%| F|  |TAMS 0x0000000710a00000, 0x0000000710a00000| Untracked 
|  97|0x0000000710c00000, 0x0000000710c00000, 0x0000000710e00000|  0%| F|  |TAMS 0x0000000710c00000, 0x0000000710c00000| Untracked 
|  98|0x0000000710e00000, 0x0000000710e00000, 0x0000000711000000|  0%| F|  |TAMS 0x0000000710e00000, 0x0000000710e00000| Untracked 
|  99|0x0000000711000000, 0x0000000711000000, 0x0000000711200000|  0%| F|  |TAMS 0x0000000711000000, 0x0000000711000000| Untracked 
| 100|0x0000000711200000, 0x0000000711200000, 0x0000000711400000|  0%| F|  |TAMS 0x0000000711200000, 0x0000000711200000| Untracked 
| 101|0x0000000711400000, 0x0000000711400000, 0x0000000711600000|  0%| F|  |TAMS 0x0000000711400000, 0x0000000711400000| Untracked 
| 102|0x0000000711600000, 0x0000000711600000, 0x0000000711800000|  0%| F|  |TAMS 0x0000000711600000, 0x0000000711600000| Untracked 
| 103|0x0000000711800000, 0x0000000711800000, 0x0000000711a00000|  0%| F|  |TAMS 0x0000000711800000, 0x0000000711800000| Untracked 
| 104|0x0000000711a00000, 0x0000000711a00000, 0x0000000711c00000|  0%| F|  |TAMS 0x0000000711a00000, 0x0000000711a00000| Untracked 
| 105|0x0000000711c00000, 0x0000000711c00000, 0x0000000711e00000|  0%| F|  |TAMS 0x0000000711c00000, 0x0000000711c00000| Untracked 
| 106|0x0000000711e00000, 0x0000000711e00000, 0x0000000712000000|  0%| F|  |TAMS 0x0000000711e00000, 0x0000000711e00000| Untracked 
| 107|0x0000000712000000, 0x0000000712000000, 0x0000000712200000|  0%| F|  |TAMS 0x0000000712000000, 0x0000000712000000| Untracked 
| 108|0x0000000712200000, 0x0000000712200000, 0x0000000712400000|  0%| F|  |TAMS 0x0000000712200000, 0x0000000712200000| Untracked 
| 109|0x0000000712400000, 0x0000000712400000, 0x0000000712600000|  0%| F|  |TAMS 0x0000000712400000, 0x0000000712400000| Untracked 
| 110|0x0000000712600000, 0x0000000712600000, 0x0000000712800000|  0%| F|  |TAMS 0x0000000712600000, 0x0000000712600000| Untracked 
| 111|0x0000000712800000, 0x0000000712800000, 0x0000000712a00000|  0%| F|  |TAMS 0x0000000712800000, 0x0000000712800000| Untracked 
| 112|0x0000000712a00000, 0x0000000712a00000, 0x0000000712c00000|  0%| F|  |TAMS 0x0000000712a00000, 0x0000000712a00000| Untracked 
| 113|0x0000000712c00000, 0x0000000712e00000, 0x0000000712e00000|100%| S|CS|TAMS 0x0000000712c00000, 0x0000000712c00000| Complete 
| 114|0x0000000712e00000, 0x0000000713000000, 0x0000000713000000|100%| S|CS|TAMS 0x0000000712e00000, 0x0000000712e00000| Complete 
| 115|0x0000000713000000, 0x0000000713000000, 0x0000000713200000|  0%| F|  |TAMS 0x0000000713000000, 0x0000000713000000| Untracked 
| 116|0x0000000713200000, 0x0000000713200000, 0x0000000713400000|  0%| F|  |TAMS 0x0000000713200000, 0x0000000713200000| Untracked 
| 117|0x0000000713400000, 0x0000000713400000, 0x0000000713600000|  0%| F|  |TAMS 0x0000000713400000, 0x0000000713400000| Untracked 
| 118|0x0000000713600000, 0x0000000713600000, 0x0000000713800000|  0%| F|  |TAMS 0x0000000713600000, 0x0000000713600000| Untracked 
| 119|0x0000000713800000, 0x0000000713800000, 0x0000000713a00000|  0%| F|  |TAMS 0x0000000713800000, 0x0000000713800000| Untracked 
| 120|0x0000000713a00000, 0x0000000713bbf610, 0x0000000713c00000| 87%| E|  |TAMS 0x0000000713a00000, 0x0000000713a00000| Complete 
| 121|0x0000000713c00000, 0x0000000713e00000, 0x0000000713e00000|100%| E|  |TAMS 0x0000000713c00000, 0x0000000713c00000| Complete 
| 122|0x0000000713e00000, 0x0000000714000000, 0x0000000714000000|100%| E|CS|TAMS 0x0000000713e00000, 0x0000000713e00000| Complete 
| 123|0x0000000714000000, 0x0000000714200000, 0x0000000714200000|100%| E|CS|TAMS 0x0000000714000000, 0x0000000714000000| Complete 
| 124|0x0000000714200000, 0x0000000714400000, 0x0000000714400000|100%| E|CS|TAMS 0x0000000714200000, 0x0000000714200000| Complete 
| 125|0x0000000714400000, 0x0000000714600000, 0x0000000714600000|100%| E|CS|TAMS 0x0000000714400000, 0x0000000714400000| Complete 

Card table byte_map: [0x0000020d5e3e0000,0x0000020d5ebc0000] _byte_map_base: 0x0000020d5abbb000

Marking Bits (Prev, Next): (CMBitMap*) 0x0000020d46e911b0, (CMBitMap*) 0x0000020d46e911f0
 Prev Bits: [0x0000020d5f3a0000, 0x0000020d63278000)
 Next Bits: [0x0000020d63280000, 0x0000020d67158000)

Polling page: 0x0000020d44bc0000

Metaspace:

Usage:
  Non-class:     12.25 MB used.
      Class:      1.66 MB used.
       Both:     13.91 MB used.

Virtual space:
  Non-class space:       64.00 MB reserved,      12.38 MB ( 19%) committed,  1 nodes.
      Class space:        1.00 GB reserved,       1.81 MB ( <1%) committed,  1 nodes.
             Both:        1.06 GB reserved,      14.19 MB (  1%) committed. 

Chunk freelists:
   Non-Class:  3.20 MB
       Class:  14.23 MB
        Both:  17.44 MB

MaxMetaspaceSize: unlimited
CompressedClassSpaceSize: 1.00 GB
Initial GC threshold: 21.00 MB
Current GC threshold: 21.00 MB
CDS: on
MetaspaceReclaimPolicy: balanced
 - commit_granule_bytes: 65536.
 - commit_granule_words: 8192.
 - virtual_space_node_default_size: 8388608.
 - enlarge_chunks_in_place: 1.
 - new_chunks_are_fully_committed: 0.
 - uncommit_free_chunks: 1.
 - use_allocation_guard: 0.
 - handle_deallocations: 1.


Internal statistics:

num_allocs_failed_limit: 0.
num_arena_births: 298.
num_arena_deaths: 0.
num_vsnodes_births: 2.
num_vsnodes_deaths: 0.
num_space_committed: 227.
num_space_uncommitted: 0.
num_chunks_returned_to_freelist: 0.
num_chunks_taken_from_freelist: 595.
num_chunk_merges: 0.
num_chunk_splits: 340.
num_chunks_enlarged: 171.
num_inconsistent_stats: 0.

CodeHeap 'non-profiled nmethods': size=120000Kb used=562Kb max_used=562Kb free=119437Kb
 bounds [0x0000020d56180000, 0x0000020d563f0000, 0x0000020d5d6b0000]
CodeHeap 'profiled nmethods': size=120000Kb used=3307Kb max_used=3307Kb free=116692Kb
 bounds [0x0000020d4e6b0000, 0x0000020d4e9f0000, 0x0000020d55be0000]
CodeHeap 'non-nmethods': size=5760Kb used=1229Kb max_used=1234Kb free=4530Kb
 bounds [0x0000020d55be0000, 0x0000020d55e50000, 0x0000020d56180000]
 total_blobs=2306 nmethods=1775 adapters=443
 compilation: enabled
              stopped_count=0, restarted_count=0
 full_count=0

Compilation events (20 events):
Event: 5.457 Thread 0x0000020d698a22a0 nmethod 1763 0x0000020d4e9dea10 code [0x0000020d4e9debc0, 0x0000020d4e9ded28]
Event: 5.457 Thread 0x0000020d698a22a0 1764   !   3       java.util.zip.ZipFile$CleanableResource::releaseInflater (53 bytes)
Event: 5.457 Thread 0x0000020d698a22a0 nmethod 1764 0x0000020d4e9dee10 code [0x0000020d4e9defe0, 0x0000020d4e9df408]
Event: 5.476 Thread 0x0000020d698a22a0 1766       3       java.util.zip.ZipEntry::<init> (84 bytes)
Event: 5.477 Thread 0x0000020d698a22a0 nmethod 1766 0x0000020d4e9df610 code [0x0000020d4e9df800, 0x0000020d4e9dfd98]
Event: 5.514 Thread 0x0000020d698a22a0 1768       3       java.io.Bits::putShort (16 bytes)
Event: 5.522 Thread 0x0000020d698a22a0 nmethod 1768 0x0000020d4e9dff90 code [0x0000020d4e9e0120, 0x0000020d4e9e0258]
Event: 5.522 Thread 0x0000020d698a22a0 1769       3       java.io.ObjectOutputStream$BlockDataOutputStream::writeShort (47 bytes)
Event: 5.526 Thread 0x0000020d698a22a0 nmethod 1769 0x0000020d4e9e0390 code [0x0000020d4e9e0540, 0x0000020d4e9e07c8]
Event: 5.526 Thread 0x0000020d698a22a0 1771  s    3       java.io.BufferedOutputStream::write (67 bytes)
Event: 5.533 Thread 0x0000020d698a22a0 nmethod 1771 0x0000020d4e9e0910 code [0x0000020d4e9e0b20, 0x0000020d4e9e1298]
Event: 5.534 Thread 0x0000020d698a22a0 1770   !   3       java.io.ObjectOutputStream::writeObject0 (620 bytes)
Event: 5.551 Thread 0x0000020d698a22a0 nmethod 1770 0x0000020d4e9e1490 code [0x0000020d4e9e1b60, 0x0000020d4e9e58f8]
Event: 5.551 Thread 0x0000020d698a22a0 1773       1       java.io.ObjectStreamClass::getPrimDataSize (5 bytes)
Event: 5.551 Thread 0x0000020d698a22a0 nmethod 1773 0x0000020d5620ba90 code [0x0000020d5620bc20, 0x0000020d5620bcf8]
Event: 5.551 Thread 0x0000020d698a22a0 1774       1       java.io.ObjectStreamClass::getNumObjFields (5 bytes)
Event: 5.551 Thread 0x0000020d698a22a0 nmethod 1774 0x0000020d5620bd90 code [0x0000020d5620bf20, 0x0000020d5620bff8]
Event: 5.551 Thread 0x0000020d698a22a0 1772       1       java.io.ObjectInputStream$BlockDataInputStream::getBlockDataMode (5 bytes)
Event: 5.552 Thread 0x0000020d698a22a0 nmethod 1772 0x0000020d5620c090 code [0x0000020d5620c220, 0x0000020d5620c2f8]
Event: 6.536 Thread 0x0000020d698a22a0 1775       3       jdk.internal.misc.Unsafe::checkPointer (19 bytes)

GC Heap History (2 events):
Event: 2.598 GC heap before
{Heap before GC invocations=0 (full 0):
 garbage-first heap   total 258048K, used 20480K [0x0000000704a00000, 0x0000000800000000)
  region size 2048K, 11 young (22528K), 0 survivors (0K)
 Metaspace       used 9553K, committed 9792K, reserved 1114112K
  class space    used 1109K, committed 1216K, reserved 1048576K
}
Event: 2.613 GC heap after
{Heap after GC invocations=1 (full 0):
 garbage-first heap   total 258048K, used 8101K [0x0000000704a00000, 0x0000000800000000)
  region size 2048K, 2 young (4096K), 2 survivors (4096K)
 Metaspace       used 9553K, committed 9792K, reserved 1114112K
  class space    used 1109K, committed 1216K, reserved 1048576K
}

Deoptimization events (20 events):
Event: 2.633 Thread 0x0000020d46e22b70 DEOPT PACKING pc=0x0000020d4e902c3e sp=0x00000034690fccb0
Event: 2.633 Thread 0x0000020d46e22b70 DEOPT UNPACKING pc=0x0000020d55c32b43 sp=0x00000034690fc130 mode 0
Event: 3.702 Thread 0x0000020d46e22b70 Uncommon trap: trap_request=0xffffffde fr.pc=0x0000020d56202834 relative=0x0000000000000114
Event: 3.702 Thread 0x0000020d46e22b70 Uncommon trap: reason=class_check action=maybe_recompile pc=0x0000020d56202834 method=jdk.internal.misc.Unsafe.allocateUninitializedArray(Ljava/lang/Class;I)Ljava/lang/Object; @ 51 c2
Event: 3.702 Thread 0x0000020d46e22b70 DEOPT PACKING pc=0x0000020d56202834 sp=0x00000034690fdd30
Event: 3.702 Thread 0x0000020d46e22b70 DEOPT UNPACKING pc=0x0000020d55c323a3 sp=0x00000034690fdcb8 mode 2
Event: 3.702 Thread 0x0000020d46e22b70 Uncommon trap: trap_request=0xffffffde fr.pc=0x0000020d56202834 relative=0x0000000000000114
Event: 3.702 Thread 0x0000020d46e22b70 Uncommon trap: reason=class_check action=maybe_recompile pc=0x0000020d56202834 method=jdk.internal.misc.Unsafe.allocateUninitializedArray(Ljava/lang/Class;I)Ljava/lang/Object; @ 51 c2
Event: 3.702 Thread 0x0000020d46e22b70 DEOPT PACKING pc=0x0000020d56202834 sp=0x00000034690fdcc0
Event: 3.702 Thread 0x0000020d46e22b70 DEOPT UNPACKING pc=0x0000020d55c323a3 sp=0x00000034690fdc48 mode 2
Event: 3.702 Thread 0x0000020d46e22b70 Uncommon trap: trap_request=0xffffffde fr.pc=0x0000020d56202834 relative=0x0000000000000114
Event: 3.702 Thread 0x0000020d46e22b70 Uncommon trap: reason=class_check action=maybe_recompile pc=0x0000020d56202834 method=jdk.internal.misc.Unsafe.allocateUninitializedArray(Ljava/lang/Class;I)Ljava/lang/Object; @ 51 c2
Event: 3.702 Thread 0x0000020d46e22b70 DEOPT PACKING pc=0x0000020d56202834 sp=0x00000034690fdc20
Event: 3.702 Thread 0x0000020d46e22b70 DEOPT UNPACKING pc=0x0000020d55c323a3 sp=0x00000034690fdba8 mode 2
Event: 3.702 Thread 0x0000020d46e22b70 Uncommon trap: trap_request=0xffffffde fr.pc=0x0000020d56202834 relative=0x0000000000000114
Event: 3.702 Thread 0x0000020d46e22b70 Uncommon trap: reason=class_check action=maybe_recompile pc=0x0000020d56202834 method=jdk.internal.misc.Unsafe.allocateUninitializedArray(Ljava/lang/Class;I)Ljava/lang/Object; @ 51 c2
Event: 3.702 Thread 0x0000020d46e22b70 DEOPT PACKING pc=0x0000020d56202834 sp=0x00000034690fdc70
Event: 3.702 Thread 0x0000020d46e22b70 DEOPT UNPACKING pc=0x0000020d55c323a3 sp=0x00000034690fdbf8 mode 2
Event: 5.509 Thread 0x0000020d6f63a130 DEOPT PACKING pc=0x0000020d4e93481e sp=0x000000346bbfd080
Event: 5.509 Thread 0x0000020d6f63a130 DEOPT UNPACKING pc=0x0000020d55c32b43 sp=0x000000346bbfc590 mode 0

Classes unloaded (0 events):
No events

Classes redefined (0 events):
No events

Internal exceptions (20 events):
Event: 2.859 Thread 0x0000020d46e22b70 Exception <a 'java/lang/NoSuchMethodError'{0x00000007143a5268}: 'java.lang.Object java.lang.invoke.DirectMethodHandle$Holder.invokeInterface(java.lang.Object, java.lang.Object, java.lang.Object)'> (0x00000007143a5268) 
thrown [s\open\src\hotspot\share\interpreter\linkResolver.cpp, line 759]
Event: 2.859 Thread 0x0000020d46e22b70 Exception <a 'java/lang/IncompatibleClassChangeError'{0x00000007143a8bf0}: Found class java.lang.Object, but interface was expected> (0x00000007143a8bf0) 
thrown [s\open\src\hotspot\share\interpreter\linkResolver.cpp, line 826]
Event: 2.863 Thread 0x0000020d46e22b70 Exception <a 'java/lang/NoSuchMethodError'{0x00000007143b0f78}: 'int java.lang.invoke.DirectMethodHandle$Holder.invokeSpecialIFC(java.lang.Object, java.lang.Object, java.lang.Object, java.lang.Object)'> (0x00000007143b0f78) 
thrown [s\open\src\hotspot\share\interpreter\linkResolver.cpp, line 759]
Event: 2.871 Thread 0x0000020d46e22b70 Exception <a 'java/lang/NoSuchMethodError'{0x00000007143d65d8}: 'java.lang.Object java.lang.invoke.DirectMethodHandle$Holder.invokeVirtual(java.lang.Object, java.lang.Object, java.lang.Object, java.lang.Object)'> (0x00000007143d65d8) 
thrown [s\open\src\hotspot\share\interpreter\linkResolver.cpp, line 759]
Event: 3.468 Thread 0x0000020d6f6373a0 Exception <a 'java/net/ConnectException'{0x00000007140c8368}: Connection refused: no further information> (0x00000007140c8368) 
thrown [s\open\src\hotspot\share\prims\jni.cpp, line 535]
Event: 3.468 Thread 0x0000020d6f6373a0 Exception <a 'java/net/SocketException'{0x00000007140c86a0}: Socket is not connected: shutdown> (0x00000007140c86a0) 
thrown [s\open\src\hotspot\share\prims\jni.cpp, line 535]
Event: 3.492 Thread 0x0000020d6f6373a0 Exception <a 'java/net/ConnectException'{0x00000007140c9618}: Connection refused: no further information> (0x00000007140c9618) 
thrown [s\open\src\hotspot\share\prims\jni.cpp, line 535]
Event: 3.492 Thread 0x0000020d6f6373a0 Exception <a 'java/net/SocketException'{0x00000007140c9950}: Socket is not connected: shutdown> (0x00000007140c9950) 
thrown [s\open\src\hotspot\share\prims\jni.cpp, line 535]
Event: 3.523 Thread 0x0000020d6f6373a0 Exception <a 'java/net/ConnectException'{0x00000007140ca7f8}: Connection refused: no further information> (0x00000007140ca7f8) 
thrown [s\open\src\hotspot\share\prims\jni.cpp, line 535]
Event: 3.523 Thread 0x0000020d6f6373a0 Exception <a 'java/net/SocketException'{0x00000007140cab30}: Socket is not connected: shutdown> (0x00000007140cab30) 
thrown [s\open\src\hotspot\share\prims\jni.cpp, line 535]
Event: 3.570 Thread 0x0000020d6f6373a0 Exception <a 'java/net/ConnectException'{0x00000007140cb9d8}: Connection refused: no further information> (0x00000007140cb9d8) 
thrown [s\open\src\hotspot\share\prims\jni.cpp, line 535]
Event: 3.570 Thread 0x0000020d6f6373a0 Exception <a 'java/net/SocketException'{0x00000007140cbd10}: Socket is not connected: shutdown> (0x00000007140cbd10) 
thrown [s\open\src\hotspot\share\prims\jni.cpp, line 535]
Event: 3.708 Thread 0x0000020d46e22b70 Exception <a 'java/lang/NoSuchMethodError'{0x0000000714176870}: 'java.lang.Object java.lang.invoke.DirectMethodHandle$Holder.newInvokeSpecial(java.lang.Object, java.lang.Object, int, int)'> (0x0000000714176870) 
thrown [s\open\src\hotspot\share\interpreter\linkResolver.cpp, line 759]
Event: 3.710 Thread 0x0000020d46e22b70 Exception <a 'java/lang/NoSuchMethodError'{0x0000000714181358}: 'void java.lang.invoke.DirectMethodHandle$Holder.invokeStatic(java.lang.Object, java.lang.Object, int)'> (0x0000000714181358) 
thrown [s\open\src\hotspot\share\interpreter\linkResolver.cpp, line 759]
Event: 3.747 Thread 0x0000020d6f63a130 Exception <a 'java/lang/NoSuchMethodError'{0x0000000713e90d00}: 'java.lang.Object java.lang.invoke.DirectMethodHandle$Holder.newInvokeSpecial(java.lang.Object, java.lang.Object, java.lang.Object, java.lang.Object, java.lang.Object)'> (0x0000000713e90d00) 
thrown [s\open\src\hotspot\share\interpreter\linkResolver.cpp, line 759]
Event: 3.784 Thread 0x0000020d6f63a130 Exception <a 'java/lang/NoSuchMethodError'{0x0000000713efaf78}: 'java.lang.Object java.lang.invoke.DirectMethodHandle$Holder.invokeSpecial(java.lang.Object, java.lang.Object, java.lang.Object, java.lang.Object, int)'> (0x0000000713efaf78) 
thrown [s\open\src\hotspot\share\interpreter\linkResolver.cpp, line 759]
Event: 3.784 Thread 0x0000020d6f63a130 Exception <a 'java/lang/NoSuchMethodError'{0x0000000713efeb40}: 'java.lang.Object java.lang.invoke.Invokers$Holder.linkToTargetMethod(java.lang.Object, java.lang.Object, int, java.lang.Object)'> (0x0000000713efeb40) 
thrown [s\open\src\hotspot\share\interpreter\linkResolver.cpp, line 759]
Event: 3.799 Thread 0x0000020d6f63a130 Exception <a 'java/lang/NoSuchMethodError'{0x0000000713f22500}: 'void java.lang.invoke.DirectMethodHandle$Holder.invokeSpecial(java.lang.Object, java.lang.Object, java.lang.Object)'> (0x0000000713f22500) 
thrown [s\open\src\hotspot\share\interpreter\linkResolver.cpp, line 759]
Event: 3.813 Thread 0x0000020d6f63a130 Exception <a 'java/lang/NoSuchMethodError'{0x0000000713f55538}: 'void java.lang.invoke.DirectMethodHandle$Holder.invokeSpecial(java.lang.Object, java.lang.Object, java.lang.Object, java.lang.Object, java.lang.Object)'> (0x0000000713f55538) 
thrown [s\open\src\hotspot\share\interpreter\linkResolver.cpp, line 759]
Event: 5.164 Thread 0x0000020d70269900 Exception <a 'java/lang/NoSuchMethodError'{0x0000000713c4d170}: 'void java.lang.invoke.DirectMethodHandle$Holder.invokeSpecial(java.lang.Object, java.lang.Object, java.lang.Object, java.lang.Object, java.lang.Object, java.lang.Object, java.lang.Object)'> (0x0000000713c4d170) 
thrown [s\open\src\hotspot\share\interpreter\linkResolver.cpp, line 759]

VM Operations (20 events):
Event: 1.950 Executing VM operation: HandshakeAllThreads
Event: 1.950 Executing VM operation: HandshakeAllThreads done
Event: 2.344 Executing VM operation: HandshakeAllThreads
Event: 2.345 Executing VM operation: HandshakeAllThreads done
Event: 2.345 Executing VM operation: Cleanup
Event: 2.345 Executing VM operation: Cleanup done
Event: 2.598 Executing VM operation: G1CollectForAllocation
Event: 2.614 Executing VM operation: G1CollectForAllocation done
Event: 2.688 Executing VM operation: HandshakeAllThreads
Event: 2.688 Executing VM operation: HandshakeAllThreads done
Event: 3.667 Executing VM operation: HandshakeAllThreads
Event: 3.667 Executing VM operation: HandshakeAllThreads done
Event: 3.667 Executing VM operation: Cleanup
Event: 3.667 Executing VM operation: Cleanup done
Event: 3.670 Executing VM operation: HandshakeAllThreads
Event: 3.670 Executing VM operation: HandshakeAllThreads done
Event: 4.671 Executing VM operation: Cleanup
Event: 4.672 Executing VM operation: Cleanup done
Event: 5.681 Executing VM operation: Cleanup
Event: 5.681 Executing VM operation: Cleanup done

Events (20 events):
Event: 5.101 loading class java/util/stream/ReferencePipeline$5
Event: 5.102 loading class java/util/stream/LongPipeline$StatelessOp
Event: 5.102 loading class java/util/stream/LongPipeline
Event: 5.103 loading class java/util/stream/LongStream
Event: 5.104 loading class java/util/stream/LongStream done
Event: 5.105 loading class java/util/stream/LongPipeline done
Event: 5.106 loading class java/util/stream/LongPipeline$StatelessOp done
Event: 5.106 loading class java/util/stream/ReferencePipeline$5 done
Event: 5.107 loading class java/util/stream/FindOps$FindSink$OfLong
Event: 5.108 loading class java/util/stream/Sink$OfLong
Event: 5.110 loading class java/util/stream/Sink$OfLong done
Event: 5.111 loading class java/util/stream/FindOps$FindSink$OfLong done
Event: 5.114 loading class java/util/OptionalLong
Event: 5.115 loading class java/util/OptionalLong done
Event: 5.128 loading class java/util/stream/ReferencePipeline$5$1
Event: 5.128 loading class java/util/stream/ReferencePipeline$5$1 done
Event: 5.175 loading class java/util/concurrent/CompletableFuture$MinimalStage
Event: 5.176 loading class java/util/concurrent/CompletableFuture$MinimalStage done
Event: 5.458 loading class java/util/DualPivotQuicksort
Event: 5.459 loading class java/util/DualPivotQuicksort done


Dynamic libraries:
0x00007ff724d30000 - 0x00007ff724d40000 	C:\Program Files\Java\jdk-17\bin\java.exe
0x00007ffa49c00000 - 0x00007ffa49e67000 	C:\WINDOWS\SYSTEM32\ntdll.dll
0x00007ffa49040000 - 0x00007ffa49109000 	C:\WINDOWS\System32\KERNEL32.DLL
0x00007ffa46d40000 - 0x00007ffa47134000 	C:\WINDOWS\System32\KERNELBASE.dll
0x00007ffa47840000 - 0x00007ffa4798b000 	C:\WINDOWS\System32\ucrtbase.dll
0x00007ffa31df0000 - 0x00007ffa31e09000 	C:\Program Files\Java\jdk-17\bin\jli.dll
0x00007ffa47990000 - 0x00007ffa47a46000 	C:\WINDOWS\System32\ADVAPI32.dll
0x00007ffa48e90000 - 0x00007ffa48f39000 	C:\WINDOWS\System32\msvcrt.dll
0x00007ffa48d50000 - 0x00007ffa48df7000 	C:\WINDOWS\System32\sechost.dll
0x00007ffa49500000 - 0x00007ffa49618000 	C:\WINDOWS\System32\RPCRT4.dll
0x00007ffa47fa0000 - 0x00007ffa48165000 	C:\WINDOWS\System32\USER32.dll
0x00007ffa47280000 - 0x00007ffa472a7000 	C:\WINDOWS\System32\win32u.dll
0x00007ffa47ae0000 - 0x00007ffa47b0b000 	C:\WINDOWS\System32\GDI32.dll
0x00007ffa472b0000 - 0x00007ffa473db000 	C:\WINDOWS\System32\gdi32full.dll
0x00007ffa47790000 - 0x00007ffa47833000 	C:\WINDOWS\System32\msvcp_win.dll
0x00007ffa30bf0000 - 0x00007ffa30c0b000 	C:\Program Files\Java\jdk-17\bin\VCRUNTIME140.dll
0x00007ffa30880000 - 0x00007ffa30b13000 	C:\WINDOWS\WinSxS\amd64_microsoft.windows.common-controls_6595b64144ccf1df_6.0.26100.8115_none_3e075c82e3354f9c\COMCTL32.dll
0x00007ffa3f510000 - 0x00007ffa3f51b000 	C:\WINDOWS\SYSTEM32\VERSION.dll
0x00007ffa49b80000 - 0x00007ffa49bb2000 	C:\WINDOWS\System32\IMM32.DLL
0x00007ffa2a130000 - 0x00007ffa2a28c000 	C:\Program Files (x86)\Citrix\ICA Client\ctxapclient64.dll
0x00007ffa496a0000 - 0x00007ffa49a22000 	C:\WINDOWS\System32\combase.dll
0x00007ffa463c0000 - 0x00007ffa463ea000 	C:\WINDOWS\SYSTEM32\bcrypt.dll
0x00007ffa454a0000 - 0x00007ffa454d6000 	C:\WINDOWS\SYSTEM32\ntmarta.dll
0x0000020d46510000 - 0x0000020d465b5000 	C:\WINDOWS\System32\bcryptprimitives.dll
0x00007ffa31de0000 - 0x00007ffa31dec000 	C:\Program Files\Java\jdk-17\bin\vcruntime140_1.dll
0x00007ffa150d0000 - 0x00007ffa1515e000 	C:\Program Files\Java\jdk-17\bin\msvcp140.dll
0x00007ff9da250000 - 0x00007ff9dae30000 	C:\Program Files\Java\jdk-17\bin\server\jvm.dll
0x00007ffa48b60000 - 0x00007ffa48b68000 	C:\WINDOWS\System32\PSAPI.DLL
0x00007ffa42090000 - 0x00007ffa4209a000 	C:\WINDOWS\SYSTEM32\WSOCK32.dll
0x00007ffa48a10000 - 0x00007ffa48a90000 	C:\WINDOWS\System32\WS2_32.dll
0x00007ffa388d0000 - 0x00007ffa38906000 	C:\WINDOWS\SYSTEM32\WINMM.dll
0x00007ffa45360000 - 0x00007ffa4537b000 	C:\WINDOWS\SYSTEM32\kernel.appcore.dll
0x00007ffa315e0000 - 0x00007ffa315ea000 	C:\Program Files\Java\jdk-17\bin\jimage.dll
0x00007ffa44360000 - 0x00007ffa445a2000 	C:\WINDOWS\SYSTEM32\DBGHELP.DLL
0x00007ffa492b0000 - 0x00007ffa49388000 	C:\WINDOWS\System32\OLEAUT32.dll
0x00007ffa07630000 - 0x00007ffa0766b000 	C:\WINDOWS\SYSTEM32\dbgcore.DLL
0x00007ffa35c10000 - 0x00007ffa35c1e000 	C:\Program Files\Java\jdk-17\bin\instrument.dll
0x00007ffa1f5b0000 - 0x00007ffa1f5d5000 	C:\Program Files\Java\jdk-17\bin\java.dll
0x00007ffa08b50000 - 0x00007ffa08c27000 	C:\Program Files\Java\jdk-17\bin\jsvml.dll
0x0000020d6a220000 - 0x0000020d6a987000 	C:\WINDOWS\System32\SHELL32.dll
0x0000020d6a990000 - 0x0000020d6aafa000 	C:\WINDOWS\System32\wintypes.dll
0x00007ffa464d0000 - 0x00007ffa46d38000 	C:\WINDOWS\System32\windows.storage.dll
0x0000020d6ab00000 - 0x0000020d6abf8000 	C:\WINDOWS\System32\SHCORE.dll
0x00007ffa49b10000 - 0x00007ffa49b76000 	C:\WINDOWS\System32\shlwapi.dll
0x00007ffa463f0000 - 0x00007ffa46419000 	C:\WINDOWS\SYSTEM32\profapi.dll
0x00007ffa2b670000 - 0x00007ffa2b688000 	C:\Program Files\Java\jdk-17\bin\zip.dll
0x00007ffa35bb0000 - 0x00007ffa35bc9000 	C:\Program Files\Java\jdk-17\bin\net.dll
0x00007ffa3f190000 - 0x00007ffa3f2bd000 	C:\WINDOWS\SYSTEM32\WINHTTP.dll
0x00007ffa458f0000 - 0x00007ffa4595c000 	C:\WINDOWS\system32\mswsock.dll
0x00007ffa2c370000 - 0x00007ffa2c386000 	C:\Program Files\Java\jdk-17\bin\nio.dll
0x00007ffa44d00000 - 0x00007ffa44e32000 	C:\WINDOWS\SYSTEM32\DNSAPI.dll
0x00007ffa44c10000 - 0x00007ffa44c42000 	C:\WINDOWS\SYSTEM32\IPHLPAPI.DLL
0x00007ffa494f0000 - 0x00007ffa494fa000 	C:\WINDOWS\System32\NSI.dll
0x00007ffa3f500000 - 0x00007ffa3f50b000 	C:\Windows\System32\rasadhlp.dll
0x00007ffa3bbc0000 - 0x00007ffa3bc46000 	C:\WINDOWS\System32\fwpuclnt.dll
0x00007ffa30830000 - 0x00007ffa3083a000 	C:\Program Files\Java\jdk-17\bin\management.dll
0x00007ffa2b650000 - 0x00007ffa2b65b000 	C:\Program Files\Java\jdk-17\bin\management_ext.dll
0x00007ffa45bd0000 - 0x00007ffa45beb000 	C:\WINDOWS\SYSTEM32\CRYPTSP.dll
0x00007ffa452b0000 - 0x00007ffa452e9000 	C:\WINDOWS\system32\rsaenh.dll
0x00007ffa459a0000 - 0x00007ffa459d3000 	C:\WINDOWS\SYSTEM32\USERENV.dll
0x00007ffa45bf0000 - 0x00007ffa45bfc000 	C:\WINDOWS\SYSTEM32\CRYPTBASE.dll
0x00007ffa3f520000 - 0x00007ffa3f53d000 	C:\WINDOWS\SYSTEM32\dhcpcsvc6.DLL
0x00007ffa3cbc0000 - 0x00007ffa3cbe5000 	C:\WINDOWS\SYSTEM32\dhcpcsvc.DLL
0x00007ffa41b00000 - 0x00007ffa41b18000 	C:\WINDOWS\system32\napinsp.dll
0x00007ffa072d0000 - 0x00007ffa072e3000 	C:\WINDOWS\System32\winrnr.dll
0x00007ffa056c0000 - 0x00007ffa056e2000 	C:\WINDOWS\system32\nlansp_c.dll
0x00007ff9fd6f0000 - 0x00007ff9fd706000 	C:\WINDOWS\system32\wshbth.dll
0x00007ffa2c450000 - 0x00007ffa2c4a6000 	C:\WINDOWS\SYSTEM32\pdh.dll
0x00007ffa35ba0000 - 0x00007ffa35bae000 	C:\Program Files\Java\jdk-17\bin\sunmscapi.dll
0x00007ffa47610000 - 0x00007ffa47787000 	C:\WINDOWS\System32\CRYPT32.dll
0x00007ffa45df0000 - 0x00007ffa45e20000 	C:\WINDOWS\SYSTEM32\ncrypt.dll
0x00007ffa45da0000 - 0x00007ffa45ddf000 	C:\WINDOWS\SYSTEM32\NTASN1.dll
0x00007ffa2b1c0000 - 0x00007ffa2b1c8000 	C:\WINDOWS\system32\wshunix.dll
0x00007ffa1e640000 - 0x00007ffa1e652000 	C:\WINDOWS\System32\perfproc.dll
0x00007ffa030b0000 - 0x00007ffa030c1000 	C:\WINDOWS\System32\perfos.dll
0x00007ffa43aa0000 - 0x00007ffa43ab2000 	C:\WINDOWS\SYSTEM32\pfclient.dll

dbghelp: loaded successfully - version: 4.0.5 - missing functions: none
symbol engine: initialized successfully - sym options: 0x614 - pdb path: .;C:\Program Files\Java\jdk-17\bin;C:\WINDOWS\SYSTEM32;C:\WINDOWS\WinSxS\amd64_microsoft.windows.common-controls_6595b64144ccf1df_6.0.26100.8115_none_3e075c82e3354f9c;C:\Program Files (x86)\Citrix\ICA Client;C:\Program Files\Java\jdk-17\bin\server

VM Arguments:
jvm_args: -javaagent:C:\IntelliJ IDEA 2026.1.1\lib\idea_rt.jar=56267 -Dfile.encoding=UTF-8 
java_command: com.runner.TestRunner
java_class_path (initial): C:\Users\EG\IdeaProjects\MavenProject\target\test-classes;C:\Users\EG\IdeaProjects\MavenProject\target\classes;C:\Users\EG\.m2\repository\org\seleniumhq\selenium\selenium-java\4.40.0\selenium-java-4.40.0.jar;C:\Users\EG\.m2\repository\org\seleniumhq\selenium\selenium-api\4.40.0\selenium-api-4.40.0.jar;C:\Users\EG\.m2\repository\org\jspecify\jspecify\1.0.0\jspecify-1.0.0.jar;C:\Users\EG\.m2\repository\org\seleniumhq\selenium\selenium-chrome-driver\4.40.0\selenium-chrome-driver-4.40.0.jar;C:\Users\EG\.m2\repository\com\google\auto\service\auto-service-annotations\1.1.1\auto-service-annotations-1.1.1.jar;C:\Users\EG\.m2\repository\org\seleniumhq\selenium\selenium-chromium-driver\4.40.0\selenium-chromium-driver-4.40.0.jar;C:\Users\EG\.m2\repository\org\seleniumhq\selenium\selenium-json\4.40.0\selenium-json-4.40.0.jar;C:\Users\EG\.m2\repository\org\seleniumhq\selenium\selenium-manager\4.40.0\selenium-manager-4.40.0.jar;C:\Users\EG\.m2\repository\org\seleniumhq\selenium\selenium-devtools-v142\4.40.0\selenium-devtools-v142-4.40.0.jar;C:\Users\EG\.m2\repository\org\seleniumhq\selenium\selenium-devtools-v143\4.40.0\selenium-devtools-v143-4.40.0.jar;C:\Users\EG\.m2\repository\org\seleniumhq\selenium\selenium-devtools-v144\4.40.0\selenium-devtools-v144-4.40.0.jar;C:\Users\EG\.m2\repository\org\seleniumhq\selenium\selenium-edge-driver\4.40.0\selenium-edge-driver-4.40.0.jar;C:\Users\EG\.m2\repository\org\seleniumhq\selenium\selenium-firefox-driver\4.40.0\selenium-firefox-driver-4.40.0.jar;C:\Users\EG\.m2\repository\org\seleniumhq\selenium\selenium-http\4.40.0\selenium-http-4.40.0.jar;C:\Users\EG\.m2\repository\org\seleniumhq\selenium\selenium-ie-driver\4.40.0\selenium-ie-driver-4.40.0.jar;C:\Users\EG\.m2\repository\org\seleniumhq\selenium\selenium-remote-driver\4.40.0\selenium-remote-driver-4.40.0.jar;C:\Users\EG\.m2\repository\com\google\guava\guava\33.5.0-jre\guava-33.5.0-jre.jar;C:\Users\EG\.m2\repository\com\google\guava\failureaccess\1.0.3\failu
Launcher Type: SUN_STANDARD

[Global flags]
     intx CICompilerCount                          = 4                                         {product} {ergonomic}
     uint ConcGCThreads                            = 3                                         {product} {ergonomic}
     uint G1ConcRefinementThreads                  = 10                                        {product} {ergonomic}
   size_t G1HeapRegionSize                         = 2097152                                   {product} {ergonomic}
    uintx GCDrainStackTargetSize                   = 64                                        {product} {ergonomic}
   size_t InitialHeapSize                          = 264241152                                 {product} {ergonomic}
   size_t MarkStackSize                            = 4194304                                   {product} {ergonomic}
   size_t MaxHeapSize                              = 4217372672                                {product} {ergonomic}
   size_t MaxNewSize                               = 2529165312                                {product} {ergonomic}
   size_t MinHeapDeltaBytes                        = 2097152                                   {product} {ergonomic}
   size_t MinHeapSize                              = 8388608                                   {product} {ergonomic}
    uintx NonNMethodCodeHeapSize                   = 5839372                                {pd product} {ergonomic}
    uintx NonProfiledCodeHeapSize                  = 122909434                              {pd product} {ergonomic}
    uintx ProfiledCodeHeapSize                     = 122909434                              {pd product} {ergonomic}
    uintx ReservedCodeCacheSize                    = 251658240                              {pd product} {ergonomic}
     bool SegmentedCodeCache                       = true                                      {product} {ergonomic}
   size_t SoftMaxHeapSize                          = 4217372672                             {manageable} {ergonomic}
     bool UseCompressedClassPointers               = true                           {product lp64_product} {ergonomic}
     bool UseCompressedOops                        = true                           {product lp64_product} {ergonomic}
     bool UseG1GC                                  = true                                      {product} {ergonomic}
     bool UseLargePagesIndividualAllocation        = false                                  {pd product} {ergonomic}

Logging:
Log output configuration:
 #0: stdout all=warning uptime,level,tags
 #1: stderr all=off uptime,level,tags

Environment Variables:
PATH=C:\Program Files\Common Files\Oracle\Java\javapath;C:\Program Files (x86)\Common Files\Oracle\Java\javapath;C:\Windows\system32;C:\Windows;C:\Windows\System32\Wbem;C:\Windows\System32\WindowsPowerShell\v1.0\;C:\Windows\System32\OpenSSH\;C:\Program Files (x86)\NVIDIA Corporation\PhysX\Common;C:\Program Files\NVIDIA Corporation\NVIDIA NvDLISR;C:\WINDOWS\system32;C:\WINDOWS;C:\WINDOWS\System32\Wbem;C:\WINDOWS\System32\WindowsPowerShell\v1.0\;C:\WINDOWS\System32\OpenSSH\;C:\Users\EG\AppData\Local\Microsoft\WindowsApps;
USERNAME=EG
OS=Windows_NT
PROCESSOR_IDENTIFIER=Intel64 Family 6 Model 186 Stepping 2, GenuineIntel



---------------  S Y S T E M  ---------------

OS:
 Windows 11 , 64 bit Build 26100 (10.0.26100.8246)
OS uptime: 2 days 11:34 hours
Hyper-V role detected

CPU: total 12 (initial active 12) (6 cores per cpu, 2 threads per core) family 6 model 186 stepping 2 microcode 0x5103, cx8, cmov, fxsr, ht, mmx, 3dnowpref, sse, sse2, sse3, ssse3, sse4.1, sse4.2, popcnt, lzcnt, tsc, tscinvbit, avx, avx2, aes, erms, clmul, bmi1, bmi2, adx, sha, fma, vzeroupper, clflush, clflushopt, clwb, hv

Memory: 4k page, system-wide physical 16087M (3175M free)
TotalPageFile size 18803M (AvailPageFile size 10M)
current process WorkingSet (physical memory assigned to process): 114M, peak: 115M
current process commit charge ("private bytes"): 386M, peak: 389M

vm_info: Java HotSpot(TM) 64-Bit Server VM (17.0.11+7-LTS-207) for windows-amd64 JRE (17.0.11+7-LTS-207), built on Mar 11 2024 19:01:50 by "mach5one" with MS VC++ 17.6 (VS2022)

END.
